Archive member included to satisfy reference by file (symbol)

a:/7.0/toolchain/arm/arm-gnu-toolchain/bin/../lib/gcc/arm-none-eabi/5.3.1/armv6-m\libgcc.a(_udivsi3.o)
                              src/ASF/sam0/drivers/sercom/i2c/i2c_sam0/i2c_master.o (__aeabi_uidiv)
a:/7.0/toolchain/arm/arm-gnu-toolchain/bin/../lib/gcc/arm-none-eabi/5.3.1/armv6-m\libgcc.a(_divsi3.o)
                              src/pwm.o (__aeabi_idivmod)
a:/7.0/toolchain/arm/arm-gnu-toolchain/bin/../lib/gcc/arm-none-eabi/5.3.1/armv6-m\libgcc.a(_dvmd_tls.o)
                              a:/7.0/toolchain/arm/arm-gnu-toolchain/bin/../lib/gcc/arm-none-eabi/5.3.1/armv6-m\libgcc.a(_udivsi3.o) (__aeabi_idiv0)
a:/7.0/toolchain/arm/arm-gnu-toolchain/bin/../lib/gcc/arm-none-eabi/5.3.1/armv6-m\libgcc.a(_aeabi_uldivmod.o)
                              src/DS18B20.o (__aeabi_uldivmod)
a:/7.0/toolchain/arm/arm-gnu-toolchain/bin/../lib/gcc/arm-none-eabi/5.3.1/armv6-m\libgcc.a(_muldi3.o)
                              src/ASF/sam0/drivers/sercom/sercom.o (__aeabi_lmul)
a:/7.0/toolchain/arm/arm-gnu-toolchain/bin/../lib/gcc/arm-none-eabi/5.3.1/armv6-m\libgcc.a(_udivmoddi4.o)
                              a:/7.0/toolchain/arm/arm-gnu-toolchain/bin/../lib/gcc/arm-none-eabi/5.3.1/armv6-m\libgcc.a(_aeabi_uldivmod.o) (__udivmoddi4)
a:/7.0/toolchain/arm/arm-gnu-toolchain/bin/../lib/gcc/arm-none-eabi/5.3.1/armv6-m\libgcc.a(adddf3.o)
                              src/ASF/sam0/drivers/sercom/i2c/i2c_sam0/i2c_master.o (__aeabi_dadd)
a:/7.0/toolchain/arm/arm-gnu-toolchain/bin/../lib/gcc/arm-none-eabi/5.3.1/armv6-m\libgcc.a(divdf3.o)
                              src/ASF/sam0/drivers/sercom/i2c/i2c_sam0/i2c_master.o (__aeabi_ddiv)
a:/7.0/toolchain/arm/arm-gnu-toolchain/bin/../lib/gcc/arm-none-eabi/5.3.1/armv6-m\libgcc.a(muldf3.o)
                              src/algo.o (__aeabi_dmul)
a:/7.0/toolchain/arm/arm-gnu-toolchain/bin/../lib/gcc/arm-none-eabi/5.3.1/armv6-m\libgcc.a(subdf3.o)
                              src/ASF/sam0/drivers/sercom/i2c/i2c_sam0/i2c_master.o (__aeabi_dsub)
a:/7.0/toolchain/arm/arm-gnu-toolchain/bin/../lib/gcc/arm-none-eabi/5.3.1/armv6-m\libgcc.a(fixdfsi.o)
                              src/algo.o (__aeabi_d2iz)
a:/7.0/toolchain/arm/arm-gnu-toolchain/bin/../lib/gcc/arm-none-eabi/5.3.1/armv6-m\libgcc.a(floatsidf.o)
                              src/algo.o (__aeabi_i2d)
a:/7.0/toolchain/arm/arm-gnu-toolchain/bin/../lib/gcc/arm-none-eabi/5.3.1/armv6-m\libgcc.a(floatunsidf.o)
                              src/ASF/sam0/drivers/sercom/i2c/i2c_sam0/i2c_master.o (__aeabi_ui2d)
a:/7.0/toolchain/arm/arm-gnu-toolchain/bin/../lib/gcc/arm-none-eabi/5.3.1/armv6-m\libgcc.a(_clzsi2.o)
                              a:/7.0/toolchain/arm/arm-gnu-toolchain/bin/../lib/gcc/arm-none-eabi/5.3.1/armv6-m\libgcc.a(adddf3.o) (__clzsi2)
a:/7.0/toolchain/arm/arm-gnu-toolchain/bin/../lib/gcc/arm-none-eabi/5.3.1/armv6-m\libgcc.a(_clzdi2.o)
                              a:/7.0/toolchain/arm/arm-gnu-toolchain/bin/../lib/gcc/arm-none-eabi/5.3.1/armv6-m\libgcc.a(_udivmoddi4.o) (__clzdi2)
a:/7.0/toolchain/arm/arm-gnu-toolchain/bin/../lib/gcc/arm-none-eabi/5.3.1/../../../../arm-none-eabi/lib/armv6-m\libc_nano.a(lib_a-exit.o)
                              a:/7.0/toolchain/arm/arm-gnu-toolchain/bin/../lib/gcc/arm-none-eabi/5.3.1/../../../../arm-none-eabi/lib/armv6-m/crt0.o (exit)
a:/7.0/toolchain/arm/arm-gnu-toolchain/bin/../lib/gcc/arm-none-eabi/5.3.1/../../../../arm-none-eabi/lib/armv6-m\libc_nano.a(lib_a-impure.o)
                              a:/7.0/toolchain/arm/arm-gnu-toolchain/bin/../lib/gcc/arm-none-eabi/5.3.1/../../../../arm-none-eabi/lib/armv6-m\libc_nano.a(lib_a-exit.o) (_global_impure_ptr)
a:/7.0/toolchain/arm/arm-gnu-toolchain/bin/../lib/gcc/arm-none-eabi/5.3.1/../../../../arm-none-eabi/lib/armv6-m\libc_nano.a(lib_a-init.o)
                              a:/7.0/toolchain/arm/arm-gnu-toolchain/bin/../lib/gcc/arm-none-eabi/5.3.1/../../../../arm-none-eabi/lib/armv6-m/crt0.o (__libc_init_array)
a:/7.0/toolchain/arm/arm-gnu-toolchain/bin/../lib/gcc/arm-none-eabi/5.3.1/../../../../arm-none-eabi/lib/armv6-m\libc_nano.a(lib_a-memcpy-stub.o)
                              src/ASF/sam0/drivers/adc/adc_sam_d_r/adc.o (memcpy)
a:/7.0/toolchain/arm/arm-gnu-toolchain/bin/../lib/gcc/arm-none-eabi/5.3.1/../../../../arm-none-eabi/lib/armv6-m\libc_nano.a(lib_a-memset.o)
                              a:/7.0/toolchain/arm/arm-gnu-toolchain/bin/../lib/gcc/arm-none-eabi/5.3.1/../../../../arm-none-eabi/lib/armv6-m/crt0.o (memset)
a:/7.0/toolchain/arm/arm-gnu-toolchain/bin/../lib/gcc/arm-none-eabi/5.3.1/../../../../arm-none-eabi/lib/armv6-m\libc_nano.a(lib_a-sprintf.o)
                              src/cmd.o (sprintf)
a:/7.0/toolchain/arm/arm-gnu-toolchain/bin/../lib/gcc/arm-none-eabi/5.3.1/../../../../arm-none-eabi/lib/armv6-m\libc_nano.a(lib_a-sscanf.o)
                              src/cmd.o (sscanf)
[...]
Memory Configuration

Name             Origin             Length             Attributes
rom              0x00000000         0x00040000         xr
ram              0x20000000         0x00008000         xrw
*default*        0x00000000         0xffffffff

Linker script and memory map

LOAD a:/7.0/toolchain/arm/arm-gnu-toolchain/bin/../lib/gcc/arm-none-eabi/5.3.1/armv6-m/crti.o
LOAD a:/7.0/toolchain/arm/arm-gnu-toolchain/bin/../lib/gcc/arm-none-eabi/5.3.1/armv6-m/crtbegin.o
LOAD a:/7.0/toolchain/arm/arm-gnu-toolchain/bin/../lib/gcc/arm-none-eabi/5.3.1/../../../../arm-none-eabi/lib/armv6-m/crt0.o
LOAD src/wdt.o
LOAD src/ads1115.o
LOAD src/algo.o
LOAD src/ASF/common2/services/delay/sam0/cycle_counter.o
LOAD src/ASF/sam0/drivers/adc/adc_sam_d_r/adc.o
LOAD src/ASF/sam0/drivers/extint/extint_callback.o
LOAD src/ASF/sam0/drivers/extint/extint_sam_d_r/extint.o
LOAD src/ASF/sam0/drivers/port/port.o
LOAD src/ASF/sam0/drivers/sercom/i2c/i2c_sam0/i2c_master.o
LOAD src/ASF/sam0/drivers/sercom/sercom.o
LOAD src/ASF/sam0/drivers/tc/tc_sam_d_r/tc.o
LOAD src/ASF/sam0/drivers/wdt/wdt.o
LOAD src/ASF/sam0/drivers/wdt/wdt_callback.o
LOAD src/ASF/sam0/utils/stdio/read.o
LOAD src/ASF/sam0/utils/stdio/write.o
LOAD src/ble_uart.o
LOAD src/cmd.o
LOAD src/DS18B20.o
LOAD src/i2c.o
LOAD src/mcp23017.o
LOAD src/msgeq7.o
LOAD src/pwm.o
LOAD src/sounds.o
LOAD src/uart.o
LOAD src/ASF/sam0/drivers/tc/tc_interrupt.o
LOAD src/ASF/sam0/drivers/sercom/usart/usart.o
LOAD src/ASF/sam0/drivers/sercom/usart/usart_interrupt.o
LOAD src/ASF/sam0/drivers/sercom/sercom_interrupt.o
LOAD src/ASF/common2/boards/user_board/init.o
LOAD src/ASF/common/utils/interrupt/interrupt_sam_nvic.o
LOAD src/ASF/sam0/drivers/system/clock/clock_samd21_r21_da/clock.o
LOAD src/ASF/sam0/drivers/system/clock/clock_samd21_r21_da/gclk.o
LOAD src/ASF/sam0/drivers/system/interrupt/system_interrupt.o
LOAD src/ASF/sam0/drivers/system/pinmux/pinmux.o
LOAD src/ASF/sam0/drivers/system/system.o
LOAD src/ASF/sam0/utils/cmsis/samd21/source/gcc/startup_samd21.o
LOAD src/ASF/sam0/utils/cmsis/samd21/source/system_samd21.o
LOAD src/ASF/sam0/utils/syscalls/gcc/syscalls.o
LOAD src/main.o
START GROUP
LOAD ../src/ASF/thirdparty/CMSIS/Lib/GCC\libarm_cortexM0l_math.a
LOAD a:/7.0/toolchain/arm/arm-gnu-toolchain/bin/../lib/gcc/arm-none-eabi/5.3.1/../../../../arm-none-eabi/lib/armv6-m\libm.a
END GROUP
START GROUP
LOAD a:/7.0/toolchain/arm/arm-gnu-toolchain/bin/../lib/gcc/arm-none-eabi/5.3.1/armv6-m\libgcc.a
LOAD a:/7.0/toolchain/arm/arm-gnu-toolchain/bin/../lib/gcc/arm-none-eabi/5.3.1/../../../../arm-none-eabi/lib/armv6-m\libc_nano.a
END GROUP
START GROUP
LOAD a:/7.0/toolchain/arm/arm-gnu-toolchain/bin/../lib/gcc/arm-none-eabi/5.3.1/armv6-m\libgcc.a
LOAD a:/7.0/toolchain/arm/arm-gnu-toolchain/bin/../lib/gcc/arm-none-eabi/5.3.1/../../../../arm-none-eabi/lib/armv6-m\libc_nano.a
END GROUP
LOAD a:/7.0/toolchain/arm/arm-gnu-toolchain/bin/../lib/gcc/arm-none-eabi/5.3.1/armv6-m/crtend.o
LOAD a:/7.0/toolchain/arm/arm-gnu-toolchain/bin/../lib/gcc/arm-none-eabi/5.3.1/armv6-m/crtn.o
                0x00002000                STACK_SIZE = DEFINED (STACK_SIZE)?STACK_SIZE:DEFINED (__stack_size__)?__stack_size__:0x2000

.text           0x00000000     0x89dc
                0x00000000                . = ALIGN (0x4)
                0x00000000                _sfixed = .
 *(.vectors .vectors.*)
 .vectors       0x00000000       0xb4 src/ASF/sam0/utils/cmsis/samd21/source/gcc/startup_samd21.o
                0x00000000                exception_table
 *(.text .text.* .gnu.linkonce.t.*)
 .text          0x000000b4       0x60 a:/7.0/toolchain/arm/arm-gnu-toolchain/bin/../lib/gcc/arm-none-eabi/5.3.1/armv6-m/crtbegin.o
 .text.delay_init
                0x00000114        0xc src/ASF/common2/services/delay/sam0/cycle_counter.o
                0x00000114                delay_init
 .text.system_gclk_chan_get_config_defaults
                0x00000120       0x18 src/ASF/sam0/drivers/adc/adc_sam_d_r/adc.o
 .text.system_apb_clock_set_mask
                0x00000138       0x5c src/ASF/sam0/drivers/adc/adc_sam_d_r/adc.o
 .text.system_pinmux_get_config_defaults
                0x00000194       0x28 src/ASF/sam0/drivers/adc/adc_sam_d_r/adc.o
 .text.system_voltage_reference_enable
                0x000001bc       0x40 src/ASF/sam0/drivers/adc/adc_sam_d_r/adc.o
 .text.adc_is_syncing
                0x000001fc       0x28 src/ASF/sam0/drivers/adc/adc_sam_d_r/adc.o
 .text.adc_get_config_defaults
                0x00000224       0xac src/ASF/sam0/drivers/adc/adc_sam_d_r/adc.o
                0x00000224                adc_get_config_defaults
 .text._adc_configure_ain_pin
                0x000002d0       0x78 src/ASF/sam0/drivers/adc/adc_sam_d_r/adc.o
 .text._adc_set_config
                0x00000348      0x52c src/ASF/sam0/drivers/adc/adc_sam_d_r/adc.o
 .text.adc_init
                0x00000874       0x7c src/ASF/sam0/drivers/adc/adc_sam_d_r/adc.o
                0x00000874                adc_init
 .text._extint_get_eic_from_channel
                0x000008f0       0x4c src/ASF/sam0/drivers/extint/extint_callback.o
 .text.extint_chan_is_detected
                0x0000093c       0x44 src/ASF/sam0/drivers/extint/extint_callback.o
 .text.extint_chan_clear_detected
                0x00000980       0x3c src/ASF/sam0/drivers/extint/extint_callback.o
 .text.EIC_Handler
                0x000009bc       0x6c src/ASF/sam0/drivers/extint/extint_callback.o
                0x000009bc                EIC_Handler
 .text.system_gclk_chan_get_config_defaults
                0x00000a28       0x18 src/ASF/sam0/drivers/extint/extint_sam_d_r/extint.o
 .text.system_apb_clock_set_mask
                0x00000a40       0x5c src/ASF/sam0/drivers/extint/extint_sam_d_r/extint.o
 .text.system_interrupt_enable
                0x00000a9c       0x2c src/ASF/sam0/drivers/extint/extint_sam_d_r/extint.o
 .text.extint_is_syncing
                0x00000ac8       0x48 src/ASF/sam0/drivers/extint/extint_sam_d_r/extint.o
 .text._system_extint_init
                0x00000b10       0xe0 src/ASF/sam0/drivers/extint/extint_sam_d_r/extint.o
                0x00000b10                _system_extint_init
 .text._extint_enable
                0x00000bf0       0x64 src/ASF/sam0/drivers/extint/extint_sam_d_r/extint.o
 .text.system_pinmux_get_config_defaults
                0x00000c54       0x28 src/ASF/sam0/drivers/port/port.o
 .text.port_pin_set_config
                0x00000c7c       0x60 src/ASF/sam0/drivers/port/port.o
                0x00000c7c                port_pin_set_config
 .text.system_gclk_chan_get_config_defaults
                0x00000cdc       0x18 src/ASF/sam0/drivers/sercom/i2c/i2c_sam0/i2c_master.o
 .text.system_apb_clock_set_mask
                0x00000cf4       0x5c src/ASF/sam0/drivers/sercom/i2c/i2c_sam0/i2c_master.o
 .text.system_pinmux_get_config_defaults
                0x00000d50       0x28 src/ASF/sam0/drivers/sercom/i2c/i2c_sam0/i2c_master.o
 .text.system_is_debugger_present
                0x00000d78       0x20 src/ASF/sam0/drivers/sercom/i2c/i2c_sam0/i2c_master.o
 .text.i2c_master_is_syncing
                0x00000d98       0x24 src/ASF/sam0/drivers/sercom/i2c/i2c_sam0/i2c_master.o
 .text._i2c_master_wait_for_sync
                0x00000dbc       0x24 src/ASF/sam0/drivers/sercom/i2c/i2c_sam0/i2c_master.o
 .text._i2c_master_set_config
                0x00000de0      0x3f4 src/ASF/sam0/drivers/sercom/i2c/i2c_sam0/i2c_master.o
 .text.i2c_master_init
                0x000011d4       0xd0 src/ASF/sam0/drivers/sercom/i2c/i2c_sam0/i2c_master.o
                0x000011d4                i2c_master_init
 .text._i2c_master_address_response
                0x000012a4       0x60 src/ASF/sam0/drivers/sercom/i2c/i2c_sam0/i2c_master.o
                0x000012a4                _i2c_master_address_response
 .text._i2c_master_wait_for_bus
                0x00001304       0x60 src/ASF/sam0/drivers/sercom/i2c/i2c_sam0/i2c_master.o
                0x00001304                _i2c_master_wait_for_bus
 .text._i2c_master_send_hs_master_code
                0x00001364       0x54 src/ASF/sam0/drivers/sercom/i2c/i2c_sam0/i2c_master.o
                0x00001364                _i2c_master_send_hs_master_code
 .text._i2c_master_read_packet
                0x000013b8      0x274 src/ASF/sam0/drivers/sercom/i2c/i2c_sam0/i2c_master.o
 .text.i2c_master_read_packet_wait
                0x0000162c       0x30 src/ASF/sam0/drivers/sercom/i2c/i2c_sam0/i2c_master.o
                0x0000162c                i2c_master_read_packet_wait
 .text._i2c_master_write_packet
                0x0000165c      0x178 src/ASF/sam0/drivers/sercom/i2c/i2c_sam0/i2c_master.o
 .text.i2c_master_write_packet_wait
                0x000017d4       0x30 src/ASF/sam0/drivers/sercom/i2c/i2c_sam0/i2c_master.o
                0x000017d4                i2c_master_write_packet_wait
 .text.system_gclk_chan_get_config_defaults
                0x00001804       0x18 src/ASF/sam0/drivers/sercom/sercom.o
 .text.sercom_set_gclk_generator
                0x0000181c       0x8c src/ASF/sam0/drivers/sercom/sercom.o
                0x0000181c                sercom_set_gclk_generator
 .text._sercom_get_default_pad
                0x000018a8      0x1bc src/ASF/sam0/drivers/sercom/sercom.o
                0x000018a8                _sercom_get_default_pad
 .text._sercom_get_sercom_inst_index
                0x00001a64       0x50 src/ASF/sam0/drivers/sercom/sercom.o
                0x00001a64                _sercom_get_sercom_inst_index
 .text.wdt_clear_early_warning
                0x00001ab4       0x1c src/ASF/sam0/drivers/wdt/wdt_callback.o
 .text.WDT_Handler
                0x00001ad0       0x24 src/ASF/sam0/drivers/wdt/wdt_callback.o
                0x00001ad0                WDT_Handler
 .text.NVIC_EnableIRQ
                0x00001af4       0x2c src/ble_uart.o
 .text.NVIC_SetPriority
                0x00001b20       0xdc src/ble_uart.o
 .text.system_interrupt_enable_global
                0x00001bfc       0x1c src/ble_uart.o
 .text.system_interrupt_disable_global
                0x00001c18       0x1c src/ble_uart.o
 .text.uart_clk_init
                0x00001c34       0x64 src/ble_uart.o
                0x00001c34                uart_clk_init
 .text.uart_pin_init
                0x00001c98       0x7c src/ble_uart.o
                0x00001c98                uart_pin_init
 .text.ble_uart_init
                0x00001d14       0x88 src/ble_uart.o
                0x00001d14                ble_uart_init
 .text.ble_uart_write
                0x00001d9c       0x58 src/ble_uart.o
                0x00001d9c                ble_uart_write
 .text.SERCOM2_Handler
                0x00001df4       0x5c src/ble_uart.o
                0x00001df4                SERCOM2_Handler
 .text.reset_buffers
                0x00001e50       0x38 src/ble_uart.o
                0x00001e50                reset_buffers
 .text.data_handler
                0x00001e88      0xaf4 src/cmd.o
                0x00001e88                data_handler
 .text.update_all_ports
                0x0000297c       0xe0 src/cmd.o
                0x0000297c                update_all_ports
 .text.party_lights
                0x00002a5c      0x21c src/cmd.o
                0x00002a5c                party_lights
 .text.flashy_flash1
                0x00002c78      0x234 src/cmd.o
                0x00002c78                flashy_flash1
 .text.flashy_flash2
                0x00002eac      0x290 src/cmd.o
                0x00002eac                flashy_flash2
 .text.flashy_fades
                0x0000313c      0x1e0 src/cmd.o
                0x0000313c                flashy_fades
 .text.reset_all_lights
                0x0000331c       0x3c src/cmd.o
                0x0000331c                reset_all_lights
 .text.a_okay   0x00003358       0x9c src/cmd.o
                0x00003358                a_okay
 .text.i2c_master_is_syncing
                0x000033f4       0x24 src/i2c.o
 .text._i2c_master_wait_for_sync
                0x00003418       0x24 src/i2c.o
 .text.i2c_master_get_config_defaults
                0x0000343c       0x84 src/i2c.o
 .text.i2c_master_enable
                0x000034c0       0x5c src/i2c.o
 .text.configure_i2c_master
                0x0000351c       0x50 src/i2c.o
                0x0000351c                configure_i2c_master
 .text.i2c_write
                0x0000356c       0x78 src/i2c.o
                0x0000356c                i2c_write
 .text.i2c_read
                0x000035e4      0x110 src/i2c.o
                0x000035e4                i2c_read
 .text.init_all_ports
                0x000036f4       0xd8 src/mcp23017.o
                0x000036f4                init_all_ports
 .text.mcp23017_set_pins
                0x000037cc       0x70 src/mcp23017.o
                0x000037cc                mcp23017_set_pins
 .text.mcp23017_read_all_ports
                0x0000383c       0x74 src/mcp23017.o
                0x0000383c                mcp23017_read_all_ports
 .text.system_pinmux_get_group_from_gpio_pin
                0x000038b0       0x60 src/msgeq7.o
 .text.adc_is_syncing
                0x00003910       0x28 src/msgeq7.o
 .text.adc_get_status
                0x00003938       0x54 src/msgeq7.o
 .text.adc_clear_status
                0x0000398c       0x54 src/msgeq7.o
 .text.adc_enable
                0x000039e0       0x54 src/msgeq7.o
 .text.adc_start_conversion
                0x00003a34       0x48 src/msgeq7.o
 .text.adc_read
                0x00003a7c       0x7c src/msgeq7.o
 .text.port_get_group_from_gpio_pin
                0x00003af8       0x24 src/msgeq7.o
 .text.port_get_config_defaults
                0x00003b1c       0x24 src/msgeq7.o
 .text.port_pin_set_output_level
                0x00003b40       0x54 src/msgeq7.o
 .text.msgeq7_init
                0x00003b94       0x1c src/msgeq7.o
                0x00003b94                msgeq7_init
 .text.msgeq7_port_init
                0x00003bb0       0x58 src/msgeq7.o
                0x00003bb0                msgeq7_port_init
 .text.msgeq7_adc_init
                0x00003c08       0x58 src/msgeq7.o
                0x00003c08                msgeq7_adc_init
 .text.single_conversion
                0x00003c60       0x38 src/msgeq7.o
                0x00003c60                single_conversion
 .text.msgeq7_all_bands
                0x00003c98      0x17c src/msgeq7.o
                0x00003c98                msgeq7_all_bands
 .text.NVIC_EnableIRQ
                0x00003e14       0x2c src/pwm.o
 .text.NVIC_SetPriority
                0x00003e40       0xdc src/pwm.o
 .text.port_get_config_defaults
                0x00003f1c       0x24 src/pwm.o
 .text.pwm_port
                0x00003f40       0x40 src/pwm.o
                0x00003f40                pwm_port
 .text.init_TC3
                0x00003f80       0xa0 src/pwm.o
                0x00003f80                init_TC3
 .text.TC3_Handler
                0x00004020      0x140 src/pwm.o
                0x00004020                TC3_Handler
 .text.system_pinmux_get_group_from_gpio_pin
                0x00004160       0x60 src/sounds.o
 .text.port_get_group_from_gpio_pin
                0x000041c0       0x24 src/sounds.o
 .text.port_get_config_defaults
                0x000041e4       0x24 src/sounds.o
 .text.port_pin_set_output_level
                0x00004208       0x54 src/sounds.o
 .text.sounds_init_pins
                0x0000425c      0x114 src/sounds.o
                0x0000425c                sounds_init_pins
 .text.select_sample
                0x00004370       0x18 src/sounds.o
                0x00004370                select_sample
 .text.press_sb_btn
                0x00004388       0x24 src/sounds.o
                0x00004388                press_sb_btn
 .text.release_sb_btn
                0x000043ac       0x24 src/sounds.o
                0x000043ac                release_sb_btn
 .text.system_board_init
                0x000043d0        0xc src/ASF/common2/boards/user_board/init.o
                0x000043d0                board_init
                0x000043d0                system_board_init
 .text.cpu_irq_enter_critical
                0x000043dc       0x54 src/ASF/common/utils/interrupt/interrupt_sam_nvic.o
                0x000043dc                cpu_irq_enter_critical
 .text.cpu_irq_leave_critical
                0x00004430       0x40 src/ASF/common/utils/interrupt/interrupt_sam_nvic.o
                0x00004430                cpu_irq_leave_critical
 .text.system_gclk_gen_get_config_defaults
                0x00004470       0x30 src/ASF/sam0/drivers/system/clock/clock_samd21_r21_da/clock.o
 .text.system_clock_source_osc8m_get_config_defaults
                0x000044a0       0x24 src/ASF/sam0/drivers/system/clock/clock_samd21_r21_da/clock.o
 .text.system_cpu_clock_set_divider
                0x000044c4       0x20 src/ASF/sam0/drivers/system/clock/clock_samd21_r21_da/clock.o
 .text.system_apb_clock_set_divider
                0x000044e4       0x54 src/ASF/sam0/drivers/system/clock/clock_samd21_r21_da/clock.o
 .text.system_flash_set_waitstates
                0x00004538       0x34 src/ASF/sam0/drivers/system/clock/clock_samd21_r21_da/clock.o
 .text._system_dfll_wait_for_sync
                0x0000456c       0x1c src/ASF/sam0/drivers/system/clock/clock_samd21_r21_da/clock.o
 .text._system_clock_source_dfll_set_config_errata_9905
                0x00004588       0x44 src/ASF/sam0/drivers/system/clock/clock_samd21_r21_da/clock.o
 .text.system_clock_source_get_hz
                0x000045cc       0xbc src/ASF/sam0/drivers/system/clock/clock_samd21_r21_da/clock.o
                0x000045cc                system_clock_source_get_hz
 .text.system_clock_source_osc8m_set_config
                0x00004688       0x78 src/ASF/sam0/drivers/system/clock/clock_samd21_r21_da/clock.o
                0x00004688                system_clock_source_osc8m_set_config
 .text.system_clock_source_enable
                0x00004700       0xac src/ASF/sam0/drivers/system/clock/clock_samd21_r21_da/clock.o
                0x00004700                system_clock_source_enable
 .text._switch_peripheral_gclk
                0x000047ac       0x38 src/ASF/sam0/drivers/system/clock/clock_samd21_r21_da/clock.o
 .text.system_clock_init
                0x000047e4      0x14c src/ASF/sam0/drivers/system/clock/clock_samd21_r21_da/clock.o
                0x000047e4                system_clock_init
 .text.system_apb_clock_set_mask
                0x00004930       0x5c src/ASF/sam0/drivers/system/clock/clock_samd21_r21_da/gclk.o
 .text.system_interrupt_enter_critical_section
                0x0000498c       0x14 src/ASF/sam0/drivers/system/clock/clock_samd21_r21_da/gclk.o
 .text.system_interrupt_leave_critical_section
                0x000049a0       0x14 src/ASF/sam0/drivers/system/clock/clock_samd21_r21_da/gclk.o
 .text.system_gclk_is_syncing
                0x000049b4       0x20 src/ASF/sam0/drivers/system/clock/clock_samd21_r21_da/gclk.o
 .text.system_gclk_init
                0x000049d4       0x30 src/ASF/sam0/drivers/system/clock/clock_samd21_r21_da/gclk.o
                0x000049d4                system_gclk_init
 .text.system_gclk_gen_set_config
                0x00004a04      0x124 src/ASF/sam0/drivers/system/clock/clock_samd21_r21_da/gclk.o
                0x00004a04                system_gclk_gen_set_config
 .text.system_gclk_gen_enable
                0x00004b28       0x5c src/ASF/sam0/drivers/system/clock/clock_samd21_r21_da/gclk.o
                0x00004b28                system_gclk_gen_enable
 .text.system_gclk_gen_get_hz
                0x00004b84       0xd8 src/ASF/sam0/drivers/system/clock/clock_samd21_r21_da/gclk.o
                0x00004b84                system_gclk_gen_get_hz
 .text.system_gclk_chan_set_config
                0x00004c5c       0x44 src/ASF/sam0/drivers/system/clock/clock_samd21_r21_da/gclk.o
                0x00004c5c                system_gclk_chan_set_config
 .text.system_gclk_chan_enable
                0x00004ca0       0x48 src/ASF/sam0/drivers/system/clock/clock_samd21_r21_da/gclk.o
                0x00004ca0                system_gclk_chan_enable
 .text.system_gclk_chan_disable
                0x00004ce8       0x98 src/ASF/sam0/drivers/system/clock/clock_samd21_r21_da/gclk.o
                0x00004ce8                system_gclk_chan_disable
 .text.system_gclk_chan_get_hz
                0x00004d80       0x58 src/ASF/sam0/drivers/system/clock/clock_samd21_r21_da/gclk.o
                0x00004d80                system_gclk_chan_get_hz
 .text.system_pinmux_get_group_from_gpio_pin
                0x00004dd8       0x60 src/ASF/sam0/drivers/system/pinmux/pinmux.o
 .text._system_pinmux_config
                0x00004e38      0x110 src/ASF/sam0/drivers/system/pinmux/pinmux.o
 .text.system_pinmux_pin_set_config
                0x00004f48       0x48 src/ASF/sam0/drivers/system/pinmux/pinmux.o
                0x00004f48                system_pinmux_pin_set_config
 .text._system_dummy_init
                0x00004f90        0xc src/ASF/sam0/drivers/system/system.o
                0x00004f90                _system_events_init
                0x00004f90                _system_dummy_init
                0x00004f90                _system_divas_init
 .text.system_init
                0x00004f9c       0x34 src/ASF/sam0/drivers/system/system.o
                0x00004f9c                system_init
 .text.Reset_Handler
                0x00004fd0       0xf8 src/ASF/sam0/utils/cmsis/samd21/source/gcc/startup_samd21.o
                0x00004fd0                Reset_Handler
 .text.Dummy_Handler
                0x000050c8       0x1c src/ASF/sam0/utils/cmsis/samd21/source/gcc/startup_samd21.o
                0x000050c8                DMAC_Handler
                0x000050c8                HardFault_Handler
                0x000050c8                AC_Handler
                0x000050c8                SysTick_Handler
                0x000050c8                PendSV_Handler
                0x000050c8                NMI_Handler
                0x000050c8                SERCOM1_Handler
                0x000050c8                ADC_Handler
                0x000050c8                TCC1_Handler
                0x000050c8                TCC0_Handler
                0x000050c8                RTC_Handler
                0x000050c8                TC4_Handler
                0x000050c8                USB_Handler
                0x000050c8                Dummy_Handler
                0x000050c8                PM_Handler
                0x000050c8                SERCOM5_Handler
                0x000050c8                SVC_Handler
                0x000050c8                TCC2_Handler
                0x000050c8                EVSYS_Handler
                0x000050c8                SERCOM3_Handler
                0x000050c8                SERCOM4_Handler
                0x000050c8                I2S_Handler
                0x000050c8                NVMCTRL_Handler
                0x000050c8                SERCOM0_Handler
                0x000050c8                DAC_Handler
                0x000050c8                PTC_Handler
                0x000050c8                TC5_Handler
                0x000050c8                SYSCTRL_Handler
 .text._sbrk    0x000050e4       0x3c src/ASF/sam0/utils/syscalls/gcc/syscalls.o
                0x000050e4                _sbrk
 .text.main     0x00005120      0x154 src/main.o
                0x00005120                main
 .text          0x00005274      0x114 a:/7.0/toolchain/arm/arm-gnu-toolchain/bin/../lib/gcc/arm-none-eabi/5.3.1/armv6-m\libgcc.a(_udivsi3.o)
                0x00005274                __aeabi_uidiv
                0x00005274                __udivsi3
                0x00005380                __aeabi_uidivmod
 .text          0x00005388      0x1d4 a:/7.0/toolchain/arm/arm-gnu-toolchain/bin/../lib/gcc/arm-none-eabi/5.3.1/armv6-m\libgcc.a(_divsi3.o)
                0x00005388                __divsi3
                0x00005388                __aeabi_idiv
                0x00005554                __aeabi_idivmod
 .text          0x0000555c        0x4 a:/7.0/toolchain/arm/arm-gnu-toolchain/bin/../lib/gcc/arm-none-eabi/5.3.1/armv6-m\libgcc.a(_dvmd_tls.o)
                0x0000555c                __aeabi_idiv0
                0x0000555c                __aeabi_ldiv0
 .text          0x00005560       0x40 a:/7.0/toolchain/arm/arm-gnu-toolchain/bin/../lib/gcc/arm-none-eabi/5.3.1/armv6-m\libgcc.a(_aeabi_uldivmod.o)
                0x00005560                __aeabi_uldivmod
 .text          0x000055a0       0x58 a:/7.0/toolchain/arm/arm-gnu-toolchain/bin/../lib/gcc/arm-none-eabi/5.3.1/armv6-m\libgcc.a(_muldi3.o)
                0x000055a0                __muldi3
                0x000055a0                __aeabi_lmul
 .text          0x000055f8      0x180 a:/7.0/toolchain/arm/arm-gnu-toolchain/bin/../lib/gcc/arm-none-eabi/5.3.1/armv6-m\libgcc.a(_udivmoddi4.o)
                0x000055f8                __udivmoddi4
 .text          0x00005778      0x658 a:/7.0/toolchain/arm/arm-gnu-toolchain/bin/../lib/gcc/arm-none-eabi/5.3.1/armv6-m\libgcc.a(adddf3.o)
                0x00005778                __aeabi_dadd
 .text          0x00005dd0      0x62c a:/7.0/toolchain/arm/arm-gnu-toolchain/bin/../lib/gcc/arm-none-eabi/5.3.1/armv6-m\libgcc.a(divdf3.o)
                0x00005dd0                __aeabi_ddiv
 .text          0x000063fc      0x4f4 a:/7.0/toolchain/arm/arm-gnu-toolchain/bin/../lib/gcc/arm-none-eabi/5.3.1/armv6-m\libgcc.a(muldf3.o)
                0x000063fc                __aeabi_dmul
 .text          0x000068f0      0x6a8 a:/7.0/toolchain/arm/arm-gnu-toolchain/bin/../lib/gcc/arm-none-eabi/5.3.1/armv6-m\libgcc.a(subdf3.o)
                0x000068f0                __aeabi_dsub
 .text          0x00006f98       0x6c a:/7.0/toolchain/arm/arm-gnu-toolchain/bin/../lib/gcc/arm-none-eabi/5.3.1/armv6-m\libgcc.a(fixdfsi.o)
                0x00006f98                __aeabi_d2iz
 .text          0x00007004       0x70 a:/7.0/toolchain/arm/arm-gnu-toolchain/bin/../lib/gcc/arm-none-eabi/5.3.1/armv6-m\libgcc.a(floatunsidf.o)
                0x00007004                __aeabi_ui2d
 .text          0x00007074       0x3c a:/7.0/toolchain/arm/arm-gnu-toolchain/bin/../lib/gcc/arm-none-eabi/5.3.1/armv6-m\libgcc.a(_clzsi2.o)
                0x00007074                __clzsi2
 .text          0x000070b0       0x18 a:/7.0/toolchain/arm/arm-gnu-toolchain/bin/../lib/gcc/arm-none-eabi/5.3.1/armv6-m\libgcc.a(_clzdi2.o)
                0x000070b0                __clzdi2
 .text.__libc_init_array
                0x000070c8       0x4c a:/7.0/toolchain/arm/arm-gnu-toolchain/bin/../lib/gcc/arm-none-eabi/5.3.1/../../../../arm-none-eabi/lib/armv6-m\libc_nano.a(lib_a-init.o)
                0x000070c8                __libc_init_array
 .text.memcpy   0x00007114       0x12 a:/7.0/toolchain/arm/arm-gnu-toolchain/bin/../lib/gcc/arm-none-eabi/5.3.1/../../../../arm-none-eabi/lib/armv6-m\libc_nano.a(lib_a-memcpy-stub.o)
                0x00007114                memcpy
 *fill*         0x00007126        0x2 
 .text.sprintf  0x00007128       0x44 a:/7.0/toolchain/arm/arm-gnu-toolchain/bin/../lib/gcc/arm-none-eabi/5.3.1/../../../../arm-none-eabi/lib/armv6-m\libc_nano.a(lib_a-sprintf.o)
                0x00007128                siprintf
                0x00007128                sprintf
 .text.sscanf   0x0000716c       0x50 a:/7.0/toolchain/arm/arm-gnu-toolchain/bin/../lib/gcc/arm-none-eabi/5.3.1/../../../../arm-none-eabi/lib/armv6-m\libc_nano.a(lib_a-sscanf.o)
                0x0000716c                siscanf
                0x0000716c                sscanf
 .text.__seofread
                0x000071bc        0x4 a:/7.0/toolchain/arm/arm-gnu-toolchain/bin/../lib/gcc/arm-none-eabi/5.3.1/../../../../arm-none-eabi/lib/armv6-m\libc_nano.a(lib_a-stdio.o)
                0x000071bc                __seofread
 .text          0x000071c0        0xe a:/7.0/toolchain/arm/arm-gnu-toolchain/bin/../lib/gcc/arm-none-eabi/5.3.1/../../../../arm-none-eabi/lib/armv6-m\libc_nano.a(lib_a-strlen.o)
                0x000071c0                strlen
 .text.strncmp  0x000071ce       0x24 a:/7.0/toolchain/arm/arm-gnu-toolchain/bin/../lib/gcc/arm-none-eabi/5.3.1/../../../../arm-none-eabi/lib/armv6-m\libc_nano.a(lib_a-strncmp.o)
                0x000071ce                strncmp
 *fill*         0x000071f2        0x2 
 .text.__ssputs_r
                0x000071f4       0xc4 a:/7.0/toolchain/arm/arm-gnu-toolchain/bin/../lib/gcc/arm-none-eabi/5.3.1/../../../../arm-none-eabi/lib/armv6-m\libc_nano.a(lib_a-nano-svfprintf.o)
                0x000071f4                __ssputs_r
 .text._svfprintf_r
                0x000072b8      0x1fc a:/7.0/toolchain/arm/arm-gnu-toolchain/bin/../lib/gcc/arm-none-eabi/5.3.1/../../../../arm-none-eabi/lib/armv6-m\libc_nano.a(lib_a-nano-svfprintf.o)
                0x000072b8                _svfiprintf_r
                0x000072b8                _svfprintf_r
 .text._sungetc_r
                0x000074b4       0x78 a:/7.0/toolchain/arm/arm-gnu-toolchain/bin/../lib/gcc/arm-none-eabi/5.3.1/../../../../arm-none-eabi/lib/armv6-m\libc_nano.a(lib_a-nano-svfscanf.o)
                0x000074b4                _sungetc_r
 .text.__ssrefill_r
                0x0000752c       0x3e a:/7.0/toolchain/arm/arm-gnu-toolchain/bin/../lib/gcc/arm-none-eabi/5.3.1/../../../../arm-none-eabi/lib/armv6-m\libc_nano.a(lib_a-nano-svfscanf.o)
                0x0000752c                __ssrefill_r
 *fill*         0x0000756a        0x2 
 .text.__ssvfscanf_r
                0x0000756c      0x2fc a:/7.0/toolchain/arm/arm-gnu-toolchain/bin/../lib/gcc/arm-none-eabi/5.3.1/../../../../arm-none-eabi/lib/armv6-m\libc_nano.a(lib_a-nano-svfscanf.o)
                0x0000756c                __ssvfiscanf_r
                0x0000756c                __ssvfscanf_r
 .text._printf_common
                0x00007868       0xdc a:/7.0/toolchain/arm/arm-gnu-toolchain/bin/../lib/gcc/arm-none-eabi/5.3.1/../../../../arm-none-eabi/lib/armv6-m\libc_nano.a(lib_a-nano-vfprintf_i.o)
                0x00007868                _printf_common
 .text._printf_i
                0x00007944      0x244 a:/7.0/toolchain/arm/arm-gnu-toolchain/bin/../lib/gcc/arm-none-eabi/5.3.1/../../../../arm-none-eabi/lib/armv6-m\libc_nano.a(lib_a-nano-vfprintf_i.o)
                0x00007944                _printf_i
 .text._scanf_chars
                0x00007b88       0xc4 a:/7.0/toolchain/arm/arm-gnu-toolchain/bin/../lib/gcc/arm-none-eabi/5.3.1/../../../../arm-none-eabi/lib/armv6-m\libc_nano.a(lib_a-nano-vfscanf_i.o)
                0x00007b88                _scanf_chars
 .text._scanf_i
                0x00007c4c      0x200 a:/7.0/toolchain/arm/arm-gnu-toolchain/bin/../lib/gcc/arm-none-eabi/5.3.1/../../../../arm-none-eabi/lib/armv6-m\libc_nano.a(lib_a-nano-vfscanf_i.o)
                0x00007c4c                _scanf_i
 .text.__sccl   0x00007e4c       0x64 a:/7.0/toolchain/arm/arm-gnu-toolchain/bin/../lib/gcc/arm-none-eabi/5.3.1/../../../../arm-none-eabi/lib/armv6-m\libc_nano.a(lib_a-sccl.o)
                0x00007e4c                __sccl
 .text._strtol_r
                0x00007eb0      0x124 a:/7.0/toolchain/arm/arm-gnu-toolchain/bin/../lib/gcc/arm-none-eabi/5.3.1/../../../../arm-none-eabi/lib/armv6-m\libc_nano.a(lib_a-strtol.o)
                0x00007eb0                _strtol_r
 .text._strtoul_r
                0x00007fd4      0x108 a:/7.0/toolchain/arm/arm-gnu-toolchain/bin/../lib/gcc/arm-none-eabi/5.3.1/../../../../arm-none-eabi/lib/armv6-m\libc_nano.a(lib_a-strtoul.o)
                0x00007fd4                _strtoul_r
 .text.__submore
                0x000080dc       0x7c a:/7.0/toolchain/arm/arm-gnu-toolchain/bin/../lib/gcc/arm-none-eabi/5.3.1/../../../../arm-none-eabi/lib/armv6-m\libc_nano.a(lib_a-ungetc.o)
                0x000080dc                __submore
 .text.memchr   0x00008158       0x16 a:/7.0/toolchain/arm/arm-gnu-toolchain/bin/../lib/gcc/arm-none-eabi/5.3.1/../../../../arm-none-eabi/lib/armv6-m\libc_nano.a(lib_a-memchr-stub.o)
                0x00008158                memchr
 .text.memmove  0x0000816e       0x2a a:/7.0/toolchain/arm/arm-gnu-toolchain/bin/../lib/gcc/arm-none-eabi/5.3.1/../../../../arm-none-eabi/lib/armv6-m\libc_nano.a(lib_a-memmove.o)
                0x0000816e                memmove
 .text._free_r  0x00008198       0x8c a:/7.0/toolchain/arm/arm-gnu-toolchain/bin/../lib/gcc/arm-none-eabi/5.3.1/../../../../arm-none-eabi/lib/armv6-m\libc_nano.a(lib_a-nano-freer.o)
                0x00008198                _free_r
 .text._malloc_r
                0x00008224       0xac a:/7.0/toolchain/arm/arm-gnu-toolchain/bin/../lib/gcc/arm-none-eabi/5.3.1/../../../../arm-none-eabi/lib/armv6-m\libc_nano.a(lib_a-nano-mallocr.o)
                0x00008224                _malloc_r
 .text._realloc_r
                0x000082d0       0x4c a:/7.0/toolchain/arm/arm-gnu-toolchain/bin/../lib/gcc/arm-none-eabi/5.3.1/../../../../arm-none-eabi/lib/armv6-m\libc_nano.a(lib_a-nano-reallocr.o)
                0x000082d0                _realloc_r
 .text._sbrk_r  0x0000831c       0x24 a:/7.0/toolchain/arm/arm-gnu-toolchain/bin/../lib/gcc/arm-none-eabi/5.3.1/../../../../arm-none-eabi/lib/armv6-m\libc_nano.a(lib_a-sbrkr.o)
                0x0000831c                _sbrk_r
 .text._malloc_usable_size_r
                0x00008340       0x16 a:/7.0/toolchain/arm/arm-gnu-toolchain/bin/../lib/gcc/arm-none-eabi/5.3.1/../../../../arm-none-eabi/lib/armv6-m\libc_nano.a(lib_a-nano-msizer.o)
                0x00008340                _malloc_usable_size_r
 *(.glue_7t)
 .glue_7t       0x00008356        0x0 linker stubs
 *(.glue_7)
 .glue_7        0x00008356        0x0 linker stubs
 *(.rodata .rodata* .gnu.linkonce.r.*)
 *fill*         0x00008356        0x2 
 .rodata        0x00008358       0x50 src/ASF/sam0/drivers/adc/adc_sam_d_r/adc.o
 .rodata._adc_set_config
                0x000083a8       0xd4 src/ASF/sam0/drivers/adc/adc_sam_d_r/adc.o
 .rodata        0x0000847c       0x18 src/ASF/sam0/drivers/sercom/sercom.o
 .rodata        0x00008494      0x1f7 src/cmd.o
 *fill*         0x0000868b        0x1 
 .rodata.flashy_flash1
                0x0000868c       0x50 src/cmd.o
 .rodata.flashy_flash2
                0x000086dc       0x2c src/cmd.o
 .rodata        0x00008708       0x12 src/pwm.o
 *fill*         0x0000871a        0x2 
 .rodata.system_clock_source_get_hz
                0x0000871c       0x24 src/ASF/sam0/drivers/system/clock/clock_samd21_r21_da/clock.o
 .rodata.system_clock_source_enable
                0x00008740       0x24 src/ASF/sam0/drivers/system/clock/clock_samd21_r21_da/clock.o
 .rodata        0x00008764       0x16 src/main.o
 *fill*         0x0000877a        0x2 
 .rodata        0x0000877c       0x40 a:/7.0/toolchain/arm/arm-gnu-toolchain/bin/../lib/gcc/arm-none-eabi/5.3.1/armv6-m\libgcc.a(divdf3.o)
 .rodata        0x000087bc       0x40 a:/7.0/toolchain/arm/arm-gnu-toolchain/bin/../lib/gcc/arm-none-eabi/5.3.1/armv6-m\libgcc.a(muldf3.o)
 .rodata.str1.1
                0x000087fc        0x2 a:/7.0/toolchain/arm/arm-gnu-toolchain/bin/../lib/gcc/arm-none-eabi/5.3.1/../../../../arm-none-eabi/lib/armv6-m\libc_nano.a(lib_a-impure.o)
 .rodata.str1.1
                0x000087fe       0x11 a:/7.0/toolchain/arm/arm-gnu-toolchain/bin/../lib/gcc/arm-none-eabi/5.3.1/../../../../arm-none-eabi/lib/armv6-m\libc_nano.a(lib_a-nano-svfprintf.o)
 .rodata.str1.1
                0x0000880f        0x4 a:/7.0/toolchain/arm/arm-gnu-toolchain/bin/../lib/gcc/arm-none-eabi/5.3.1/../../../../arm-none-eabi/lib/armv6-m\libc_nano.a(lib_a-nano-svfscanf.o)
 .rodata.str1.1
                0x0000880f       0x22 a:/7.0/toolchain/arm/arm-gnu-toolchain/bin/../lib/gcc/arm-none-eabi/5.3.1/../../../../arm-none-eabi/lib/armv6-m\libc_nano.a(lib_a-nano-vfprintf_i.o)
 *fill*         0x00008831        0x3 
 .rodata        0x00008834        0xc a:/7.0/toolchain/arm/arm-gnu-toolchain/bin/../lib/gcc/arm-none-eabi/5.3.1/../../../../arm-none-eabi/lib/armv6-m\libc_nano.a(lib_a-nano-vfscanf_i.o)
 .rodata.str1.1
                0x00008840       0x1b a:/7.0/toolchain/arm/arm-gnu-toolchain/bin/../lib/gcc/arm-none-eabi/5.3.1/../../../../arm-none-eabi/lib/armv6-m\libc_nano.a(lib_a-nano-vfscanf_i.o)
 .rodata._ctype_
                0x0000885b      0x101 a:/7.0/toolchain/arm/arm-gnu-toolchain/bin/../lib/gcc/arm-none-eabi/5.3.1/../../../../arm-none-eabi/lib/armv6-m\libc_nano.a(lib_a-ctype_.o)
                0x0000885b                _ctype_
 .rodata.__sf_fake_stdin
                0x0000895c       0x20 a:/7.0/toolchain/arm/arm-gnu-toolchain/bin/../lib/gcc/arm-none-eabi/5.3.1/../../../../arm-none-eabi/lib/armv6-m\libc_nano.a(lib_a-findfp.o)
                0x0000895c                __sf_fake_stdin
 .rodata.__sf_fake_stdout
                0x0000897c       0x20 a:/7.0/toolchain/arm/arm-gnu-toolchain/bin/../lib/gcc/arm-none-eabi/5.3.1/../../../../arm-none-eabi/lib/armv6-m\libc_nano.a(lib_a-findfp.o)
                0x0000897c                __sf_fake_stdout
 .rodata.__sf_fake_stderr
                0x0000899c       0x20 a:/7.0/toolchain/arm/arm-gnu-toolchain/bin/../lib/gcc/arm-none-eabi/5.3.1/../../../../arm-none-eabi/lib/armv6-m\libc_nano.a(lib_a-findfp.o)
                0x0000899c                __sf_fake_stderr
 *(.ARM.extab* .gnu.linkonce.armextab.*)
                0x000089bc                . = ALIGN (0x4)
 *(.init)
 .init          0x000089bc        0x4 a:/7.0/toolchain/arm/arm-gnu-toolchain/bin/../lib/gcc/arm-none-eabi/5.3.1/armv6-m/crti.o
                0x000089bc                _init
 .init          0x000089c0        0x8 a:/7.0/toolchain/arm/arm-gnu-toolchain/bin/../lib/gcc/arm-none-eabi/5.3.1/armv6-m/crtn.o
                0x000089c8                . = ALIGN (0x4)
                0x000089c8                __preinit_array_start = .
 *(.preinit_array)
                0x000089c8                __preinit_array_end = .
                0x000089c8                . = ALIGN (0x4)
                0x000089c8                __init_array_start = .
 *(SORT(.init_array.*))
 *(.init_array)
 .init_array    0x000089c8        0x4 a:/7.0/toolchain/arm/arm-gnu-toolchain/bin/../lib/gcc/arm-none-eabi/5.3.1/armv6-m/crtbegin.o
                0x000089cc                __init_array_end = .
                0x000089cc                . = ALIGN (0x4)
 *crtbegin.o(.ctors)
 *(EXCLUDE_FILE(*crtend.o) .ctors)
 *(SORT(.ctors.*))
 *crtend.o(.ctors)
                0x000089cc                . = ALIGN (0x4)
 *(.fini)
 .fini          0x000089cc        0x4 a:/7.0/toolchain/arm/arm-gnu-toolchain/bin/../lib/gcc/arm-none-eabi/5.3.1/armv6-m/crti.o
                0x000089cc                _fini
 .fini          0x000089d0        0x8 a:/7.0/toolchain/arm/arm-gnu-toolchain/bin/../lib/gcc/arm-none-eabi/5.3.1/armv6-m/crtn.o
                0x000089d8                . = ALIGN (0x4)
                0x000089d8                __fini_array_start = .
 *(.fini_array)
 .fini_array    0x000089d8        0x4 a:/7.0/toolchain/arm/arm-gnu-toolchain/bin/../lib/gcc/arm-none-eabi/5.3.1/armv6-m/crtbegin.o
 *(SORT(.fini_array.*))
                0x000089dc                __fini_array_end = .
 *crtbegin.o(.dtors)
 *(EXCLUDE_FILE(*crtend.o) .dtors)
 *(SORT(.dtors.*))
 *crtend.o(.dtors)
                0x000089dc                . = ALIGN (0x4)
                0x000089dc                _efixed = .
                [!provide]                PROVIDE (__exidx_start, .)

.vfp11_veneer   0x000089dc        0x0
 .vfp11_veneer  0x000089dc        0x0 linker stubs

.v4_bx          0x000089dc        0x0
 .v4_bx         0x000089dc        0x0 linker stubs

.iplt           0x000089dc        0x0
 .iplt          0x000089dc        0x0 a:/7.0/toolchain/arm/arm-gnu-toolchain/bin/../lib/gcc/arm-none-eabi/5.3.1/armv6-m/crtbegin.o

.ARM.exidx      0x000089dc        0x8
 *(.ARM.exidx* .gnu.linkonce.armexidx.*)
 .ARM.exidx     0x000089dc        0x8 a:/7.0/toolchain/arm/arm-gnu-toolchain/bin/../lib/gcc/arm-none-eabi/5.3.1/armv6-m\libgcc.a(_udivmoddi4.o)
                [!provide]                PROVIDE (__exidx_end, .)

.eh_frame       0x000089e4        0x0
 .eh_frame      0x000089e4        0x0 a:/7.0/toolchain/arm/arm-gnu-toolchain/bin/../lib/gcc/arm-none-eabi/5.3.1/armv6-m/crtbegin.o

.rel.dyn        0x000089e4        0x0
 .rel.iplt      0x000089e4        0x0 a:/7.0/toolchain/arm/arm-gnu-toolchain/bin/../lib/gcc/arm-none-eabi/5.3.1/armv6-m/crtbegin.o

.jcr            0x000089e4        0x0
 .jcr           0x000089e4        0x0 a:/7.0/toolchain/arm/arm-gnu-toolchain/bin/../lib/gcc/arm-none-eabi/5.3.1/armv6-m/crtbegin.o

.igot.plt       0x000089e4        0x0
 .igot.plt      0x000089e4        0x0 a:/7.0/toolchain/arm/arm-gnu-toolchain/bin/../lib/gcc/arm-none-eabi/5.3.1/armv6-m/crtbegin.o
                0x000089e4                . = ALIGN (0x4)
                0x000089e4                _etext = .

.relocate       0x20000000       0xbc load address 0x000089e4
                0x20000000                . = ALIGN (0x4)
                0x20000000                _srelocate = .
 *(.ramfunc .ramfunc.*)
 .ramfunc       0x20000000        0xc src/ASF/common2/services/delay/sam0/cycle_counter.o
                0x20000000                portable_delay_cycles
 *(.data .data.*)
 .data.test_bob
                0x2000000c        0x4 src/cmd.o
                0x2000000c                test_bob
 .data.mcp23017_data
                0x20000010       0x40 src/cmd.o
                0x20000010                mcp23017_data
 .data.duty_cycle.13603
                0x20000050        0x1 src/cmd.o
 .data.a_okayish
                0x20000051        0x1 src/pwm.o
                0x20000051                a_okayish
 .data.g_interrupt_enabled
                0x20000052        0x1 src/ASF/common/utils/interrupt/interrupt_sam_nvic.o
                0x20000052                g_interrupt_enabled
 *fill*         0x20000053        0x1 
 .data.impure_data
                0x20000054       0x60 a:/7.0/toolchain/arm/arm-gnu-toolchain/bin/../lib/gcc/arm-none-eabi/5.3.1/../../../../arm-none-eabi/lib/armv6-m\libc_nano.a(lib_a-impure.o)
 .data._impure_ptr
                0x200000b4        0x4 a:/7.0/toolchain/arm/arm-gnu-toolchain/bin/../lib/gcc/arm-none-eabi/5.3.1/../../../../arm-none-eabi/lib/armv6-m\libc_nano.a(lib_a-impure.o)
                0x200000b4                _impure_ptr
 .data.__ctype_ptr__
                0x200000b8        0x4 a:/7.0/toolchain/arm/arm-gnu-toolchain/bin/../lib/gcc/arm-none-eabi/5.3.1/../../../../arm-none-eabi/lib/armv6-m\libc_nano.a(lib_a-ctype_.o)
                0x200000b8                __ctype_ptr__
                0x200000bc                . = ALIGN (0x4)
                0x200000bc                _erelocate = .

.bss            0x200000bc      0x1c4 load address 0x00008aa0
                0x200000bc                . = ALIGN (0x4)
                0x200000bc                _sbss = .
                0x200000bc                _szero = .
 *(.bss .bss.*)
 .bss           0x200000bc       0x1c a:/7.0/toolchain/arm/arm-gnu-toolchain/bin/../lib/gcc/arm-none-eabi/5.3.1/armv6-m/crtbegin.o
 .bss._sercom_config
                0x200000d8        0x2 src/ASF/sam0/drivers/sercom/sercom.o
 *fill*         0x200000da        0x2 
 .bss.buff_count
                0x200000dc        0x4 src/ble_uart.o
 .bss.state.13568
                0x200000e0        0x1 src/cmd.o
 .bss.state.13586
                0x200000e1        0x1 src/cmd.o
 .bss.pwm_val.13602
                0x200000e2        0x1 src/cmd.o
 *fill*         0x200000e3        0x1 
 .bss.cpu_irq_critical_section_counter
                0x200000e4        0x4 src/ASF/common/utils/interrupt/interrupt_sam_nvic.o
 .bss.cpu_irq_prev_interrupt_state
                0x200000e8        0x1 src/ASF/common/utils/interrupt/interrupt_sam_nvic.o
 *fill*         0x200000e9        0x3 
 .bss._system_clock_inst
                0x200000ec       0x18 src/ASF/sam0/drivers/system/clock/clock_samd21_r21_da/clock.o
 .bss.heap.5286
                0x20000104        0x4 src/ASF/sam0/utils/syscalls/gcc/syscalls.o
 .bss.__malloc_sbrk_start
                0x20000108        0x4 a:/7.0/toolchain/arm/arm-gnu-toolchain/bin/../lib/gcc/arm-none-eabi/5.3.1/../../../../arm-none-eabi/lib/armv6-m\libc_nano.a(lib_a-nano-mallocr.o)
                0x20000108                __malloc_sbrk_start
 .bss.__malloc_free_list
                0x2000010c        0x4 a:/7.0/toolchain/arm/arm-gnu-toolchain/bin/../lib/gcc/arm-none-eabi/5.3.1/../../../../arm-none-eabi/lib/armv6-m\libc_nano.a(lib_a-nano-mallocr.o)
                0x2000010c                __malloc_free_list
 *(COMMON)
 COMMON         0x20000110        0x1 src/ASF/sam0/drivers/extint/extint_callback.o
                0x20000110                _current_channel
 *fill*         0x20000111        0x3 
 COMMON         0x20000114       0x40 src/ASF/sam0/drivers/extint/extint_sam_d_r/extint.o
                0x20000114                _extint_dev
 COMMON         0x20000154        0x4 src/ASF/sam0/drivers/wdt/wdt_callback.o
                0x20000154                wdt_early_warning_callback
 COMMON         0x20000158       0xbe src/ble_uart.o
                0x20000158                sound2
                0x20000159                water
                0x2000015c                data_LED
                0x2000016c                sound9
                0x2000016d                blink_left
                0x2000016e                horn1
                0x2000016f                sound8
                0x20000170                sound3
                0x20000171                flashy1
                0x20000174                rx_buffer_array
                0x200001f4                led_bar
                0x200001f5                horn2
                0x200001f6                sound5
                0x200001f7                flashy2
                0x200001f8                read_data
                0x20000208                sound0
                0x20000209                party
                0x2000020a                blink_all
                0x2000020b                sound7
                0x2000020c                master_test
                0x2000020d                blink_right
                0x2000020e                flash_all
                0x2000020f                horn0
                0x20000210                sound1
                0x20000211                sound6
                0x20000212                flashyfade
                0x20000213                sound4
                0x20000214                start
                0x20000215                horn3
 *fill*         0x20000216        0x2 
 COMMON         0x20000218       0x24 src/cmd.o
                0x20000218                pwm_bob
                0x2000021c                tc_instance
                0x20000238                pwm_count
 COMMON         0x2000023c        0xc src/i2c.o
                0x2000023c                i2c_master_instance
 COMMON         0x20000248        0x8 src/msgeq7.o
                0x20000248                adc_instance
 COMMON         0x20000250        0xc src/pwm.o
                0x20000250                values_bands
 COMMON         0x2000025c       0x20 src/main.o
                0x2000025c                buffer
 COMMON         0x2000027c        0x4 a:/7.0/toolchain/arm/arm-gnu-toolchain/bin/../lib/gcc/arm-none-eabi/5.3.1/../../../../arm-none-eabi/lib/armv6-m\libc_nano.a(lib_a-reent.o)
                0x2000027c                errno
                0x20000280                . = ALIGN (0x4)
                0x20000280                _ebss = .
                0x20000280                _ezero = .

.stack          0x20000280     0x2000 load address 0x00008c64
                0x20000280                . = ALIGN (0x8)
                0x20000280                _sstack = .
                0x20002280                . = (. + STACK_SIZE)
 *fill*         0x20000280     0x2000 
                0x20002280                . = ALIGN (0x8)
                0x20002280                _estack = .
                0x20002280                . = ALIGN (0x4)
                0x20002280                _end = .
OUTPUT(ElectrifyEverything.elf elf32-littlearm)

.ARM.attributes
                0x00000000       0x28
 .ARM.attributes
                0x00000000       0x1e a:/7.0/toolchain/arm/arm-gnu-toolchain/bin/../lib/gcc/arm-none-eabi/5.3.1/armv6-m/crti.o
 .ARM.attributes
                0x0000001e       0x2c a:/7.0/toolchain/arm/arm-gnu-toolchain/bin/../lib/gcc/arm-none-eabi/5.3.1/armv6-m/crtbegin.o
 .ARM.attributes
                0x0000004a       0x32 src/ASF/common2/services/delay/sam0/cycle_counter.o
 .ARM.attributes
                0x0000007c       0x32 src/ASF/sam0/drivers/adc/adc_sam_d_r/adc.o
 .ARM.attributes
                0x000000ae       0x32 src/ASF/sam0/drivers/extint/extint_callback.o
 .ARM.attributes
                0x000000e0       0x32 src/ASF/sam0/drivers/extint/extint_sam_d_r/extint.o
 .ARM.attributes
                0x00000112       0x32 src/ASF/sam0/drivers/port/port.o
 .ARM.attributes
                0x00000144       0x32 src/ASF/sam0/drivers/sercom/i2c/i2c_sam0/i2c_master.o
 .ARM.attributes
                0x00000176       0x32 src/ASF/sam0/drivers/sercom/sercom.o
 .ARM.attributes
                0x000001a8       0x32 src/ASF/sam0/drivers/wdt/wdt_callback.o
 .ARM.attributes
                0x000001da       0x32 src/ble_uart.o
 .ARM.attributes
                0x0000020c       0x32 src/cmd.o
 .ARM.attributes
                0x0000023e       0x32 src/i2c.o
 .ARM.attributes
                0x00000270       0x32 src/mcp23017.o
 .ARM.attributes
                0x000002a2       0x32 src/msgeq7.o
 .ARM.attributes
                0x000002d4       0x32 src/pwm.o
 .ARM.attributes
                0x00000306       0x32 src/sounds.o
 .ARM.attributes
                0x00000338       0x32 src/ASF/common2/boards/user_board/init.o
 .ARM.attributes
                0x0000036a       0x32 src/ASF/common/utils/interrupt/interrupt_sam_nvic.o
 .ARM.attributes
                0x0000039c       0x32 src/ASF/sam0/drivers/system/clock/clock_samd21_r21_da/clock.o
 .ARM.attributes
                0x000003ce       0x32 src/ASF/sam0/drivers/system/clock/clock_samd21_r21_da/gclk.o
 .ARM.attributes
                0x00000400       0x32 src/ASF/sam0/drivers/system/pinmux/pinmux.o
 .ARM.attributes
                0x00000432       0x32 src/ASF/sam0/drivers/system/system.o
 .ARM.attributes
                0x00000464       0x32 src/ASF/sam0/utils/cmsis/samd21/source/gcc/startup_samd21.o
 .ARM.attributes
                0x00000496       0x32 src/ASF/sam0/utils/syscalls/gcc/syscalls.o
 .ARM.attributes
                0x000004c8       0x32 src/main.o
 .ARM.attributes
                0x000004fa       0x1e a:/7.0/toolchain/arm/arm-gnu-toolchain/bin/../lib/gcc/arm-none-eabi/5.3.1/armv6-m\libgcc.a(_udivsi3.o)
 .ARM.attributes
                0x00000518       0x1e a:/7.0/toolchain/arm/arm-gnu-toolchain/bin/../lib/gcc/arm-none-eabi/5.3.1/armv6-m\libgcc.a(_divsi3.o)
 .ARM.attributes
                0x00000536       0x1e a:/7.0/toolchain/arm/arm-gnu-toolchain/bin/../lib/gcc/arm-none-eabi/5.3.1/armv6-m\libgcc.a(_dvmd_tls.o)
 .ARM.attributes
                0x00000554       0x1e a:/7.0/toolchain/arm/arm-gnu-toolchain/bin/../lib/gcc/arm-none-eabi/5.3.1/armv6-m\libgcc.a(_aeabi_uldivmod.o)
 .ARM.attributes
                0x00000572       0x2c a:/7.0/toolchain/arm/arm-gnu-toolchain/bin/../lib/gcc/arm-none-eabi/5.3.1/armv6-m\libgcc.a(_muldi3.o)
 .ARM.attributes
                0x0000059e       0x2c a:/7.0/toolchain/arm/arm-gnu-toolchain/bin/../lib/gcc/arm-none-eabi/5.3.1/armv6-m\libgcc.a(_udivmoddi4.o)
 .ARM.attributes
                0x000005ca       0x2c a:/7.0/toolchain/arm/arm-gnu-toolchain/bin/../lib/gcc/arm-none-eabi/5.3.1/armv6-m\libgcc.a(adddf3.o)
 .ARM.attributes
                0x000005f6       0x2c a:/7.0/toolchain/arm/arm-gnu-toolchain/bin/../lib/gcc/arm-none-eabi/5.3.1/armv6-m\libgcc.a(divdf3.o)
 .ARM.attributes
                0x00000622       0x2c a:/7.0/toolchain/arm/arm-gnu-toolchain/bin/../lib/gcc/arm-none-eabi/5.3.1/armv6-m\libgcc.a(muldf3.o)
 .ARM.attributes
                0x0000064e       0x2c a:/7.0/toolchain/arm/arm-gnu-toolchain/bin/../lib/gcc/arm-none-eabi/5.3.1/armv6-m\libgcc.a(subdf3.o)
 .ARM.attributes
                0x0000067a       0x2c a:/7.0/toolchain/arm/arm-gnu-toolchain/bin/../lib/gcc/arm-none-eabi/5.3.1/armv6-m\libgcc.a(fixdfsi.o)
 .ARM.attributes
                0x000006a6       0x2c a:/7.0/toolchain/arm/arm-gnu-toolchain/bin/../lib/gcc/arm-none-eabi/5.3.1/armv6-m\libgcc.a(floatunsidf.o)
 .ARM.attributes
                0x000006d2       0x1e a:/7.0/toolchain/arm/arm-gnu-toolchain/bin/../lib/gcc/arm-none-eabi/5.3.1/armv6-m\libgcc.a(_clzsi2.o)
 .ARM.attributes
                0x000006f0       0x1e a:/7.0/toolchain/arm/arm-gnu-toolchain/bin/../lib/gcc/arm-none-eabi/5.3.1/armv6-m\libgcc.a(_clzdi2.o)
 .ARM.attributes
                0x0000070e       0x2c a:/7.0/toolchain/arm/arm-gnu-toolchain/bin/../lib/gcc/arm-none-eabi/5.3.1/../../../../arm-none-eabi/lib/armv6-m\libc_nano.a(lib_a-impure.o)
 .ARM.attributes
                0x0000073a       0x2c a:/7.0/toolchain/arm/arm-gnu-toolchain/bin/../lib/gcc/arm-none-eabi/5.3.1/../../../../arm-none-eabi/lib/armv6-m\libc_nano.a(lib_a-init.o)
 .ARM.attributes
                0x00000766       0x2c a:/7.0/toolchain/arm/arm-gnu-toolchain/bin/../lib/gcc/arm-none-eabi/5.3.1/../../../../arm-none-eabi/lib/armv6-m\libc_nano.a(lib_a-memcpy-stub.o)
 .ARM.attributes
                0x00000792       0x2c a:/7.0/toolchain/arm/arm-gnu-toolchain/bin/../lib/gcc/arm-none-eabi/5.3.1/../../../../arm-none-eabi/lib/armv6-m\libc_nano.a(lib_a-sprintf.o)
 .ARM.attributes
                0x000007be       0x2c a:/7.0/toolchain/arm/arm-gnu-toolchain/bin/../lib/gcc/arm-none-eabi/5.3.1/../../../../arm-none-eabi/lib/armv6-m\libc_nano.a(lib_a-sscanf.o)
 .ARM.attributes
                0x000007ea       0x2c a:/7.0/toolchain/arm/arm-gnu-toolchain/bin/../lib/gcc/arm-none-eabi/5.3.1/../../../../arm-none-eabi/lib/armv6-m\libc_nano.a(lib_a-stdio.o)
 .ARM.attributes
                0x00000816       0x1c a:/7.0/toolchain/arm/arm-gnu-toolchain/bin/../lib/gcc/arm-none-eabi/5.3.1/../../../../arm-none-eabi/lib/armv6-m\libc_nano.a(lib_a-strlen.o)
 .ARM.attributes
                0x00000832       0x2c a:/7.0/toolchain/arm/arm-gnu-toolchain/bin/../lib/gcc/arm-none-eabi/5.3.1/../../../../arm-none-eabi/lib/armv6-m\libc_nano.a(lib_a-strncmp.o)
 .ARM.attributes
                0x0000085e       0x2c a:/7.0/toolchain/arm/arm-gnu-toolchain/bin/../lib/gcc/arm-none-eabi/5.3.1/../../../../arm-none-eabi/lib/armv6-m\libc_nano.a(lib_a-nano-svfprintf.o)
 .ARM.attributes
                0x0000088a       0x2c a:/7.0/toolchain/arm/arm-gnu-toolchain/bin/../lib/gcc/arm-none-eabi/5.3.1/../../../../arm-none-eabi/lib/armv6-m\libc_nano.a(lib_a-nano-svfscanf.o)
 .ARM.attributes
                0x000008b6       0x2c a:/7.0/toolchain/arm/arm-gnu-toolchain/bin/../lib/gcc/arm-none-eabi/5.3.1/../../../../arm-none-eabi/lib/armv6-m\libc_nano.a(lib_a-nano-vfprintf_i.o)
 .ARM.attributes
                0x000008e2       0x2c a:/7.0/toolchain/arm/arm-gnu-toolchain/bin/../lib/gcc/arm-none-eabi/5.3.1/../../../../arm-none-eabi/lib/armv6-m\libc_nano.a(lib_a-nano-vfscanf_i.o)
 .ARM.attributes
                0x0000090e       0x2c a:/7.0/toolchain/arm/arm-gnu-toolchain/bin/../lib/gcc/arm-none-eabi/5.3.1/../../../../arm-none-eabi/lib/armv6-m\libc_nano.a(lib_a-reent.o)
 .ARM.attributes
                0x0000093a       0x2c a:/7.0/toolchain/arm/arm-gnu-toolchain/bin/../lib/gcc/arm-none-eabi/5.3.1/../../../../arm-none-eabi/lib/armv6-m\libc_nano.a(lib_a-sccl.o)
 .ARM.attributes
                0x00000966       0x2c a:/7.0/toolchain/arm/arm-gnu-toolchain/bin/../lib/gcc/arm-none-eabi/5.3.1/../../../../arm-none-eabi/lib/armv6-m\libc_nano.a(lib_a-strtol.o)
 .ARM.attributes
                0x00000992       0x2c a:/7.0/toolchain/arm/arm-gnu-toolchain/bin/../lib/gcc/arm-none-eabi/5.3.1/../../../../arm-none-eabi/lib/armv6-m\libc_nano.a(lib_a-strtoul.o)
 .ARM.attributes
                0x000009be       0x2c a:/7.0/toolchain/arm/arm-gnu-toolchain/bin/../lib/gcc/arm-none-eabi/5.3.1/../../../../arm-none-eabi/lib/armv6-m\libc_nano.a(lib_a-ungetc.o)
 .ARM.attributes
                0x000009ea       0x2c a:/7.0/toolchain/arm/arm-gnu-toolchain/bin/../lib/gcc/arm-none-eabi/5.3.1/../../../../arm-none-eabi/lib/armv6-m\libc_nano.a(lib_a-ctype_.o)
 .ARM.attributes
                0x00000a16       0x2c a:/7.0/toolchain/arm/arm-gnu-toolchain/bin/../lib/gcc/arm-none-eabi/5.3.1/../../../../arm-none-eabi/lib/armv6-m\libc_nano.a(lib_a-findfp.o)
 .ARM.attributes
                0x00000a42       0x2c a:/7.0/toolchain/arm/arm-gnu-toolchain/bin/../lib/gcc/arm-none-eabi/5.3.1/../../../../arm-none-eabi/lib/armv6-m\libc_nano.a(lib_a-memchr-stub.o)
 .ARM.attributes
                0x00000a6e       0x2c a:/7.0/toolchain/arm/arm-gnu-toolchain/bin/../lib/gcc/arm-none-eabi/5.3.1/../../../../arm-none-eabi/lib/armv6-m\libc_nano.a(lib_a-memmove.o)
 .ARM.attributes
                0x00000a9a       0x2c a:/7.0/toolchain/arm/arm-gnu-toolchain/bin/../lib/gcc/arm-none-eabi/5.3.1/../../../../arm-none-eabi/lib/armv6-m\libc_nano.a(lib_a-nano-freer.o)
 .ARM.attributes
                0x00000ac6       0x2c a:/7.0/toolchain/arm/arm-gnu-toolchain/bin/../lib/gcc/arm-none-eabi/5.3.1/../../../../arm-none-eabi/lib/armv6-m\libc_nano.a(lib_a-nano-mallocr.o)
 .ARM.attributes
                0x00000af2       0x2c a:/7.0/toolchain/arm/arm-gnu-toolchain/bin/../lib/gcc/arm-none-eabi/5.3.1/../../../../arm-none-eabi/lib/armv6-m\libc_nano.a(lib_a-nano-reallocr.o)
 .ARM.attributes
                0x00000b1e       0x2c a:/7.0/toolchain/arm/arm-gnu-toolchain/bin/../lib/gcc/arm-none-eabi/5.3.1/../../../../arm-none-eabi/lib/armv6-m\libc_nano.a(lib_a-sbrkr.o)
 .ARM.attributes
                0x00000b4a       0x2c a:/7.0/toolchain/arm/arm-gnu-toolchain/bin/../lib/gcc/arm-none-eabi/5.3.1/../../../../arm-none-eabi/lib/armv6-m\libc_nano.a(lib_a-nano-msizer.o)
 .ARM.attributes
                0x00000b76       0x1e a:/7.0/toolchain/arm/arm-gnu-toolchain/bin/../lib/gcc/arm-none-eabi/5.3.1/armv6-m/crtn.o

.comment        0x00000000       0x59
 .comment       0x00000000       0x59 src/ASF/common2/services/delay/sam0/cycle_counter.o
                                 0x5a (size before relaxing)
 .comment       0x00000059       0x5a src/ASF/sam0/drivers/adc/adc_sam_d_r/adc.o
 .comment       0x00000059       0x5a src/ASF/sam0/drivers/extint/extint_callback.o
 .comment       0x00000059       0x5a src/ASF/sam0/drivers/extint/extint_sam_d_r/extint.o
 .comment       0x00000059       0x5a src/ASF/sam0/drivers/port/port.o
 .comment       0x00000059       0x5a src/ASF/sam0/drivers/sercom/i2c/i2c_sam0/i2c_master.o
 .comment       0x00000059       0x5a src/ASF/sam0/drivers/sercom/sercom.o
 .comment       0x00000059       0x5a src/ASF/sam0/drivers/wdt/wdt_callback.o
 .comment       0x00000059       0x5a src/ble_uart.o
 .comment       0x00000059       0x5a src/cmd.o
 .comment       0x00000059       0x5a src/i2c.o
 .comment       0x00000059       0x5a src/mcp23017.o
 .comment       0x00000059       0x5a src/msgeq7.o
 .comment       0x00000059       0x5a src/pwm.o
 .comment       0x00000059       0x5a src/sounds.o
 .comment       0x00000059       0x5a src/ASF/common2/boards/user_board/init.o
 .comment       0x00000059       0x5a src/ASF/common/utils/interrupt/interrupt_sam_nvic.o
 .comment       0x00000059       0x5a src/ASF/sam0/drivers/system/clock/clock_samd21_r21_da/clock.o
 .comment       0x00000059       0x5a src/ASF/sam0/drivers/system/clock/clock_samd21_r21_da/gclk.o
 .comment       0x00000059       0x5a src/ASF/sam0/drivers/system/pinmux/pinmux.o
 .comment       0x00000059       0x5a src/ASF/sam0/drivers/system/system.o
 .comment       0x00000059       0x5a src/ASF/sam0/utils/cmsis/samd21/source/gcc/startup_samd21.o
 .comment       0x00000059       0x5a src/ASF/sam0/utils/syscalls/gcc/syscalls.o
 .comment       0x00000059       0x5a src/main.o

.debug_info     0x00000000    0x376ca
 .debug_info    0x00000000      0x150 src/ASF/common2/services/delay/sam0/cycle_counter.o
 .debug_info    0x00000150     0x2f6a src/ASF/sam0/drivers/adc/adc_sam_d_r/adc.o
 .debug_info    0x000030ba      0xfd5 src/ASF/sam0/drivers/extint/extint_callback.o
 .debug_info    0x0000408f     0x200b src/ASF/sam0/drivers/extint/extint_sam_d_r/extint.o
 .debug_info    0x0000609a      0x92c src/ASF/sam0/drivers/port/port.o
 .debug_info    0x000069c6     0x3e2b src/ASF/sam0/drivers/sercom/i2c/i2c_sam0/i2c_master.o
 .debug_info    0x0000a7f1     0x24a4 src/ASF/sam0/drivers/sercom/sercom.o
 .debug_info    0x0000cc95      0x975 src/ASF/sam0/drivers/wdt/wdt_callback.o
 .debug_info    0x0000d60a     0x4398 src/ble_uart.o
 .debug_info    0x000119a2     0x3fd4 src/cmd.o
 .debug_info    0x00015976     0x312d src/i2c.o
 .debug_info    0x00018aa3     0x2ed2 src/mcp23017.o
 .debug_info    0x0001b975     0x4656 src/msgeq7.o
 .debug_info    0x0001ffcb     0x511e src/pwm.o
 .debug_info    0x000250e9     0x3355 src/sounds.o
 .debug_info    0x0002843e     0x2a5e src/ASF/common2/boards/user_board/init.o
 .debug_info    0x0002ae9c      0x1ef src/ASF/common/utils/interrupt/interrupt_sam_nvic.o
 .debug_info    0x0002b08b     0x2cb4 src/ASF/sam0/drivers/system/clock/clock_samd21_r21_da/clock.o
 .debug_info    0x0002dd3f     0x1274 src/ASF/sam0/drivers/system/clock/clock_samd21_r21_da/gclk.o
 .debug_info    0x0002efb3      0xa95 src/ASF/sam0/drivers/system/pinmux/pinmux.o
 .debug_info    0x0002fa48      0x141 src/ASF/sam0/drivers/system/system.o
 .debug_info    0x0002fb89     0x3af1 src/ASF/sam0/utils/cmsis/samd21/source/gcc/startup_samd21.o
 .debug_info    0x0003367a      0x41a src/ASF/sam0/utils/syscalls/gcc/syscalls.o
 .debug_info    0x00033a94     0x3c36 src/main.o

.debug_abbrev   0x00000000     0x3d50
 .debug_abbrev  0x00000000       0xbe src/ASF/common2/services/delay/sam0/cycle_counter.o
 .debug_abbrev  0x000000be      0x2fd src/ASF/sam0/drivers/adc/adc_sam_d_r/adc.o
 .debug_abbrev  0x000003bb      0x277 src/ASF/sam0/drivers/extint/extint_callback.o
 .debug_abbrev  0x00000632      0x321 src/ASF/sam0/drivers/extint/extint_sam_d_r/extint.o
 .debug_abbrev  0x00000953      0x1b6 src/ASF/sam0/drivers/port/port.o
 .debug_abbrev  0x00000b09      0x34a src/ASF/sam0/drivers/sercom/i2c/i2c_sam0/i2c_master.o
 .debug_abbrev  0x00000e53      0x274 src/ASF/sam0/drivers/sercom/sercom.o
 .debug_abbrev  0x000010c7      0x227 src/ASF/sam0/drivers/wdt/wdt_callback.o
 .debug_abbrev  0x000012ee      0x3ce src/ble_uart.o
 .debug_abbrev  0x000016bc      0x36d src/cmd.o
 .debug_abbrev  0x00001a29      0x331 src/i2c.o
 .debug_abbrev  0x00001d5a      0x314 src/mcp23017.o
 .debug_abbrev  0x0000206e      0x39b src/msgeq7.o
 .debug_abbrev  0x00002409      0x346 src/pwm.o
 .debug_abbrev  0x0000274f      0x321 src/sounds.o
 .debug_abbrev  0x00002a70      0x295 src/ASF/common2/boards/user_board/init.o
 .debug_abbrev  0x00002d05       0xf8 src/ASF/common/utils/interrupt/interrupt_sam_nvic.o
 .debug_abbrev  0x00002dfd      0x340 src/ASF/sam0/drivers/system/clock/clock_samd21_r21_da/clock.o
 .debug_abbrev  0x0000313d      0x28e src/ASF/sam0/drivers/system/clock/clock_samd21_r21_da/gclk.o
 .debug_abbrev  0x000033cb      0x258 src/ASF/sam0/drivers/system/pinmux/pinmux.o
 .debug_abbrev  0x00003623       0xad src/ASF/sam0/drivers/system/system.o
 .debug_abbrev  0x000036d0      0x25c src/ASF/sam0/utils/cmsis/samd21/source/gcc/startup_samd21.o
 .debug_abbrev  0x0000392c      0x120 src/ASF/sam0/utils/syscalls/gcc/syscalls.o
 .debug_abbrev  0x00003a4c      0x304 src/main.o

.debug_loc      0x00000000     0x3127
 .debug_loc     0x00000000       0x2c src/ASF/common2/services/delay/sam0/cycle_counter.o
 .debug_loc     0x0000002c      0x26a src/ASF/sam0/drivers/adc/adc_sam_d_r/adc.o
 .debug_loc     0x00000296      0x1e0 src/ASF/sam0/drivers/extint/extint_callback.o
 .debug_loc     0x00000476      0x310 src/ASF/sam0/drivers/extint/extint_sam_d_r/extint.o
 .debug_loc     0x00000786       0xa8 src/ASF/sam0/drivers/port/port.o
 .debug_loc     0x0000082e      0x536 src/ASF/sam0/drivers/sercom/i2c/i2c_sam0/i2c_master.o
 .debug_loc     0x00000d64      0x18c src/ASF/sam0/drivers/sercom/sercom.o
 .debug_loc     0x00000ef0      0x17c src/ASF/sam0/drivers/wdt/wdt_callback.o
 .debug_loc     0x0000106c      0x2d4 src/ble_uart.o
 .debug_loc     0x00001340      0x27e src/cmd.o
 .debug_loc     0x000015be      0x1fa src/i2c.o
 .debug_loc     0x000017b8      0x224 src/mcp23017.o
 .debug_loc     0x000019dc      0x3e6 src/msgeq7.o
 .debug_loc     0x00001dc2      0x1ee src/pwm.o
 .debug_loc     0x00001fb0      0x350 src/sounds.o
 .debug_loc     0x00002300       0xd4 src/ASF/common2/boards/user_board/init.o
 .debug_loc     0x000023d4       0x64 src/ASF/common/utils/interrupt/interrupt_sam_nvic.o
 .debug_loc     0x00002438      0x476 src/ASF/sam0/drivers/system/clock/clock_samd21_r21_da/clock.o
 .debug_loc     0x000028ae      0x388 src/ASF/sam0/drivers/system/clock/clock_samd21_r21_da/gclk.o
 .debug_loc     0x00002c36      0x150 src/ASF/sam0/drivers/system/pinmux/pinmux.o
 .debug_loc     0x00002d86       0x58 src/ASF/sam0/drivers/system/system.o
 .debug_loc     0x00002dde       0x70 src/ASF/sam0/utils/cmsis/samd21/source/gcc/startup_samd21.o
 .debug_loc     0x00002e4e      0x1ec src/ASF/sam0/utils/syscalls/gcc/syscalls.o
 .debug_loc     0x0000303a       0xed src/main.o

.debug_aranges  0x00000000      0x980
 .debug_aranges
                0x00000000       0x28 src/ASF/common2/services/delay/sam0/cycle_counter.o
 .debug_aranges
                0x00000028       0x70 src/ASF/sam0/drivers/adc/adc_sam_d_r/adc.o
 .debug_aranges
                0x00000098       0x60 src/ASF/sam0/drivers/extint/extint_callback.o
 .debug_aranges
                0x000000f8       0x88 src/ASF/sam0/drivers/extint/extint_sam_d_r/extint.o
 .debug_aranges
                0x00000180       0x30 src/ASF/sam0/drivers/port/port.o
 .debug_aranges
                0x000001b0       0xd8 src/ASF/sam0/drivers/sercom/i2c/i2c_sam0/i2c_master.o
 .debug_aranges
                0x00000288       0x50 src/ASF/sam0/drivers/sercom/sercom.o
 .debug_aranges
                0x000002d8       0x50 src/ASF/sam0/drivers/wdt/wdt_callback.o
 .debug_aranges
                0x00000328       0x88 src/ble_uart.o
 .debug_aranges
                0x000003b0       0x78 src/cmd.o
 .debug_aranges
                0x00000428       0x60 src/i2c.o
 .debug_aranges
                0x00000488       0x68 src/mcp23017.o
 .debug_aranges
                0x000004f0       0xa8 src/msgeq7.o
 .debug_aranges
                0x00000598       0x60 src/pwm.o
 .debug_aranges
                0x000005f8       0x98 src/sounds.o
 .debug_aranges
                0x00000690       0x38 src/ASF/common2/boards/user_board/init.o
 .debug_aranges
                0x000006c8       0x28 src/ASF/common/utils/interrupt/interrupt_sam_nvic.o
 .debug_aranges
                0x000006f0       0xc0 src/ASF/sam0/drivers/system/clock/clock_samd21_r21_da/clock.o
 .debug_aranges
                0x000007b0       0xa0 src/ASF/sam0/drivers/system/clock/clock_samd21_r21_da/gclk.o
 .debug_aranges
                0x00000850       0x48 src/ASF/sam0/drivers/system/pinmux/pinmux.o
 .debug_aranges
                0x00000898       0x28 src/ASF/sam0/drivers/system/system.o
 .debug_aranges
                0x000008c0       0x28 src/ASF/sam0/utils/cmsis/samd21/source/gcc/startup_samd21.o
 .debug_aranges
                0x000008e8       0x60 src/ASF/sam0/utils/syscalls/gcc/syscalls.o
 .debug_aranges
                0x00000948       0x38 src/main.o

.debug_ranges   0x00000000      0x800
 .debug_ranges  0x00000000       0x18 src/ASF/common2/services/delay/sam0/cycle_counter.o
 .debug_ranges  0x00000018       0x60 src/ASF/sam0/drivers/adc/adc_sam_d_r/adc.o
 .debug_ranges  0x00000078       0x50 src/ASF/sam0/drivers/extint/extint_callback.o
 .debug_ranges  0x000000c8       0x78 src/ASF/sam0/drivers/extint/extint_sam_d_r/extint.o
 .debug_ranges  0x00000140       0x20 src/ASF/sam0/drivers/port/port.o
 .debug_ranges  0x00000160       0xc8 src/ASF/sam0/drivers/sercom/i2c/i2c_sam0/i2c_master.o
 .debug_ranges  0x00000228       0x40 src/ASF/sam0/drivers/sercom/sercom.o
 .debug_ranges  0x00000268       0x40 src/ASF/sam0/drivers/wdt/wdt_callback.o
 .debug_ranges  0x000002a8       0x78 src/ble_uart.o
 .debug_ranges  0x00000320       0x68 src/cmd.o
 .debug_ranges  0x00000388       0x50 src/i2c.o
 .debug_ranges  0x000003d8       0x58 src/mcp23017.o
 .debug_ranges  0x00000430       0x98 src/msgeq7.o
 .debug_ranges  0x000004c8       0x50 src/pwm.o
 .debug_ranges  0x00000518       0x88 src/sounds.o
 .debug_ranges  0x000005a0       0x28 src/ASF/common2/boards/user_board/init.o
 .debug_ranges  0x000005c8       0x18 src/ASF/common/utils/interrupt/interrupt_sam_nvic.o
 .debug_ranges  0x000005e0       0xb0 src/ASF/sam0/drivers/system/clock/clock_samd21_r21_da/clock.o
 .debug_ranges  0x00000690       0x90 src/ASF/sam0/drivers/system/clock/clock_samd21_r21_da/gclk.o
 .debug_ranges  0x00000720       0x38 src/ASF/sam0/drivers/system/pinmux/pinmux.o
 .debug_ranges  0x00000758       0x18 src/ASF/sam0/drivers/system/system.o
 .debug_ranges  0x00000770       0x18 src/ASF/sam0/utils/cmsis/samd21/source/gcc/startup_samd21.o
 .debug_ranges  0x00000788       0x50 src/ASF/sam0/utils/syscalls/gcc/syscalls.o
 .debug_ranges  0x000007d8       0x28 src/main.o

.debug_macro    0x00000000     0x9201
 .debug_macro   0x00000000      0x50e src/ASF/common2/services/delay/sam0/cycle_counter.o
 .debug_macro   0x0000050e       0x2e src/ASF/common2/services/delay/sam0/cycle_counter.o
 .debug_macro   0x0000053c      0x53a src/ASF/sam0/drivers/adc/adc_sam_d_r/adc.o
 .debug_macro   0x00000a76      0x4f8 src/ASF/sam0/drivers/extint/extint_callback.o
 .debug_macro   0x00000f6e       0x19 src/ASF/sam0/drivers/extint/extint_callback.o
 .debug_macro   0x00000f87      0x553 src/ASF/sam0/drivers/extint/extint_sam_d_r/extint.o
 .debug_macro   0x000014da       0x16 src/ASF/sam0/drivers/extint/extint_sam_d_r/extint.o
 .debug_macro   0x000014f0      0x4ed src/ASF/sam0/drivers/port/port.o
 .debug_macro   0x000019dd       0x12 src/ASF/sam0/drivers/port/port.o
 .debug_macro   0x000019ef      0x567 src/ASF/sam0/drivers/sercom/i2c/i2c_sam0/i2c_master.o
 .debug_macro   0x00001f56       0x27 src/ASF/sam0/drivers/sercom/i2c/i2c_sam0/i2c_master.o
 .debug_macro   0x00001f7d      0x561 src/ASF/sam0/drivers/sercom/sercom.o
 .debug_macro   0x000024de      0x54b src/ASF/sam0/drivers/wdt/wdt_callback.o
 .debug_macro   0x00002a29      0x6b0 src/ble_uart.o
 .debug_macro   0x000030d9       0x5e src/ble_uart.o
 .debug_macro   0x00003137       0xc4 src/ble_uart.o
 .debug_macro   0x000031fb      0x2bf src/ble_uart.o
 .debug_macro   0x000034ba      0x6db src/cmd.o
 .debug_macro   0x00003b95       0x16 src/cmd.o
 .debug_macro   0x00003bab       0x64 src/cmd.o
 .debug_macro   0x00003c0f       0x1c src/cmd.o
 .debug_macro   0x00003c2b       0x94 src/cmd.o
 .debug_macro   0x00003cbf      0x692 src/i2c.o
 .debug_macro   0x00004351      0x69b src/mcp23017.o
 .debug_macro   0x000049ec       0xbe src/mcp23017.o
 .debug_macro   0x00004aaa       0x10 src/mcp23017.o
 .debug_macro   0x00004aba      0x691 src/msgeq7.o
 .debug_macro   0x0000514b       0x16 src/msgeq7.o
 .debug_macro   0x00005161      0x6ce src/pwm.o
 .debug_macro   0x0000582f       0x16 src/pwm.o
 .debug_macro   0x00005845       0x1c src/pwm.o
 .debug_macro   0x00005861      0x6a3 src/sounds.o
 .debug_macro   0x00005f04       0x8e src/sounds.o
 .debug_macro   0x00005f92      0x682 src/ASF/common2/boards/user_board/init.o
 .debug_macro   0x00006614      0x4d3 src/ASF/common/utils/interrupt/interrupt_sam_nvic.o
 .debug_macro   0x00006ae7      0x545 src/ASF/sam0/drivers/system/clock/clock_samd21_r21_da/clock.o
 .debug_macro   0x0000702c      0x29d src/ASF/sam0/drivers/system/clock/clock_samd21_r21_da/clock.o
 .debug_macro   0x000072c9      0x509 src/ASF/sam0/drivers/system/clock/clock_samd21_r21_da/gclk.o
 .debug_macro   0x000077d2      0x4e3 src/ASF/sam0/drivers/system/pinmux/pinmux.o
 .debug_macro   0x00007cb5       0x12 src/ASF/sam0/drivers/system/pinmux/pinmux.o
 .debug_macro   0x00007cc7      0x517 src/ASF/sam0/drivers/system/system.o
 .debug_macro   0x000081de      0x2e5 src/ASF/sam0/utils/cmsis/samd21/source/gcc/startup_samd21.o
 .debug_macro   0x000084c3       0x3a src/ASF/sam0/utils/cmsis/samd21/source/gcc/startup_samd21.o
 .debug_macro   0x000084fd      0x19c src/ASF/sam0/utils/syscalls/gcc/syscalls.o
 .debug_macro   0x00008699       0x4c src/ASF/sam0/utils/syscalls/gcc/syscalls.o
 .debug_macro   0x000086e5       0x8d src/ASF/sam0/utils/syscalls/gcc/syscalls.o
 .debug_macro   0x00008772       0x4a src/ASF/sam0/utils/syscalls/gcc/syscalls.o
 .debug_macro   0x000087bc       0x97 src/ASF/sam0/utils/syscalls/gcc/syscalls.o
 .debug_macro   0x00008853       0xf6 src/ASF/sam0/utils/syscalls/gcc/syscalls.o
 .debug_macro   0x00008949       0x52 src/ASF/sam0/utils/syscalls/gcc/syscalls.o
 .debug_macro   0x0000899b       0x16 src/ASF/sam0/utils/syscalls/gcc/syscalls.o
 .debug_macro   0x000089b1       0x10 src/ASF/sam0/utils/syscalls/gcc/syscalls.o
 .debug_macro   0x000089c1       0x41 src/ASF/sam0/utils/syscalls/gcc/syscalls.o
 .debug_macro   0x00008a02      0x122 src/ASF/sam0/utils/syscalls/gcc/syscalls.o
 .debug_macro   0x00008b24      0x6dd src/main.o

.debug_line     0x00000000    0x116b1
 .debug_line    0x00000000      0x8c3 src/ASF/common2/services/delay/sam0/cycle_counter.o
 .debug_line    0x000008c3      0xbe5 src/ASF/sam0/drivers/adc/adc_sam_d_r/adc.o
 .debug_line    0x000014a8      0x909 src/ASF/sam0/drivers/extint/extint_callback.o
 .debug_line    0x00001db1      0xc58 src/ASF/sam0/drivers/extint/extint_sam_d_r/extint.o
 .debug_line    0x00002a09      0x849 src/ASF/sam0/drivers/port/port.o
 .debug_line    0x00003252      0xd83 src/ASF/sam0/drivers/sercom/i2c/i2c_sam0/i2c_master.o
 .debug_line    0x00003fd5      0xb6c src/ASF/sam0/drivers/sercom/sercom.o
 .debug_line    0x00004b41      0xa83 src/ASF/sam0/drivers/wdt/wdt_callback.o
 .debug_line    0x000055c4      0xf31 src/ble_uart.o
 .debug_line    0x000064f5     0x11fa src/cmd.o
 .debug_line    0x000076ef      0xe63 src/i2c.o
 .debug_line    0x00008552      0xe8a src/mcp23017.o
 .debug_line    0x000093dc      0xf6c src/msgeq7.o
 .debug_line    0x0000a348      0xe88 src/pwm.o
 .debug_line    0x0000b1d0      0xee5 src/sounds.o
 .debug_line    0x0000c0b5      0xda8 src/ASF/common2/boards/user_board/init.o
 .debug_line    0x0000ce5d      0x817 src/ASF/common/utils/interrupt/interrupt_sam_nvic.o
 .debug_line    0x0000d674      0xbf7 src/ASF/sam0/drivers/system/clock/clock_samd21_r21_da/clock.o
 .debug_line    0x0000e26b      0xaea src/ASF/sam0/drivers/system/clock/clock_samd21_r21_da/gclk.o
 .debug_line    0x0000ed55      0x8bb src/ASF/sam0/drivers/system/pinmux/pinmux.o
 .debug_line    0x0000f610      0x932 src/ASF/sam0/drivers/system/system.o
 .debug_line    0x0000ff42      0x5e6 src/ASF/sam0/utils/cmsis/samd21/source/gcc/startup_samd21.o
 .debug_line    0x00010528      0x354 src/ASF/sam0/utils/syscalls/gcc/syscalls.o
 .debug_line    0x0001087c      0xe35 src/main.o

.debug_str      0x00000000    0x8967b
 .debug_str     0x00000000    0x7e376 src/ASF/common2/services/delay/sam0/cycle_counter.o
                              0x7ebd8 (size before relaxing)
 .debug_str     0x0007e376     0x1aef src/ASF/sam0/drivers/adc/adc_sam_d_r/adc.o
                              0x80594 (size before relaxing)
 .debug_str     0x0007fe65      0x524 src/ASF/sam0/drivers/extint/extint_callback.o
                              0x7f14c (size before relaxing)
 .debug_str     0x00080389      0xaeb src/ASF/sam0/drivers/extint/extint_sam_d_r/extint.o
                              0x800b7 (size before relaxing)
 .debug_str     0x00080e74      0x28a src/ASF/sam0/drivers/port/port.o
                              0x7ecf9 (size before relaxing)
 .debug_str     0x000810fe     0x145a src/ASF/sam0/drivers/sercom/i2c/i2c_sam0/i2c_master.o
                              0x808ac (size before relaxing)
 .debug_str     0x00082558      0x3c3 src/ASF/sam0/drivers/sercom/sercom.o
                              0x7ff8a (size before relaxing)
 .debug_str     0x0008291b      0x1c8 src/ASF/sam0/drivers/wdt/wdt_callback.o
                              0x7f504 (size before relaxing)
 .debug_str     0x00082ae3     0x21d8 src/ble_uart.o
                              0x82898 (size before relaxing)
 .debug_str     0x00084cbb      0x611 src/cmd.o
                              0x8289c (size before relaxing)
 .debug_str     0x000852cc      0x15c src/i2c.o
                              0x81c2e (size before relaxing)
 .debug_str     0x00085428       0xac src/mcp23017.o
                              0x81a6b (size before relaxing)
 .debug_str     0x000854d4      0x1da src/msgeq7.o
                              0x8297c (size before relaxing)
 .debug_str     0x000856ae       0x4c src/pwm.o
                              0x82c64 (size before relaxing)
 .debug_str     0x000856fa       0x97 src/sounds.o
                              0x818de (size before relaxing)
 .debug_str     0x00085791       0x3e src/ASF/common2/boards/user_board/init.o
                              0x810eb (size before relaxing)
 .debug_str     0x000857cf       0x73 src/ASF/common/utils/interrupt/interrupt_sam_nvic.o
                              0x7e909 (size before relaxing)
 .debug_str     0x00085842     0x23d7 src/ASF/sam0/drivers/system/clock/clock_samd21_r21_da/clock.o
                              0x819ef (size before relaxing)
 .debug_str     0x00087c19      0x249 src/ASF/sam0/drivers/system/clock/clock_samd21_r21_da/gclk.o
                              0x7f57f (size before relaxing)
 .debug_str     0x00087e62      0x1b5 src/ASF/sam0/drivers/system/pinmux/pinmux.o
                              0x7edab (size before relaxing)
 .debug_str     0x00088017       0x47 src/ASF/sam0/drivers/system/system.o
                              0x7e9b4 (size before relaxing)
 .debug_str     0x0008805e      0xecd src/ASF/sam0/utils/cmsis/samd21/source/gcc/startup_samd21.o
                              0x6b0d5 (size before relaxing)
 .debug_str     0x00088f2b      0x734 src/ASF/sam0/utils/syscalls/gcc/syscalls.o
                               0x68aa (size before relaxing)
 .debug_str     0x0008965f       0x1c src/main.o
                              0x827d3 (size before relaxing)

.debug_frame    0x00000000     0x2718
 .debug_frame   0x00000000       0x3c src/ASF/common2/services/delay/sam0/cycle_counter.o
 .debug_frame   0x0000003c      0x174 src/ASF/sam0/drivers/adc/adc_sam_d_r/adc.o
 .debug_frame   0x000001b0      0x128 src/ASF/sam0/drivers/extint/extint_callback.o
 .debug_frame   0x000002d8      0x1d0 src/ASF/sam0/drivers/extint/extint_sam_d_r/extint.o
 .debug_frame   0x000004a8       0x70 src/ASF/sam0/drivers/port/port.o
 .debug_frame   0x00000518      0x310 src/ASF/sam0/drivers/sercom/i2c/i2c_sam0/i2c_master.o
 .debug_frame   0x00000828       0xf8 src/ASF/sam0/drivers/sercom/sercom.o
 .debug_frame   0x00000920       0xec src/ASF/sam0/drivers/wdt/wdt_callback.o
 .debug_frame   0x00000a0c      0x1c0 src/ble_uart.o
 .debug_frame   0x00000bcc      0x184 src/cmd.o
 .debug_frame   0x00000d50      0x130 src/i2c.o
 .debug_frame   0x00000e80      0x14c src/mcp23017.o
 .debug_frame   0x00000fcc      0x250 src/msgeq7.o
 .debug_frame   0x0000121c      0x134 src/pwm.o
 .debug_frame   0x00001350      0x200 src/sounds.o
 .debug_frame   0x00001550       0x8c src/ASF/common2/boards/user_board/init.o
 .debug_frame   0x000015dc       0x4c src/ASF/common/utils/interrupt/interrupt_sam_nvic.o
 .debug_frame   0x00001628      0x2a4 src/ASF/sam0/drivers/system/clock/clock_samd21_r21_da/clock.o
 .debug_frame   0x000018cc      0x220 src/ASF/sam0/drivers/system/clock/clock_samd21_r21_da/gclk.o
 .debug_frame   0x00001aec       0xd0 src/ASF/sam0/drivers/system/pinmux/pinmux.o
 .debug_frame   0x00001bbc       0x48 src/ASF/sam0/drivers/system/system.o
 .debug_frame   0x00001c04       0x50 src/ASF/sam0/utils/cmsis/samd21/source/gcc/startup_samd21.o
 .debug_frame   0x00001c54      0x12c src/ASF/sam0/utils/syscalls/gcc/syscalls.o
 .debug_frame   0x00001d80       0x9c src/main.o
 .debug_frame   0x00001e1c       0x20 a:/7.0/toolchain/arm/arm-gnu-toolchain/bin/../lib/gcc/arm-none-eabi/5.3.1/armv6-m\libgcc.a(_udivsi3.o)
 .debug_frame   0x00001e3c       0x20 a:/7.0/toolchain/arm/arm-gnu-toolchain/bin/../lib/gcc/arm-none-eabi/5.3.1/armv6-m\libgcc.a(_divsi3.o)
 .debug_frame   0x00001e5c       0x34 a:/7.0/toolchain/arm/arm-gnu-toolchain/bin/../lib/gcc/arm-none-eabi/5.3.1/armv6-m\libgcc.a(_muldi3.o)
 .debug_frame   0x00001e90       0x3c a:/7.0/toolchain/arm/arm-gnu-toolchain/bin/../lib/gcc/arm-none-eabi/5.3.1/armv6-m\libgcc.a(_udivmoddi4.o)
 .debug_frame   0x00001ecc       0x3c a:/7.0/toolchain/arm/arm-gnu-toolchain/bin/../lib/gcc/arm-none-eabi/5.3.1/armv6-m\libgcc.a(adddf3.o)
 .debug_frame   0x00001f08       0x3c a:/7.0/toolchain/arm/arm-gnu-toolchain/bin/../lib/gcc/arm-none-eabi/5.3.1/armv6-m\libgcc.a(divdf3.o)
 .debug_frame   0x00001f44       0x3c a:/7.0/toolchain/arm/arm-gnu-toolchain/bin/../lib/gcc/arm-none-eabi/5.3.1/armv6-m\libgcc.a(muldf3.o)
 .debug_frame   0x00001f80       0x38 a:/7.0/toolchain/arm/arm-gnu-toolchain/bin/../lib/gcc/arm-none-eabi/5.3.1/armv6-m\libgcc.a(subdf3.o)
 .debug_frame   0x00001fb8       0x2c a:/7.0/toolchain/arm/arm-gnu-toolchain/bin/../lib/gcc/arm-none-eabi/5.3.1/armv6-m\libgcc.a(fixdfsi.o)
 .debug_frame   0x00001fe4       0x2c a:/7.0/toolchain/arm/arm-gnu-toolchain/bin/../lib/gcc/arm-none-eabi/5.3.1/armv6-m\libgcc.a(floatunsidf.o)
 .debug_frame   0x00002010       0x2c a:/7.0/toolchain/arm/arm-gnu-toolchain/bin/../lib/gcc/arm-none-eabi/5.3.1/../../../../arm-none-eabi/lib/armv6-m\libc_nano.a(lib_a-init.o)
 .debug_frame   0x0000203c       0x28 a:/7.0/toolchain/arm/arm-gnu-toolchain/bin/../lib/gcc/arm-none-eabi/5.3.1/../../../../arm-none-eabi/lib/armv6-m\libc_nano.a(lib_a-memcpy-stub.o)
 .debug_frame   0x00002064       0x50 a:/7.0/toolchain/arm/arm-gnu-toolchain/bin/../lib/gcc/arm-none-eabi/5.3.1/../../../../arm-none-eabi/lib/armv6-m\libc_nano.a(lib_a-sprintf.o)
 .debug_frame   0x000020b4       0x58 a:/7.0/toolchain/arm/arm-gnu-toolchain/bin/../lib/gcc/arm-none-eabi/5.3.1/../../../../arm-none-eabi/lib/armv6-m\libc_nano.a(lib_a-sscanf.o)
 .debug_frame   0x0000210c       0x90 a:/7.0/toolchain/arm/arm-gnu-toolchain/bin/../lib/gcc/arm-none-eabi/5.3.1/../../../../arm-none-eabi/lib/armv6-m\libc_nano.a(lib_a-stdio.o)
 .debug_frame   0x0000219c       0x2c a:/7.0/toolchain/arm/arm-gnu-toolchain/bin/../lib/gcc/arm-none-eabi/5.3.1/../../../../arm-none-eabi/lib/armv6-m\libc_nano.a(lib_a-strncmp.o)
 .debug_frame   0x000021c8       0x74 a:/7.0/toolchain/arm/arm-gnu-toolchain/bin/../lib/gcc/arm-none-eabi/5.3.1/../../../../arm-none-eabi/lib/armv6-m\libc_nano.a(lib_a-nano-svfprintf.o)
 .debug_frame   0x0000223c       0x68 a:/7.0/toolchain/arm/arm-gnu-toolchain/bin/../lib/gcc/arm-none-eabi/5.3.1/../../../../arm-none-eabi/lib/armv6-m\libc_nano.a(lib_a-nano-svfscanf.o)
 .debug_frame   0x000022a4       0x54 a:/7.0/toolchain/arm/arm-gnu-toolchain/bin/../lib/gcc/arm-none-eabi/5.3.1/../../../../arm-none-eabi/lib/armv6-m\libc_nano.a(lib_a-nano-vfprintf_i.o)
 .debug_frame   0x000022f8       0x54 a:/7.0/toolchain/arm/arm-gnu-toolchain/bin/../lib/gcc/arm-none-eabi/5.3.1/../../../../arm-none-eabi/lib/armv6-m\libc_nano.a(lib_a-nano-vfscanf_i.o)
 .debug_frame   0x0000234c       0x48 a:/7.0/toolchain/arm/arm-gnu-toolchain/bin/../lib/gcc/arm-none-eabi/5.3.1/../../../../arm-none-eabi/lib/armv6-m\libc_nano.a(lib_a-reent.o)
 .debug_frame   0x00002394       0x2c a:/7.0/toolchain/arm/arm-gnu-toolchain/bin/../lib/gcc/arm-none-eabi/5.3.1/../../../../arm-none-eabi/lib/armv6-m\libc_nano.a(lib_a-sccl.o)
 .debug_frame   0x000023c0       0x48 a:/7.0/toolchain/arm/arm-gnu-toolchain/bin/../lib/gcc/arm-none-eabi/5.3.1/../../../../arm-none-eabi/lib/armv6-m\libc_nano.a(lib_a-strtol.o)
 .debug_frame   0x00002408       0x48 a:/7.0/toolchain/arm/arm-gnu-toolchain/bin/../lib/gcc/arm-none-eabi/5.3.1/../../../../arm-none-eabi/lib/armv6-m\libc_nano.a(lib_a-strtoul.o)
 .debug_frame   0x00002450       0x6c a:/7.0/toolchain/arm/arm-gnu-toolchain/bin/../lib/gcc/arm-none-eabi/5.3.1/../../../../arm-none-eabi/lib/armv6-m\libc_nano.a(lib_a-ungetc.o)
 .debug_frame   0x000024bc      0x140 a:/7.0/toolchain/arm/arm-gnu-toolchain/bin/../lib/gcc/arm-none-eabi/5.3.1/../../../../arm-none-eabi/lib/armv6-m\libc_nano.a(lib_a-findfp.o)
 .debug_frame   0x000025fc       0x20 a:/7.0/toolchain/arm/arm-gnu-toolchain/bin/../lib/gcc/arm-none-eabi/5.3.1/../../../../arm-none-eabi/lib/armv6-m\libc_nano.a(lib_a-memchr-stub.o)
 .debug_frame   0x0000261c       0x28 a:/7.0/toolchain/arm/arm-gnu-toolchain/bin/../lib/gcc/arm-none-eabi/5.3.1/../../../../arm-none-eabi/lib/armv6-m\libc_nano.a(lib_a-memmove.o)
 .debug_frame   0x00002644       0x2c a:/7.0/toolchain/arm/arm-gnu-toolchain/bin/../lib/gcc/arm-none-eabi/5.3.1/../../../../arm-none-eabi/lib/armv6-m\libc_nano.a(lib_a-nano-freer.o)
 .debug_frame   0x00002670       0x2c a:/7.0/toolchain/arm/arm-gnu-toolchain/bin/../lib/gcc/arm-none-eabi/5.3.1/../../../../arm-none-eabi/lib/armv6-m\libc_nano.a(lib_a-nano-mallocr.o)
 .debug_frame   0x0000269c       0x30 a:/7.0/toolchain/arm/arm-gnu-toolchain/bin/../lib/gcc/arm-none-eabi/5.3.1/../../../../arm-none-eabi/lib/armv6-m\libc_nano.a(lib_a-nano-reallocr.o)
 .debug_frame   0x000026cc       0x2c a:/7.0/toolchain/arm/arm-gnu-toolchain/bin/../lib/gcc/arm-none-eabi/5.3.1/../../../../arm-none-eabi/lib/armv6-m\libc_nano.a(lib_a-sbrkr.o)
 .debug_frame   0x000026f8       0x20 a:/7.0/toolchain/arm/arm-gnu-toolchain/bin/../lib/gcc/arm-none-eabi/5.3.1/../../../../arm-none-eabi/lib/armv6-m\libc_nano.a(lib_a-nano-msizer.o)

Cross Reference Table

Symbol                                            File
AC_Handler                                        src/ASF/sam0/utils/cmsis/samd21/source/gcc/startup_samd21.o
ADC_Handler                                       src/ASF/sam0/utils/cmsis/samd21/source/gcc/startup_samd21.o
DAC_Handler                                       src/ASF/sam0/utils/cmsis/samd21/source/gcc/startup_samd21.o
DMAC_Handler                                      src/ASF/sam0/utils/cmsis/samd21/source/gcc/startup_samd21.o
Dummy_Handler                                     src/ASF/sam0/utils/cmsis/samd21/source/gcc/startup_samd21.o
EIC_Handler                                       src/ASF/sam0/drivers/extint/extint_callback.o
EVSYS_Handler                                     src/ASF/sam0/utils/cmsis/samd21/source/gcc/startup_samd21.o
HardFault_Handler                                 src/ASF/sam0/utils/cmsis/samd21/source/gcc/startup_samd21.o
I2S_Handler                                       src/ASF/sam0/utils/cmsis/samd21/source/gcc/startup_samd21.o
NMI_Handler                                       src/ASF/sam0/utils/cmsis/samd21/source/gcc/startup_samd21.o
NVMCTRL_Handler                                   src/ASF/sam0/utils/cmsis/samd21/source/gcc/startup_samd21.o
PM_Handler                                        src/ASF/sam0/utils/cmsis/samd21/source/gcc/startup_samd21.o
PTC_Handler                                       src/ASF/sam0/utils/cmsis/samd21/source/gcc/startup_samd21.o
PendSV_Handler                                    src/ASF/sam0/utils/cmsis/samd21/source/gcc/startup_samd21.o
RTC_Handler                                       src/ASF/sam0/utils/cmsis/samd21/source/gcc/startup_samd21.o
Reset_Handler                                     src/ASF/sam0/utils/cmsis/samd21/source/gcc/startup_samd21.o
SERCOM0_Handler                                   src/ASF/sam0/utils/cmsis/samd21/source/gcc/startup_samd21.o
SERCOM1_Handler                                   src/ASF/sam0/utils/cmsis/samd21/source/gcc/startup_samd21.o
SERCOM2_Handler                                   src/ble_uart.o
SERCOM3_Handler                                   src/ASF/sam0/utils/cmsis/samd21/source/gcc/startup_samd21.o
SERCOM4_Handler                                   src/ASF/sam0/utils/cmsis/samd21/source/gcc/startup_samd21.o
SERCOM5_Handler                                   src/ASF/sam0/utils/cmsis/samd21/source/gcc/startup_samd21.o
SVC_Handler                                       src/ASF/sam0/utils/cmsis/samd21/source/gcc/startup_samd21.o
SYSCTRL_Handler                                   src/ASF/sam0/utils/cmsis/samd21/source/gcc/startup_samd21.o
SysTick_Handler                                   src/ASF/sam0/utils/cmsis/samd21/source/gcc/startup_samd21.o
SystemCoreClock                                   src/ASF/sam0/utils/cmsis/samd21/source/system_samd21.o
SystemCoreClockUpdate                             src/ASF/sam0/utils/cmsis/samd21/source/system_samd21.o
SystemInit                                        src/ASF/sam0/utils/cmsis/samd21/source/system_samd21.o
TC3_Handler                                       src/pwm.o
TC4_Handler                                       src/ASF/sam0/utils/cmsis/samd21/source/gcc/startup_samd21.o
TC5_Handler                                       src/ASF/sam0/utils/cmsis/samd21/source/gcc/startup_samd21.o
TCC0_Handler                                      src/ASF/sam0/utils/cmsis/samd21/source/gcc/startup_samd21.o
TCC1_Handler                                      src/ASF/sam0/utils/cmsis/samd21/source/gcc/startup_samd21.o
TCC2_Handler                                      src/ASF/sam0/utils/cmsis/samd21/source/gcc/startup_samd21.o
USB_Handler                                       src/ASF/sam0/utils/cmsis/samd21/source/gcc/startup_samd21.o
Uart_write                                        src/ble_uart.o
WDT_Handler                                       src/ASF/sam0/drivers/wdt/wdt_callback.o
_Jv_RegisterClasses                               a:/7.0/toolchain/arm/arm-gnu-toolchain/bin/../lib/gcc/arm-none-eabi/5.3.1/armv6-m/crtbegin.o
__aeabi_d2iz                                      a:/7.0/toolchain/arm/arm-gnu-toolchain/bin/../lib/gcc/arm-none-eabi/5.3.1/armv6-m\libgcc.a(fixdfsi.o)
                                                  src/ASF/sam0/drivers/sercom/i2c/i2c_sam0/i2c_master.o
                                                  src/algo.o
__aeabi_dadd                                      a:/7.0/toolchain/arm/arm-gnu-toolchain/bin/../lib/gcc/arm-none-eabi/5.3.1/armv6-m\libgcc.a(adddf3.o)
                                                  src/ASF/sam0/drivers/sercom/i2c/i2c_sam0/i2c_master.o
__aeabi_ddiv                                      a:/7.0/toolchain/arm/arm-gnu-toolchain/bin/../lib/gcc/arm-none-eabi/5.3.1/armv6-m\libgcc.a(divdf3.o)
                                                  src/ASF/sam0/drivers/sercom/i2c/i2c_sam0/i2c_master.o
__aeabi_dmul                                      a:/7.0/toolchain/arm/arm-gnu-toolchain/bin/../lib/gcc/arm-none-eabi/5.3.1/armv6-m\libgcc.a(muldf3.o)
                                                  src/ASF/sam0/drivers/sercom/i2c/i2c_sam0/i2c_master.o
                                                  src/algo.o
__aeabi_dsub                                      a:/7.0/toolchain/arm/arm-gnu-toolchain/bin/../lib/gcc/arm-none-eabi/5.3.1/armv6-m\libgcc.a(subdf3.o)
                                                  src/ASF/sam0/drivers/sercom/i2c/i2c_sam0/i2c_master.o
__aeabi_i2d                                       a:/7.0/toolchain/arm/arm-gnu-toolchain/bin/../lib/gcc/arm-none-eabi/5.3.1/armv6-m\libgcc.a(floatsidf.o)
                                                  src/algo.o
__aeabi_idiv                                      a:/7.0/toolchain/arm/arm-gnu-toolchain/bin/../lib/gcc/arm-none-eabi/5.3.1/armv6-m\libgcc.a(_divsi3.o)
__aeabi_idiv0                                     a:/7.0/toolchain/arm/arm-gnu-toolchain/bin/../lib/gcc/arm-none-eabi/5.3.1/armv6-m\libgcc.a(_dvmd_tls.o)
                                                  a:/7.0/toolchain/arm/arm-gnu-toolchain/bin/../lib/gcc/arm-none-eabi/5.3.1/armv6-m\libgcc.a(_divsi3.o)
                                                  a:/7.0/toolchain/arm/arm-gnu-toolchain/bin/../lib/gcc/arm-none-eabi/5.3.1/armv6-m\libgcc.a(_udivsi3.o)
__aeabi_idivmod                                   a:/7.0/toolchain/arm/arm-gnu-toolchain/bin/../lib/gcc/arm-none-eabi/5.3.1/armv6-m\libgcc.a(_divsi3.o)
                                                  src/pwm.o
__aeabi_ldiv0                                     a:/7.0/toolchain/arm/arm-gnu-toolchain/bin/../lib/gcc/arm-none-eabi/5.3.1/armv6-m\libgcc.a(_dvmd_tls.o)
                                                  a:/7.0/toolchain/arm/arm-gnu-toolchain/bin/../lib/gcc/arm-none-eabi/5.3.1/armv6-m\libgcc.a(_aeabi_uldivmod.o)
__aeabi_lmul                                      a:/7.0/toolchain/arm/arm-gnu-toolchain/bin/../lib/gcc/arm-none-eabi/5.3.1/armv6-m\libgcc.a(_muldi3.o)
                                                  src/msgeq7.o
                                                  src/DS18B20.o
                                                  src/ASF/sam0/drivers/sercom/sercom.o
__aeabi_ui2d                                      a:/7.0/toolchain/arm/arm-gnu-toolchain/bin/../lib/gcc/arm-none-eabi/5.3.1/armv6-m\libgcc.a(floatunsidf.o)
                                                  src/ASF/sam0/drivers/sercom/i2c/i2c_sam0/i2c_master.o
__aeabi_uidiv                                     a:/7.0/toolchain/arm/arm-gnu-toolchain/bin/../lib/gcc/arm-none-eabi/5.3.1/armv6-m\libgcc.a(_udivsi3.o)
                                                  a:/7.0/toolchain/arm/arm-gnu-toolchain/bin/../lib/gcc/arm-none-eabi/5.3.1/../../../../arm-none-eabi/lib/armv6-m\libc_nano.a(lib_a-strtoul.o)
                                                  a:/7.0/toolchain/arm/arm-gnu-toolchain/bin/../lib/gcc/arm-none-eabi/5.3.1/../../../../arm-none-eabi/lib/armv6-m\libc_nano.a(lib_a-strtol.o)
                                                  a:/7.0/toolchain/arm/arm-gnu-toolchain/bin/../lib/gcc/arm-none-eabi/5.3.1/../../../../arm-none-eabi/lib/armv6-m\libc_nano.a(lib_a-nano-vfprintf_i.o)
                                                  a:/7.0/toolchain/arm/arm-gnu-toolchain/bin/../lib/gcc/arm-none-eabi/5.3.1/armv6-m\libgcc.a(divdf3.o)
                                                  src/ASF/sam0/drivers/system/clock/clock_samd21_r21_da/gclk.o
                                                  src/ASF/sam0/drivers/system/clock/clock_samd21_r21_da/clock.o
                                                  src/ASF/sam0/drivers/sercom/i2c/i2c_sam0/i2c_master.o
__aeabi_uidivmod                                  a:/7.0/toolchain/arm/arm-gnu-toolchain/bin/../lib/gcc/arm-none-eabi/5.3.1/armv6-m\libgcc.a(_udivsi3.o)
                                                  a:/7.0/toolchain/arm/arm-gnu-toolchain/bin/../lib/gcc/arm-none-eabi/5.3.1/../../../../arm-none-eabi/lib/armv6-m\libc_nano.a(lib_a-strtoul.o)
                                                  a:/7.0/toolchain/arm/arm-gnu-toolchain/bin/../lib/gcc/arm-none-eabi/5.3.1/../../../../arm-none-eabi/lib/armv6-m\libc_nano.a(lib_a-strtol.o)