Archive member included to satisfy reference by file (symbol)

c:/program files (x86)/atmel/studio/7.0/toolchain/arm/arm-gnu-toolchain/bin/../lib/gcc/arm-none-eabi/6.3.1/thumb/v6-m\libgcc.a(_udivsi3.o)
                              src/ASF/sam0/drivers/sercom/i2c/i2c_sam0/i2c_master.o (__aeabi_uidiv)
c:/program files (x86)/atmel/studio/7.0/toolchain/arm/arm-gnu-toolchain/bin/../lib/gcc/arm-none-eabi/6.3.1/thumb/v6-m\libgcc.a(_divsi3.o)
                              src/pwm.o (__aeabi_idivmod)
c:/program files (x86)/atmel/studio/7.0/toolchain/arm/arm-gnu-toolchain/bin/../lib/gcc/arm-none-eabi/6.3.1/thumb/v6-m\libgcc.a(_dvmd_tls.o)
                              c:/program files (x86)/atmel/studio/7.0/toolchain/arm/arm-gnu-toolchain/bin/../lib/gcc/arm-none-eabi/6.3.1/thumb/v6-m\libgcc.a(_udivsi3.o) (__aeabi_idiv0)
c:/program files (x86)/atmel/studio/7.0/toolchain/arm/arm-gnu-toolchain/bin/../lib/gcc/arm-none-eabi/6.3.1/thumb/v6-m\libgcc.a(_aeabi_uldivmod.o)
                              src/cmd.o (__aeabi_uldivmod)
c:/program files (x86)/atmel/studio/7.0/toolchain/arm/arm-gnu-toolchain/bin/../lib/gcc/arm-none-eabi/6.3.1/thumb/v6-m\libgcc.a(_muldi3.o)
                              src/ASF/sam0/drivers/sercom/sercom.o (__aeabi_lmul)
c:/program files (x86)/atmel/studio/7.0/toolchain/arm/arm-gnu-toolchain/bin/../lib/gcc/arm-none-eabi/6.3.1/thumb/v6-m\libgcc.a(_udivmoddi4.o)
                              c:/program files (x86)/atmel/studio/7.0/toolchain/arm/arm-gnu-toolchain/bin/../lib/gcc/arm-none-eabi/6.3.1/thumb/v6-m\libgcc.a(_aeabi_uldivmod.o) (__udivmoddi4)
c:/program files (x86)/atmel/studio/7.0/toolchain/arm/arm-gnu-toolchain/bin/../lib/gcc/arm-none-eabi/6.3.1/thumb/v6-m\libgcc.a(adddf3.o)
                              src/ASF/sam0/drivers/sercom/i2c/i2c_sam0/i2c_master.o (__aeabi_dadd)
c:/program files (x86)/atmel/studio/7.0/toolchain/arm/arm-gnu-toolchain/bin/../lib/gcc/arm-none-eabi/6.3.1/thumb/v6-m\libgcc.a(divdf3.o)
                              src/ASF/sam0/drivers/sercom/i2c/i2c_sam0/i2c_master.o (__aeabi_ddiv)
c:/program files (x86)/atmel/studio/7.0/toolchain/arm/arm-gnu-toolchain/bin/../lib/gcc/arm-none-eabi/6.3.1/thumb/v6-m\libgcc.a(muldf3.o)
                              src/algo.o (__aeabi_dmul)
c:/program files (x86)/atmel/studio/7.0/toolchain/arm/arm-gnu-toolchain/bin/../lib/gcc/arm-none-eabi/6.3.1/thumb/v6-m\libgcc.a(subdf3.o)
                              src/ASF/sam0/drivers/sercom/i2c/i2c_sam0/i2c_master.o (__aeabi_dsub)
c:/program files (x86)/atmel/studio/7.0/toolchain/arm/arm-gnu-toolchain/bin/../lib/gcc/arm-none-eabi/6.3.1/thumb/v6-m\libgcc.a(fixdfsi.o)
                              src/algo.o (__aeabi_d2iz)
c:/program files (x86)/atmel/studio/7.0/toolchain/arm/arm-gnu-toolchain/bin/../lib/gcc/arm-none-eabi/6.3.1/thumb/v6-m\libgcc.a(floatsidf.o)
                              src/algo.o (__aeabi_i2d)
c:/program files (x86)/atmel/studio/7.0/toolchain/arm/arm-gnu-toolchain/bin/../lib/gcc/arm-none-eabi/6.3.1/thumb/v6-m\libgcc.a(floatunsidf.o)
                              src/ASF/sam0/drivers/sercom/i2c/i2c_sam0/i2c_master.o (__aeabi_ui2d)
c:/program files (x86)/atmel/studio/7.0/toolchain/arm/arm-gnu-toolchain/bin/../lib/gcc/arm-none-eabi/6.3.1/thumb/v6-m\libgcc.a(_clzsi2.o)
                              c:/program files (x86)/atmel/studio/7.0/toolchain/arm/arm-gnu-toolchain/bin/../lib/gcc/arm-none-eabi/6.3.1/thumb/v6-m\libgcc.a(adddf3.o) (__clzsi2)
c:/program files (x86)/atmel/studio/7.0/toolchain/arm/arm-gnu-toolchain/bin/../lib/gcc/arm-none-eabi/6.3.1/thumb/v6-m\libgcc.a(_clzdi2.o)
                              c:/program files (x86)/atmel/studio/7.0/toolchain/arm/arm-gnu-toolchain/bin/../lib/gcc/arm-none-eabi/6.3.1/thumb/v6-m\libgcc.a(_udivmoddi4.o) (__clzdi2)
c:/program files (x86)/atmel/studio/7.0/toolchain/arm/arm-gnu-toolchain/bin/../lib/gcc/arm-none-eabi/6.3.1/../../../../arm-none-eabi/lib/thumb/v6-m\libc_nano.a(lib_a-exit.o)
                              c:/program files (x86)/atmel/studio/7.0/toolchain/arm/arm-gnu-toolchain/bin/../lib/gcc/arm-none-eabi/6.3.1/../../../../arm-none-eabi/lib/thumb/v6-m/crt0.o (exit)
c:/program files (x86)/atmel/studio/7.0/toolchain/arm/arm-gnu-toolchain/bin/../lib/gcc/arm-none-eabi/6.3.1/../../../../arm-none-eabi/lib/thumb/v6-m\libc_nano.a(lib_a-impure.o)
                              c:/program files (x86)/atmel/studio/7.0/toolchain/arm/arm-gnu-toolchain/bin/../lib/gcc/arm-none-eabi/6.3.1/../../../../arm-none-eabi/lib/thumb/v6-m\libc_nano.a(lib_a-exit.o) (_global_impure_ptr)
c:/program files (x86)/atmel/studio/7.0/toolchain/arm/arm-gnu-toolchain/bin/../lib/gcc/arm-none-eabi/6.3.1/../../../../arm-none-eabi/lib/thumb/v6-m\libc_nano.a(lib_a-init.o)
                              c:/program files (x86)/atmel/studio/7.0/toolchain/arm/arm-gnu-toolchain/bin/../lib/gcc/arm-none-eabi/6.3.1/../../../../arm-none-eabi/lib/thumb/v6-m/crt0.o (__libc_init_array)
[...]
Memory Configuration

Name             Origin             Length             Attributes
rom              0x00000000         0x00040000         xr
ram              0x20000000         0x00008000         xrw
*default*        0x00000000         0xffffffff

Linker script and memory map

LOAD c:/program files (x86)/atmel/studio/7.0/toolchain/arm/arm-gnu-toolchain/bin/../lib/gcc/arm-none-eabi/6.3.1/thumb/v6-m/crti.o
LOAD c:/program files (x86)/atmel/studio/7.0/toolchain/arm/arm-gnu-toolchain/bin/../lib/gcc/arm-none-eabi/6.3.1/thumb/v6-m/crtbegin.o
LOAD c:/program files (x86)/atmel/studio/7.0/toolchain/arm/arm-gnu-toolchain/bin/../lib/gcc/arm-none-eabi/6.3.1/../../../../arm-none-eabi/lib/thumb/v6-m/crt0.o
LOAD src/wdt.o
LOAD src/ads1115.o
LOAD src/algo.o
LOAD src/ASF/common2/services/delay/sam0/cycle_counter.o
LOAD src/ASF/sam0/drivers/adc/adc_sam_d_r/adc.o
LOAD src/ASF/sam0/drivers/extint/extint_callback.o
LOAD src/ASF/sam0/drivers/extint/extint_sam_d_r/extint.o
LOAD src/ASF/sam0/drivers/port/port.o
LOAD src/ASF/sam0/drivers/sercom/i2c/i2c_sam0/i2c_master.o
LOAD src/ASF/sam0/drivers/sercom/sercom.o
LOAD src/ASF/sam0/drivers/tc/tc_sam_d_r/tc.o
LOAD src/ASF/sam0/drivers/wdt/wdt.o
LOAD src/ASF/sam0/drivers/wdt/wdt_callback.o
LOAD src/ASF/sam0/utils/stdio/read.o
LOAD src/ASF/sam0/utils/stdio/write.o
LOAD src/ble_uart.o
LOAD src/cmd.o
LOAD src/DS18B20.o
LOAD src/i2c.o
LOAD src/mcp23017.o
LOAD src/msgeq7.o
LOAD src/pwm.o
LOAD src/sounds.o
LOAD src/uart.o
LOAD src/ASF/sam0/drivers/tc/tc_interrupt.o
LOAD src/ASF/sam0/drivers/sercom/usart/usart.o
LOAD src/ASF/sam0/drivers/sercom/usart/usart_interrupt.o
LOAD src/ASF/sam0/drivers/sercom/sercom_interrupt.o
LOAD src/ASF/common2/boards/user_board/init.o
LOAD src/ASF/common/utils/interrupt/interrupt_sam_nvic.o
LOAD src/ASF/sam0/drivers/system/clock/clock_samd21_r21_da/clock.o
LOAD src/ASF/sam0/drivers/system/clock/clock_samd21_r21_da/gclk.o
LOAD src/ASF/sam0/drivers/system/interrupt/system_interrupt.o
LOAD src/ASF/sam0/drivers/system/pinmux/pinmux.o
LOAD src/ASF/sam0/drivers/system/system.o
LOAD src/ASF/sam0/utils/cmsis/samd21/source/gcc/startup_samd21.o
LOAD src/ASF/sam0/utils/cmsis/samd21/source/system_samd21.o
LOAD src/ASF/sam0/utils/syscalls/gcc/syscalls.o
LOAD src/main.o
START GROUP
LOAD ../src/ASF/thirdparty/CMSIS/Lib/GCC\libarm_cortexM0l_math.a
LOAD c:/program files (x86)/atmel/studio/7.0/toolchain/arm/arm-gnu-toolchain/bin/../lib/gcc/arm-none-eabi/6.3.1/../../../../arm-none-eabi/lib/thumb/v6-m\libm.a
END GROUP
START GROUP
LOAD c:/program files (x86)/atmel/studio/7.0/toolchain/arm/arm-gnu-toolchain/bin/../lib/gcc/arm-none-eabi/6.3.1/thumb/v6-m\libgcc.a
LOAD c:/program files (x86)/atmel/studio/7.0/toolchain/arm/arm-gnu-toolchain/bin/../lib/gcc/arm-none-eabi/6.3.1/../../../../arm-none-eabi/lib/thumb/v6-m\libc_nano.a
END GROUP
START GROUP
LOAD c:/program files (x86)/atmel/studio/7.0/toolchain/arm/arm-gnu-toolchain/bin/../lib/gcc/arm-none-eabi/6.3.1/thumb/v6-m\libgcc.a
LOAD c:/program files (x86)/atmel/studio/7.0/toolchain/arm/arm-gnu-toolchain/bin/../lib/gcc/arm-none-eabi/6.3.1/../../../../arm-none-eabi/lib/thumb/v6-m\libc_nano.a
END GROUP
LOAD c:/program files (x86)/atmel/studio/7.0/toolchain/arm/arm-gnu-toolchain/bin/../lib/gcc/arm-none-eabi/6.3.1/thumb/v6-m/crtend.o
LOAD c:/program files (x86)/atmel/studio/7.0/toolchain/arm/arm-gnu-toolchain/bin/../lib/gcc/arm-none-eabi/6.3.1/thumb/v6-m/crtn.o
                0x00002000                STACK_SIZE = DEFINED (STACK_SIZE)?STACK_SIZE:DEFINED (__stack_size__)?__stack_size__:0x2000

.text           0x00000000     0x9d54
                0x00000000                . = ALIGN (0x4)
                0x00000000                _sfixed = .
 *(.vectors .vectors.*)
 .vectors       0x00000000       0xb4 src/ASF/sam0/utils/cmsis/samd21/source/gcc/startup_samd21.o
                0x00000000                exception_table
 *(.text .text.* .gnu.linkonce.t.*)
 .text          0x000000b4       0x60 c:/program files (x86)/atmel/studio/7.0/toolchain/arm/arm-gnu-toolchain/bin/../lib/gcc/arm-none-eabi/6.3.1/thumb/v6-m/crtbegin.o
 .text.wdt_get_config_defaults
                0x00000114       0x34 src/wdt.o
 .text.wdt_init
                0x00000148       0x38 src/wdt.o
                0x00000148                wdt_init
 .text.delay_init
                0x00000180        0xa src/ASF/common2/services/delay/sam0/cycle_counter.o
                0x00000180                delay_init
 .text.system_gclk_chan_get_config_defaults
                0x0000018a       0x16 src/ASF/sam0/drivers/adc/adc_sam_d_r/adc.o
 .text.system_apb_clock_set_mask
                0x000001a0       0x5c src/ASF/sam0/drivers/adc/adc_sam_d_r/adc.o
 .text.system_pinmux_get_config_defaults
                0x000001fc       0x28 src/ASF/sam0/drivers/adc/adc_sam_d_r/adc.o
 .text.system_voltage_reference_enable
                0x00000224       0x40 src/ASF/sam0/drivers/adc/adc_sam_d_r/adc.o
 .text.adc_is_syncing
                0x00000264       0x28 src/ASF/sam0/drivers/adc/adc_sam_d_r/adc.o
 .text.adc_get_config_defaults
                0x0000028c       0xaa src/ASF/sam0/drivers/adc/adc_sam_d_r/adc.o
                0x0000028c                adc_get_config_defaults
 *fill*         0x00000336        0x2 
 .text._adc_configure_ain_pin
                0x00000338       0x78 src/ASF/sam0/drivers/adc/adc_sam_d_r/adc.o
 .text._adc_set_config
                0x000003b0      0x52c src/ASF/sam0/drivers/adc/adc_sam_d_r/adc.o
 .text.adc_init
                0x000008dc       0x7c src/ASF/sam0/drivers/adc/adc_sam_d_r/adc.o
                0x000008dc                adc_init
 .text._extint_get_eic_from_channel
                0x00000958       0x4c src/ASF/sam0/drivers/extint/extint_callback.o
 .text.extint_chan_is_detected
                0x000009a4       0x44 src/ASF/sam0/drivers/extint/extint_callback.o
 .text.extint_chan_clear_detected
                0x000009e8       0x3c src/ASF/sam0/drivers/extint/extint_callback.o
 .text.EIC_Handler
                0x00000a24       0x6c src/ASF/sam0/drivers/extint/extint_callback.o
                0x00000a24                EIC_Handler
 .text.system_gclk_chan_get_config_defaults
                0x00000a90       0x16 src/ASF/sam0/drivers/extint/extint_sam_d_r/extint.o
 *fill*         0x00000aa6        0x2 
 .text.system_apb_clock_set_mask
                0x00000aa8       0x5c src/ASF/sam0/drivers/extint/extint_sam_d_r/extint.o
 .text.system_interrupt_enable
                0x00000b04       0x2c src/ASF/sam0/drivers/extint/extint_sam_d_r/extint.o
 .text.extint_is_syncing
                0x00000b30       0x48 src/ASF/sam0/drivers/extint/extint_sam_d_r/extint.o
 .text._system_extint_init
                0x00000b78       0xe0 src/ASF/sam0/drivers/extint/extint_sam_d_r/extint.o
                0x00000b78                _system_extint_init
 .text._extint_enable
                0x00000c58       0x64 src/ASF/sam0/drivers/extint/extint_sam_d_r/extint.o
 .text.system_pinmux_get_config_defaults
                0x00000cbc       0x28 src/ASF/sam0/drivers/port/port.o
 .text.port_pin_set_config
                0x00000ce4       0x60 src/ASF/sam0/drivers/port/port.o
                0x00000ce4                port_pin_set_config
 .text.system_gclk_chan_get_config_defaults
                0x00000d44       0x16 src/ASF/sam0/drivers/sercom/i2c/i2c_sam0/i2c_master.o
 *fill*         0x00000d5a        0x2 
 .text.system_apb_clock_set_mask
                0x00000d5c       0x5c src/ASF/sam0/drivers/sercom/i2c/i2c_sam0/i2c_master.o
 .text.system_pinmux_get_config_defaults
                0x00000db8       0x28 src/ASF/sam0/drivers/sercom/i2c/i2c_sam0/i2c_master.o
 .text.system_is_debugger_present
                0x00000de0       0x20 src/ASF/sam0/drivers/sercom/i2c/i2c_sam0/i2c_master.o
 .text.i2c_master_is_syncing
                0x00000e00       0x24 src/ASF/sam0/drivers/sercom/i2c/i2c_sam0/i2c_master.o
 .text._i2c_master_wait_for_sync
                0x00000e24       0x24 src/ASF/sam0/drivers/sercom/i2c/i2c_sam0/i2c_master.o
 .text._i2c_master_set_config
                0x00000e48      0x3f4 src/ASF/sam0/drivers/sercom/i2c/i2c_sam0/i2c_master.o
 .text.i2c_master_init
                0x0000123c       0xd0 src/ASF/sam0/drivers/sercom/i2c/i2c_sam0/i2c_master.o
                0x0000123c                i2c_master_init
 .text._i2c_master_address_response
                0x0000130c       0x5e src/ASF/sam0/drivers/sercom/i2c/i2c_sam0/i2c_master.o
                0x0000130c                _i2c_master_address_response
 .text._i2c_master_wait_for_bus
                0x0000136a       0x5e src/ASF/sam0/drivers/sercom/i2c/i2c_sam0/i2c_master.o
                0x0000136a                _i2c_master_wait_for_bus
 .text._i2c_master_send_hs_master_code
                0x000013c8       0x54 src/ASF/sam0/drivers/sercom/i2c/i2c_sam0/i2c_master.o
                0x000013c8                _i2c_master_send_hs_master_code
 .text._i2c_master_read_packet
                0x0000141c      0x274 src/ASF/sam0/drivers/sercom/i2c/i2c_sam0/i2c_master.o
 .text.i2c_master_read_packet_wait
                0x00001690       0x30 src/ASF/sam0/drivers/sercom/i2c/i2c_sam0/i2c_master.o
                0x00001690                i2c_master_read_packet_wait
 .text._i2c_master_write_packet
                0x000016c0      0x178 src/ASF/sam0/drivers/sercom/i2c/i2c_sam0/i2c_master.o
 .text.i2c_master_write_packet_wait
                0x00001838       0x30 src/ASF/sam0/drivers/sercom/i2c/i2c_sam0/i2c_master.o
                0x00001838                i2c_master_write_packet_wait
 .text.system_gclk_chan_get_config_defaults
                0x00001868       0x16 src/ASF/sam0/drivers/sercom/sercom.o
 *fill*         0x0000187e        0x2 
 .text.sercom_set_gclk_generator
                0x00001880       0x8c src/ASF/sam0/drivers/sercom/sercom.o
                0x00001880                sercom_set_gclk_generator
 .text._sercom_get_default_pad
                0x0000190c      0x1bc src/ASF/sam0/drivers/sercom/sercom.o
                0x0000190c                _sercom_get_default_pad
 .text._sercom_get_sercom_inst_index
                0x00001ac8       0x50 src/ASF/sam0/drivers/sercom/sercom.o
                0x00001ac8                _sercom_get_sercom_inst_index
 .text.system_apb_clock_set_mask
                0x00001b18       0x5c src/ASF/sam0/drivers/wdt/wdt.o
 .text.wdt_is_syncing
                0x00001b74       0x28 src/ASF/sam0/drivers/wdt/wdt.o
 .text.wdt_is_locked
                0x00001b9c       0x28 src/ASF/sam0/drivers/wdt/wdt.o
 .text.wdt_set_config
                0x00001bc4      0x178 src/ASF/sam0/drivers/wdt/wdt.o
                0x00001bc4                wdt_set_config
 .text.wdt_clear_early_warning
                0x00001d3c       0x1c src/ASF/sam0/drivers/wdt/wdt_callback.o
 .text.WDT_Handler
                0x00001d58       0x24 src/ASF/sam0/drivers/wdt/wdt_callback.o
                0x00001d58                WDT_Handler
 .text.NVIC_EnableIRQ
                0x00001d7c       0x2c src/ble_uart.o
 .text.NVIC_SetPriority
                0x00001da8       0xdc src/ble_uart.o
 .text.system_interrupt_enable_global
                0x00001e84       0x1c src/ble_uart.o
 .text.system_interrupt_disable_global
                0x00001ea0       0x1c src/ble_uart.o
 .text.uart_clk_init
                0x00001ebc       0x64 src/ble_uart.o
                0x00001ebc                uart_clk_init
 .text.uart_pin_init
                0x00001f20       0x7c src/ble_uart.o
                0x00001f20                uart_pin_init
 .text.ble_uart_init
                0x00001f9c       0x88 src/ble_uart.o
                0x00001f9c                ble_uart_init
 .text.ble_uart_write
                0x00002024       0x58 src/ble_uart.o
                0x00002024                ble_uart_write
 .text.SERCOM2_Handler
                0x0000207c       0x5c src/ble_uart.o
                0x0000207c                SERCOM2_Handler
 .text.reset_buffers
                0x000020d8       0x44 src/ble_uart.o
                0x000020d8                reset_buffers
 .text.data_handler
                0x0000211c      0xe64 src/cmd.o
                0x0000211c                data_handler
 .text.update_all_ports
                0x00002f80       0xac src/cmd.o
                0x00002f80                update_all_ports
 .text.party_lights
                0x0000302c      0x268 src/cmd.o
                0x0000302c                party_lights
 .text.flashy_flash1
                0x00003294      0x208 src/cmd.o
                0x00003294                flashy_flash1
 .text.flashy_flash2
                0x0000349c      0x250 src/cmd.o
                0x0000349c                flashy_flash2
 .text.flashy_fades
                0x000036ec      0x198 src/cmd.o
                0x000036ec                flashy_fades
 .text.reset_all_lights
                0x00003884       0x40 src/cmd.o
                0x00003884                reset_all_lights
 .text.a_okay   0x000038c4      0x238 src/cmd.o
                0x000038c4                a_okay
 .text.configure_pin
                0x00003afc       0xbc src/cmd.o
                0x00003afc                configure_pin
 .text.i2c_master_is_syncing
                0x00003bb8       0x24 src/i2c.o
 .text._i2c_master_wait_for_sync
                0x00003bdc       0x24 src/i2c.o
 .text.i2c_master_get_config_defaults
                0x00003c00       0x84 src/i2c.o
 .text.i2c_master_enable
                0x00003c84       0x5c src/i2c.o
 .text.configure_i2c_master
                0x00003ce0       0x64 src/i2c.o
                0x00003ce0                configure_i2c_master
 .text.i2c_write
                0x00003d44       0x78 src/i2c.o
                0x00003d44                i2c_write
 .text.i2c_read
                0x00003dbc      0x128 src/i2c.o
                0x00003dbc                i2c_read
 .text.system_pinmux_get_group_from_gpio_pin
                0x00003ee4       0x60 src/mcp23017.o
 .text.port_get_group_from_gpio_pin
                0x00003f44       0x24 src/mcp23017.o
 .text.port_get_config_defaults
                0x00003f68       0x22 src/mcp23017.o
 *fill*         0x00003f8a        0x2 
 .text.port_pin_set_output_level
                0x00003f8c       0x54 src/mcp23017.o
 .text.init_all_ports
                0x00003fe0       0xd8 src/mcp23017.o
                0x00003fe0                init_all_ports
 .text.mcp23017_set_pins
                0x000040b8       0x98 src/mcp23017.o
                0x000040b8                mcp23017_set_pins
 .text.mcp23017_read_all_ports
                0x00004150       0xb0 src/mcp23017.o
                0x00004150                mcp23017_read_all_ports
 .text.mcp23017_pin_init
                0x00004200       0x40 src/mcp23017.o
                0x00004200                mcp23017_pin_init
 .text.system_pinmux_get_group_from_gpio_pin
                0x00004240       0x60 src/msgeq7.o
 .text.adc_is_syncing
                0x000042a0       0x28 src/msgeq7.o
 .text.adc_get_status
                0x000042c8       0x54 src/msgeq7.o
 .text.adc_clear_status
                0x0000431c       0x54 src/msgeq7.o
 .text.adc_enable
                0x00004370       0x54 src/msgeq7.o
 .text.adc_start_conversion
                0x000043c4       0x48 src/msgeq7.o
 .text.adc_read
                0x0000440c       0x7c src/msgeq7.o
 .text.port_get_group_from_gpio_pin
                0x00004488       0x24 src/msgeq7.o
 .text.port_get_config_defaults
                0x000044ac       0x22 src/msgeq7.o
 *fill*         0x000044ce        0x2 
 .text.port_pin_set_output_level
                0x000044d0       0x54 src/msgeq7.o
 .text.msgeq7_init
                0x00004524       0x1c src/msgeq7.o
                0x00004524                msgeq7_init
 .text.msgeq7_port_init
                0x00004540       0x58 src/msgeq7.o
                0x00004540                msgeq7_port_init
 .text.msgeq7_adc_init
                0x00004598       0x58 src/msgeq7.o
                0x00004598                msgeq7_adc_init
 .text.single_conversion
                0x000045f0       0x38 src/msgeq7.o
                0x000045f0                single_conversion
 .text.msgeq7_all_bands
                0x00004628      0x17c src/msgeq7.o
                0x00004628                msgeq7_all_bands
 .text.NVIC_EnableIRQ
                0x000047a4       0x2c src/pwm.o
 .text.NVIC_SetPriority
                0x000047d0       0xdc src/pwm.o
 .text.port_get_config_defaults
                0x000048ac       0x22 src/pwm.o
 *fill*         0x000048ce        0x2 
 .text.pwm_port
                0x000048d0       0x40 src/pwm.o
                0x000048d0                pwm_port
 .text.init_TC3
                0x00004910       0x7c src/pwm.o
                0x00004910                init_TC3
 .text.TC3_Handler
                0x0000498c       0x58 src/pwm.o
                0x0000498c                TC3_Handler
 .text.things_to_do
                0x000049e4       0xe4 src/pwm.o
                0x000049e4                things_to_do
 .text.system_pinmux_get_group_from_gpio_pin
                0x00004ac8       0x60 src/sounds.o
 .text.port_get_group_from_gpio_pin
                0x00004b28       0x24 src/sounds.o
 .text.port_get_config_defaults
                0x00004b4c       0x22 src/sounds.o
 *fill*         0x00004b6e        0x2 
 .text.port_pin_set_output_level
                0x00004b70       0x54 src/sounds.o
 .text.sounds_init_pins
                0x00004bc4      0x128 src/sounds.o
                0x00004bc4                sounds_init_pins
 .text.press_sb_btn_once
                0x00004cec       0x88 src/sounds.o
                0x00004cec                press_sb_btn_once
 .text.release_sb_btn
                0x00004d74       0x24 src/sounds.o
                0x00004d74                release_sb_btn
 .text.sounds_reset
                0x00004d98      0x100 src/sounds.o
                0x00004d98                sounds_reset
 .text.usart_get_config_defaults
                0x00004e98       0xbe src/uart.o
 *fill*         0x00004f56        0x2 
 .text.uart_init
                0x00004f58      0x158 src/uart.o
                0x00004f58                uart_init
 .text.uart_write
                0x000050b0       0x48 src/uart.o
                0x000050b0                uart_write
 .text.system_board_init
                0x000050f8        0xa src/ASF/common2/boards/user_board/init.o
                0x000050f8                board_init
                0x000050f8                system_board_init
 *fill*         0x00005102        0x2 
 .text.cpu_irq_enter_critical
                0x00005104       0x54 src/ASF/common/utils/interrupt/interrupt_sam_nvic.o
                0x00005104                cpu_irq_enter_critical
 .text.cpu_irq_leave_critical
                0x00005158       0x40 src/ASF/common/utils/interrupt/interrupt_sam_nvic.o
                0x00005158                cpu_irq_leave_critical
 .text.system_gclk_gen_get_config_defaults
                0x00005198       0x2e src/ASF/sam0/drivers/system/clock/clock_samd21_r21_da/clock.o
 .text.system_clock_source_osc8m_get_config_defaults
                0x000051c6       0x22 src/ASF/sam0/drivers/system/clock/clock_samd21_r21_da/clock.o
 .text.system_cpu_clock_set_divider
                0x000051e8       0x20 src/ASF/sam0/drivers/system/clock/clock_samd21_r21_da/clock.o
 .text.system_apb_clock_set_divider
                0x00005208       0x54 src/ASF/sam0/drivers/system/clock/clock_samd21_r21_da/clock.o
 .text.system_flash_set_waitstates
                0x0000525c       0x34 src/ASF/sam0/drivers/system/clock/clock_samd21_r21_da/clock.o
 .text._system_dfll_wait_for_sync
                0x00005290       0x1c src/ASF/sam0/drivers/system/clock/clock_samd21_r21_da/clock.o
 .text._system_clock_source_dfll_set_config_errata_9905
                0x000052ac       0x44 src/ASF/sam0/drivers/system/clock/clock_samd21_r21_da/clock.o
 .text.system_clock_source_get_hz
                0x000052f0       0xbc src/ASF/sam0/drivers/system/clock/clock_samd21_r21_da/clock.o
                0x000052f0                system_clock_source_get_hz
 .text.system_clock_source_osc8m_set_config
                0x000053ac       0x78 src/ASF/sam0/drivers/system/clock/clock_samd21_r21_da/clock.o
                0x000053ac                system_clock_source_osc8m_set_config
 .text.system_clock_source_enable
                0x00005424       0xac src/ASF/sam0/drivers/system/clock/clock_samd21_r21_da/clock.o
                0x00005424                system_clock_source_enable
 .text._switch_peripheral_gclk
                0x000054d0       0x38 src/ASF/sam0/drivers/system/clock/clock_samd21_r21_da/clock.o
 .text.system_clock_init
                0x00005508      0x1c4 src/ASF/sam0/drivers/system/clock/clock_samd21_r21_da/clock.o
                0x00005508                system_clock_init
 .text.system_apb_clock_set_mask
                0x000056cc       0x5c src/ASF/sam0/drivers/system/clock/clock_samd21_r21_da/gclk.o
 .text.system_interrupt_enter_critical_section
                0x00005728       0x14 src/ASF/sam0/drivers/system/clock/clock_samd21_r21_da/gclk.o
 .text.system_interrupt_leave_critical_section
                0x0000573c       0x14 src/ASF/sam0/drivers/system/clock/clock_samd21_r21_da/gclk.o
 .text.system_gclk_is_syncing
                0x00005750       0x20 src/ASF/sam0/drivers/system/clock/clock_samd21_r21_da/gclk.o
 .text.system_gclk_init
                0x00005770       0x30 src/ASF/sam0/drivers/system/clock/clock_samd21_r21_da/gclk.o
                0x00005770                system_gclk_init
 .text.system_gclk_gen_set_config
                0x000057a0      0x124 src/ASF/sam0/drivers/system/clock/clock_samd21_r21_da/gclk.o
                0x000057a0                system_gclk_gen_set_config
 .text.system_gclk_gen_enable
                0x000058c4       0x5c src/ASF/sam0/drivers/system/clock/clock_samd21_r21_da/gclk.o
                0x000058c4                system_gclk_gen_enable
 .text.system_gclk_gen_get_hz
                0x00005920       0xd8 src/ASF/sam0/drivers/system/clock/clock_samd21_r21_da/gclk.o
                0x00005920                system_gclk_gen_get_hz
 .text.system_gclk_chan_set_config
                0x000059f8       0x44 src/ASF/sam0/drivers/system/clock/clock_samd21_r21_da/gclk.o
                0x000059f8                system_gclk_chan_set_config
 .text.system_gclk_chan_enable
                0x00005a3c       0x48 src/ASF/sam0/drivers/system/clock/clock_samd21_r21_da/gclk.o
                0x00005a3c                system_gclk_chan_enable
 .text.system_gclk_chan_disable
                0x00005a84       0x98 src/ASF/sam0/drivers/system/clock/clock_samd21_r21_da/gclk.o
                0x00005a84                system_gclk_chan_disable
 .text.system_gclk_chan_lock
                0x00005b1c       0x48 src/ASF/sam0/drivers/system/clock/clock_samd21_r21_da/gclk.o
                0x00005b1c                system_gclk_chan_lock
 .text.system_gclk_chan_get_hz
                0x00005b64       0x58 src/ASF/sam0/drivers/system/clock/clock_samd21_r21_da/gclk.o
                0x00005b64                system_gclk_chan_get_hz
 .text.system_pinmux_get_group_from_gpio_pin
                0x00005bbc       0x60 src/ASF/sam0/drivers/system/pinmux/pinmux.o
 .text._system_pinmux_config
                0x00005c1c      0x110 src/ASF/sam0/drivers/system/pinmux/pinmux.o
 .text.system_pinmux_pin_set_config
                0x00005d2c       0x48 src/ASF/sam0/drivers/system/pinmux/pinmux.o
                0x00005d2c                system_pinmux_pin_set_config
 .text._system_dummy_init
                0x00005d74        0xa src/ASF/sam0/drivers/system/system.o
                0x00005d74                _system_events_init
                0x00005d74                _system_dummy_init
                0x00005d74                _system_divas_init
 *fill*         0x00005d7e        0x2 
 .text.system_init
                0x00005d80       0x34 src/ASF/sam0/drivers/system/system.o
                0x00005d80                system_init
 .text.Reset_Handler
                0x00005db4       0xf8 src/ASF/sam0/utils/cmsis/samd21/source/gcc/startup_samd21.o
                0x00005db4                Reset_Handler
 .text.Dummy_Handler
                0x00005eac       0x1c src/ASF/sam0/utils/cmsis/samd21/source/gcc/startup_samd21.o
                0x00005eac                DMAC_Handler
                0x00005eac                HardFault_Handler
                0x00005eac                AC_Handler
                0x00005eac                SysTick_Handler
                0x00005eac                PendSV_Handler
                0x00005eac                NMI_Handler
                0x00005eac                SERCOM1_Handler
                0x00005eac                ADC_Handler
                0x00005eac                TCC1_Handler
                0x00005eac                TCC0_Handler
                0x00005eac                RTC_Handler
                0x00005eac                TC4_Handler
                0x00005eac                USB_Handler
                0x00005eac                Dummy_Handler
                0x00005eac                PM_Handler
                0x00005eac                SERCOM5_Handler
                0x00005eac                SVC_Handler
                0x00005eac                TCC2_Handler
                0x00005eac                EVSYS_Handler
                0x00005eac                SERCOM3_Handler
                0x00005eac                SERCOM4_Handler
                0x00005eac                I2S_Handler
                0x00005eac                NVMCTRL_Handler
                0x00005eac                SERCOM0_Handler
                0x00005eac                DAC_Handler
                0x00005eac                PTC_Handler
                0x00005eac                TC5_Handler
                0x00005eac                SYSCTRL_Handler
 .text._sbrk    0x00005ec8       0x3c src/ASF/sam0/utils/syscalls/gcc/syscalls.o
                0x00005ec8                _sbrk
 .text.system_interrupt_enable_global
                0x00005f04       0x1c src/main.o
 .text.system_interrupt_disable_global
                0x00005f20       0x1c src/main.o
 .text.main     0x00005f3c      0x4cc src/main.o
                0x00005f3c                main
 .text          0x00006408      0x114 c:/program files (x86)/atmel/studio/7.0/toolchain/arm/arm-gnu-toolchain/bin/../lib/gcc/arm-none-eabi/6.3.1/thumb/v6-m\libgcc.a(_udivsi3.o)
                0x00006408                __aeabi_uidiv
                0x00006408                __udivsi3
                0x00006514                __aeabi_uidivmod
 .text          0x0000651c      0x1d4 c:/program files (x86)/atmel/studio/7.0/toolchain/arm/arm-gnu-toolchain/bin/../lib/gcc/arm-none-eabi/6.3.1/thumb/v6-m\libgcc.a(_divsi3.o)
                0x0000651c                __divsi3
                0x0000651c                __aeabi_idiv
                0x000066e8                __aeabi_idivmod
 .text          0x000066f0        0x4 c:/program files (x86)/atmel/studio/7.0/toolchain/arm/arm-gnu-toolchain/bin/../lib/gcc/arm-none-eabi/6.3.1/thumb/v6-m\libgcc.a(_dvmd_tls.o)
                0x000066f0                __aeabi_idiv0
                0x000066f0                __aeabi_ldiv0
 .text          0x000066f4       0x40 c:/program files (x86)/atmel/studio/7.0/toolchain/arm/arm-gnu-toolchain/bin/../lib/gcc/arm-none-eabi/6.3.1/thumb/v6-m\libgcc.a(_aeabi_uldivmod.o)
                0x000066f4                __aeabi_uldivmod
 .text          0x00006734       0x54 c:/program files (x86)/atmel/studio/7.0/toolchain/arm/arm-gnu-toolchain/bin/../lib/gcc/arm-none-eabi/6.3.1/thumb/v6-m\libgcc.a(_muldi3.o)
                0x00006734                __muldi3
                0x00006734                __aeabi_lmul
 .text          0x00006788      0x180 c:/program files (x86)/atmel/studio/7.0/toolchain/arm/arm-gnu-toolchain/bin/../lib/gcc/arm-none-eabi/6.3.1/thumb/v6-m\libgcc.a(_udivmoddi4.o)
                0x00006788                __udivmoddi4
 .text          0x00006908      0x620 c:/program files (x86)/atmel/studio/7.0/toolchain/arm/arm-gnu-toolchain/bin/../lib/gcc/arm-none-eabi/6.3.1/thumb/v6-m\libgcc.a(adddf3.o)
                0x00006908                __aeabi_dadd
 .text          0x00006f28      0x668 c:/program files (x86)/atmel/studio/7.0/toolchain/arm/arm-gnu-toolchain/bin/../lib/gcc/arm-none-eabi/6.3.1/thumb/v6-m\libgcc.a(divdf3.o)
                0x00006f28                __aeabi_ddiv
 .text          0x00007590      0x500 c:/program files (x86)/atmel/studio/7.0/toolchain/arm/arm-gnu-toolchain/bin/../lib/gcc/arm-none-eabi/6.3.1/thumb/v6-m\libgcc.a(muldf3.o)
                0x00007590                __aeabi_dmul
 .text          0x00007a90      0x62c c:/program files (x86)/atmel/studio/7.0/toolchain/arm/arm-gnu-toolchain/bin/../lib/gcc/arm-none-eabi/6.3.1/thumb/v6-m\libgcc.a(subdf3.o)
                0x00007a90                __aeabi_dsub
 .text          0x000080bc       0x68 c:/program files (x86)/atmel/studio/7.0/toolchain/arm/arm-gnu-toolchain/bin/../lib/gcc/arm-none-eabi/6.3.1/thumb/v6-m\libgcc.a(fixdfsi.o)
                0x000080bc                __aeabi_d2iz
 .text          0x00008124       0x70 c:/program files (x86)/atmel/studio/7.0/toolchain/arm/arm-gnu-toolchain/bin/../lib/gcc/arm-none-eabi/6.3.1/thumb/v6-m\libgcc.a(floatunsidf.o)
                0x00008124                __aeabi_ui2d
 .text          0x00008194       0x3c c:/program files (x86)/atmel/studio/7.0/toolchain/arm/arm-gnu-toolchain/bin/../lib/gcc/arm-none-eabi/6.3.1/thumb/v6-m\libgcc.a(_clzsi2.o)
                0x00008194                __clzsi2
 .text          0x000081d0       0x18 c:/program files (x86)/atmel/studio/7.0/toolchain/arm/arm-gnu-toolchain/bin/../lib/gcc/arm-none-eabi/6.3.1/thumb/v6-m\libgcc.a(_clzdi2.o)
                0x000081d0                __clzdi2
 .text.__libc_init_array
                0x000081e8       0x48 c:/program files (x86)/atmel/studio/7.0/toolchain/arm/arm-gnu-toolchain/bin/../lib/gcc/arm-none-eabi/6.3.1/../../../../arm-none-eabi/lib/thumb/v6-m\libc_nano.a(lib_a-init.o)
                0x000081e8                __libc_init_array
 .text.memcpy   0x00008230       0x12 c:/program files (x86)/atmel/studio/7.0/toolchain/arm/arm-gnu-toolchain/bin/../lib/gcc/arm-none-eabi/6.3.1/../../../../arm-none-eabi/lib/thumb/v6-m\libc_nano.a(lib_a-memcpy-stub.o)
                0x00008230                memcpy
 *fill*         0x00008242        0x2 
 .text.sprintf  0x00008244       0x44 c:/program files (x86)/atmel/studio/7.0/toolchain/arm/arm-gnu-toolchain/bin/../lib/gcc/arm-none-eabi/6.3.1/../../../../arm-none-eabi/lib/thumb/v6-m\libc_nano.a(lib_a-sprintf.o)
                0x00008244                siprintf
                0x00008244                sprintf
 .text.sscanf   0x00008288       0x50 c:/program files (x86)/atmel/studio/7.0/toolchain/arm/arm-gnu-toolchain/bin/../lib/gcc/arm-none-eabi/6.3.1/../../../../arm-none-eabi/lib/thumb/v6-m\libc_nano.a(lib_a-sscanf.o)
                0x00008288                siscanf
                0x00008288                sscanf
 .text.__seofread
                0x000082d8        0x4 c:/program files (x86)/atmel/studio/7.0/toolchain/arm/arm-gnu-toolchain/bin/../lib/gcc/arm-none-eabi/6.3.1/../../../../arm-none-eabi/lib/thumb/v6-m\libc_nano.a(lib_a-stdio.o)
                0x000082d8                __seofread
 .text          0x000082dc        0xe c:/program files (x86)/atmel/studio/7.0/toolchain/arm/arm-gnu-toolchain/bin/../lib/gcc/arm-none-eabi/6.3.1/../../../../arm-none-eabi/lib/thumb/v6-m\libc_nano.a(lib_a-strlen.o)
                0x000082dc                strlen
 .text.strncmp  0x000082ea       0x22 c:/program files (x86)/atmel/studio/7.0/toolchain/arm/arm-gnu-toolchain/bin/../lib/gcc/arm-none-eabi/6.3.1/../../../../arm-none-eabi/lib/thumb/v6-m\libc_nano.a(lib_a-strncmp.o)
                0x000082ea                strncmp
 .text.__ssputs_r
                0x0000830c       0xc4 c:/program files (x86)/atmel/studio/7.0/toolchain/arm/arm-gnu-toolchain/bin/../lib/gcc/arm-none-eabi/6.3.1/../../../../arm-none-eabi/lib/thumb/v6-m\libc_nano.a(lib_a-nano-svfprintf.o)
                0x0000830c                __ssputs_r
 .text._svfprintf_r
                0x000083d0      0x208 c:/program files (x86)/atmel/studio/7.0/toolchain/arm/arm-gnu-toolchain/bin/../lib/gcc/arm-none-eabi/6.3.1/../../../../arm-none-eabi/lib/thumb/v6-m\libc_nano.a(lib_a-nano-svfprintf.o)
                0x000083d0                _svfiprintf_r
                0x000083d0                _svfprintf_r
 .text._sungetc_r
                0x000085d8       0x78 c:/program files (x86)/atmel/studio/7.0/toolchain/arm/arm-gnu-toolchain/bin/../lib/gcc/arm-none-eabi/6.3.1/../../../../arm-none-eabi/lib/thumb/v6-m\libc_nano.a(lib_a-nano-svfscanf.o)
                0x000085d8                _sungetc_r
 .text.__ssrefill_r
                0x00008650       0x3e c:/program files (x86)/atmel/studio/7.0/toolchain/arm/arm-gnu-toolchain/bin/../lib/gcc/arm-none-eabi/6.3.1/../../../../arm-none-eabi/lib/thumb/v6-m\libc_nano.a(lib_a-nano-svfscanf.o)
                0x00008650                __ssrefill_r
 *fill*         0x0000868e        0x2 
 .text.__ssvfscanf_r
                0x00008690      0x30c c:/program files (x86)/atmel/studio/7.0/toolchain/arm/arm-gnu-toolchain/bin/../lib/gcc/arm-none-eabi/6.3.1/../../../../arm-none-eabi/lib/thumb/v6-m\libc_nano.a(lib_a-nano-svfscanf.o)
                0x00008690                __ssvfiscanf_r
                0x00008690                __ssvfscanf_r
 .text._printf_common
                0x0000899c       0xda c:/program files (x86)/atmel/studio/7.0/toolchain/arm/arm-gnu-toolchain/bin/../lib/gcc/arm-none-eabi/6.3.1/../../../../arm-none-eabi/lib/thumb/v6-m\libc_nano.a(lib_a-nano-vfprintf_i.o)
                0x0000899c                _printf_common
 *fill*         0x00008a76        0x2 
 .text._printf_i
                0x00008a78      0x234 c:/program files (x86)/atmel/studio/7.0/toolchain/arm/arm-gnu-toolchain/bin/../lib/gcc/arm-none-eabi/6.3.1/../../../../arm-none-eabi/lib/thumb/v6-m\libc_nano.a(lib_a-nano-vfprintf_i.o)
                0x00008a78                _printf_i
 .text._scanf_chars
                0x00008cac       0xc8 c:/program files (x86)/atmel/studio/7.0/toolchain/arm/arm-gnu-toolchain/bin/../lib/gcc/arm-none-eabi/6.3.1/../../../../arm-none-eabi/lib/thumb/v6-m\libc_nano.a(lib_a-nano-vfscanf_i.o)
                0x00008cac                _scanf_chars
 .text._scanf_i
                0x00008d74      0x200 c:/program files (x86)/atmel/studio/7.0/toolchain/arm/arm-gnu-toolchain/bin/../lib/gcc/arm-none-eabi/6.3.1/../../../../arm-none-eabi/lib/thumb/v6-m\libc_nano.a(lib_a-nano-vfscanf_i.o)
                0x00008d74                _scanf_i
 .text.__sccl   0x00008f74       0x62 c:/program files (x86)/atmel/studio/7.0/toolchain/arm/arm-gnu-toolchain/bin/../lib/gcc/arm-none-eabi/6.3.1/../../../../arm-none-eabi/lib/thumb/v6-m\libc_nano.a(lib_a-sccl.o)
                0x00008f74                __sccl
 *fill*         0x00008fd6        0x2 
 .text._strtol_l.isra.0
                0x00008fd8      0x10c c:/program files (x86)/atmel/studio/7.0/toolchain/arm/arm-gnu-toolchain/bin/../lib/gcc/arm-none-eabi/6.3.1/../../../../arm-none-eabi/lib/thumb/v6-m\libc_nano.a(lib_a-strtol.o)
 .text._strtol_r
                0x000090e4       0x20 c:/program files (x86)/atmel/studio/7.0/toolchain/arm/arm-gnu-toolchain/bin/../lib/gcc/arm-none-eabi/6.3.1/../../../../arm-none-eabi/lib/thumb/v6-m\libc_nano.a(lib_a-strtol.o)
                0x000090e4                _strtol_r
 .text._strtoul_l.isra.0
                0x00009104      0x10e c:/program files (x86)/atmel/studio/7.0/toolchain/arm/arm-gnu-toolchain/bin/../lib/gcc/arm-none-eabi/6.3.1/../../../../arm-none-eabi/lib/thumb/v6-m\libc_nano.a(lib_a-strtoul.o)
 *fill*         0x00009212        0x2 
 .text._strtoul_r
                0x00009214       0x20 c:/program files (x86)/atmel/studio/7.0/toolchain/arm/arm-gnu-toolchain/bin/../lib/gcc/arm-none-eabi/6.3.1/../../../../arm-none-eabi/lib/thumb/v6-m\libc_nano.a(lib_a-strtoul.o)
                0x00009214                _strtoul_r
 .text.__submore
                0x00009234       0x7c c:/program files (x86)/atmel/studio/7.0/toolchain/arm/arm-gnu-toolchain/bin/../lib/gcc/arm-none-eabi/6.3.1/../../../../arm-none-eabi/lib/thumb/v6-m\libc_nano.a(lib_a-ungetc.o)
                0x00009234                __submore
 .text.__locale_ctype_ptr_l
                0x000092b0        0x6 c:/program files (x86)/atmel/studio/7.0/toolchain/arm/arm-gnu-toolchain/bin/../lib/gcc/arm-none-eabi/6.3.1/../../../../arm-none-eabi/lib/thumb/v6-m\libc_nano.a(lib_a-locale.o)
                0x000092b0                __locale_ctype_ptr_l
 *fill*         0x000092b6        0x2 
 .text.__locale_ctype_ptr
                0x000092b8       0x1c c:/program files (x86)/atmel/studio/7.0/toolchain/arm/arm-gnu-toolchain/bin/../lib/gcc/arm-none-eabi/6.3.1/../../../../arm-none-eabi/lib/thumb/v6-m\libc_nano.a(lib_a-locale.o)
                0x000092b8                __locale_ctype_ptr
 .text.__ascii_mbtowc
                0x000092d4       0x24 c:/program files (x86)/atmel/studio/7.0/toolchain/arm/arm-gnu-toolchain/bin/../lib/gcc/arm-none-eabi/6.3.1/../../../../arm-none-eabi/lib/thumb/v6-m\libc_nano.a(lib_a-mbtowc_r.o)
                0x000092d4                __ascii_mbtowc
 .text.memchr   0x000092f8       0x16 c:/program files (x86)/atmel/studio/7.0/toolchain/arm/arm-gnu-toolchain/bin/../lib/gcc/arm-none-eabi/6.3.1/../../../../arm-none-eabi/lib/thumb/v6-m\libc_nano.a(lib_a-memchr-stub.o)
                0x000092f8                memchr
 .text.memmove  0x0000930e       0x24 c:/program files (x86)/atmel/studio/7.0/toolchain/arm/arm-gnu-toolchain/bin/../lib/gcc/arm-none-eabi/6.3.1/../../../../arm-none-eabi/lib/thumb/v6-m\libc_nano.a(lib_a-memmove.o)
                0x0000930e                memmove
 *fill*         0x00009332        0x2 
 .text._free_r  0x00009334       0x94 c:/program files (x86)/atmel/studio/7.0/toolchain/arm/arm-gnu-toolchain/bin/../lib/gcc/arm-none-eabi/6.3.1/../../../../arm-none-eabi/lib/thumb/v6-m\libc_nano.a(lib_a-nano-freer.o)
                0x00009334                _free_r
 .text._malloc_r
                0x000093c8       0xbc c:/program files (x86)/atmel/studio/7.0/toolchain/arm/arm-gnu-toolchain/bin/../lib/gcc/arm-none-eabi/6.3.1/../../../../arm-none-eabi/lib/thumb/v6-m\libc_nano.a(lib_a-nano-mallocr.o)
                0x000093c8                _malloc_r
 .text._realloc_r
                0x00009484       0x4c c:/program files (x86)/atmel/studio/7.0/toolchain/arm/arm-gnu-toolchain/bin/../lib/gcc/arm-none-eabi/6.3.1/../../../../arm-none-eabi/lib/thumb/v6-m\libc_nano.a(lib_a-nano-reallocr.o)
                0x00009484                _realloc_r
 .text._sbrk_r  0x000094d0       0x24 c:/program files (x86)/atmel/studio/7.0/toolchain/arm/arm-gnu-toolchain/bin/../lib/gcc/arm-none-eabi/6.3.1/../../../../arm-none-eabi/lib/thumb/v6-m\libc_nano.a(lib_a-sbrkr.o)
                0x000094d0                _sbrk_r
 .text.__ascii_wctomb
                0x000094f4       0x18 c:/program files (x86)/atmel/studio/7.0/toolchain/arm/arm-gnu-toolchain/bin/../lib/gcc/arm-none-eabi/6.3.1/../../../../arm-none-eabi/lib/thumb/v6-m\libc_nano.a(lib_a-wctomb_r.o)
                0x000094f4                __ascii_wctomb
 .text.__malloc_lock
                0x0000950c        0x2 c:/program files (x86)/atmel/studio/7.0/toolchain/arm/arm-gnu-toolchain/bin/../lib/gcc/arm-none-eabi/6.3.1/../../../../arm-none-eabi/lib/thumb/v6-m\libc_nano.a(lib_a-mlock.o)
                0x0000950c                __malloc_lock
 .text.__malloc_unlock
                0x0000950e        0x2 c:/program files (x86)/atmel/studio/7.0/toolchain/arm/arm-gnu-toolchain/bin/../lib/gcc/arm-none-eabi/6.3.1/../../../../arm-none-eabi/lib/thumb/v6-m\libc_nano.a(lib_a-mlock.o)
                0x0000950e                __malloc_unlock
 .text._malloc_usable_size_r
                0x00009510       0x10 c:/program files (x86)/atmel/studio/7.0/toolchain/arm/arm-gnu-toolchain/bin/../lib/gcc/arm-none-eabi/6.3.1/../../../../arm-none-eabi/lib/thumb/v6-m\libc_nano.a(lib_a-nano-msizer.o)
                0x00009510                _malloc_usable_size_r
 *(.glue_7t)
 .glue_7t       0x00009520        0x0 linker stubs
 *(.glue_7)
 .glue_7        0x00009520        0x0 linker stubs
 *(.rodata .rodata* .gnu.linkonce.r.*)
 .rodata        0x00009520       0x50 src/ASF/sam0/drivers/adc/adc_sam_d_r/adc.o
 .rodata._adc_set_config
                0x00009570       0xd4 src/ASF/sam0/drivers/adc/adc_sam_d_r/adc.o
 .rodata        0x00009644       0x18 src/ASF/sam0/drivers/sercom/sercom.o
 .rodata        0x0000965c      0x344 src/cmd.o
 .rodata.flashy_flash1
                0x000099a0       0x50 src/cmd.o
 .rodata.flashy_flash2
                0x000099f0       0x2c src/cmd.o
 .rodata        0x00009a1c       0x20 src/pwm.o
 .rodata.system_clock_source_get_hz
                0x00009a3c       0x24 src/ASF/sam0/drivers/system/clock/clock_samd21_r21_da/clock.o
 .rodata.system_clock_source_enable
                0x00009a60       0x24 src/ASF/sam0/drivers/system/clock/clock_samd21_r21_da/clock.o
 .rodata        0x00009a84       0x65 src/main.o
 *fill*         0x00009ae9        0x3 
 .rodata        0x00009aec       0x40 c:/program files (x86)/atmel/studio/7.0/toolchain/arm/arm-gnu-toolchain/bin/../lib/gcc/arm-none-eabi/6.3.1/thumb/v6-m\libgcc.a(divdf3.o)
 .rodata        0x00009b2c       0x40 c:/program files (x86)/atmel/studio/7.0/toolchain/arm/arm-gnu-toolchain/bin/../lib/gcc/arm-none-eabi/6.3.1/thumb/v6-m\libgcc.a(muldf3.o)
 .rodata._svfprintf_r.str1.1
                0x00009b6c       0x11 c:/program files (x86)/atmel/studio/7.0/toolchain/arm/arm-gnu-toolchain/bin/../lib/gcc/arm-none-eabi/6.3.1/../../../../arm-none-eabi/lib/thumb/v6-m\libc_nano.a(lib_a-nano-svfprintf.o)
 .rodata.__ssvfscanf_r.str1.1
                0x00009b7d        0x4 c:/program files (x86)/atmel/studio/7.0/toolchain/arm/arm-gnu-toolchain/bin/../lib/gcc/arm-none-eabi/6.3.1/../../../../arm-none-eabi/lib/thumb/v6-m\libc_nano.a(lib_a-nano-svfscanf.o)
 .rodata._printf_i.str1.1
                0x00009b7d       0x22 c:/program files (x86)/atmel/studio/7.0/toolchain/arm/arm-gnu-toolchain/bin/../lib/gcc/arm-none-eabi/6.3.1/../../../../arm-none-eabi/lib/thumb/v6-m\libc_nano.a(lib_a-nano-vfprintf_i.o)
 *fill*         0x00009b9f        0x1 
 .rodata        0x00009ba0        0xc c:/program files (x86)/atmel/studio/7.0/toolchain/arm/arm-gnu-toolchain/bin/../lib/gcc/arm-none-eabi/6.3.1/../../../../arm-none-eabi/lib/thumb/v6-m\libc_nano.a(lib_a-nano-vfscanf_i.o)
 .rodata._scanf_i.str1.1
                0x00009bac       0x12 c:/program files (x86)/atmel/studio/7.0/toolchain/arm/arm-gnu-toolchain/bin/../lib/gcc/arm-none-eabi/6.3.1/../../../../arm-none-eabi/lib/thumb/v6-m\libc_nano.a(lib_a-nano-vfscanf_i.o)
 .rodata.str1.1
                0x00009bbe        0x9 c:/program files (x86)/atmel/studio/7.0/toolchain/arm/arm-gnu-toolchain/bin/../lib/gcc/arm-none-eabi/6.3.1/../../../../arm-none-eabi/lib/thumb/v6-m\libc_nano.a(lib_a-nano-vfscanf_i.o)
 *fill*         0x00009bc7        0x1 
 .rodata.__sf_fake_stderr
                0x00009bc8       0x20 c:/program files (x86)/atmel/studio/7.0/toolchain/arm/arm-gnu-toolchain/bin/../lib/gcc/arm-none-eabi/6.3.1/../../../../arm-none-eabi/lib/thumb/v6-m\libc_nano.a(lib_a-findfp.o)
                0x00009bc8                __sf_fake_stderr
 .rodata.__sf_fake_stdin
                0x00009be8       0x20 c:/program files (x86)/atmel/studio/7.0/toolchain/arm/arm-gnu-toolchain/bin/../lib/gcc/arm-none-eabi/6.3.1/../../../../arm-none-eabi/lib/thumb/v6-m\libc_nano.a(lib_a-findfp.o)
                0x00009be8                __sf_fake_stdin
 .rodata.__sf_fake_stdout
                0x00009c08       0x20 c:/program files (x86)/atmel/studio/7.0/toolchain/arm/arm-gnu-toolchain/bin/../lib/gcc/arm-none-eabi/6.3.1/../../../../arm-none-eabi/lib/thumb/v6-m\libc_nano.a(lib_a-findfp.o)
                0x00009c08                __sf_fake_stdout
 .rodata._setlocale_r.str1.1
                0x00009c28        0x8 c:/program files (x86)/atmel/studio/7.0/toolchain/arm/arm-gnu-toolchain/bin/../lib/gcc/arm-none-eabi/6.3.1/../../../../arm-none-eabi/lib/thumb/v6-m\libc_nano.a(lib_a-locale.o)
                                  0x9 (size before relaxing)
 .rodata.str1.1
                0x00009c30        0x2 c:/program files (x86)/atmel/studio/7.0/toolchain/arm/arm-gnu-toolchain/bin/../lib/gcc/arm-none-eabi/6.3.1/../../../../arm-none-eabi/lib/thumb/v6-m\libc_nano.a(lib_a-locale.o)
 .rodata._ctype_
                0x00009c32      0x101 c:/program files (x86)/atmel/studio/7.0/toolchain/arm/arm-gnu-toolchain/bin/../lib/gcc/arm-none-eabi/6.3.1/../../../../arm-none-eabi/lib/thumb/v6-m\libc_nano.a(lib_a-ctype_.o)
                0x00009c32                _ctype_
 *(.ARM.extab* .gnu.linkonce.armextab.*)
                0x00009d34                . = ALIGN (0x4)
 *fill*         0x00009d33        0x1 
 *(.init)
 .init          0x00009d34        0x4 c:/program files (x86)/atmel/studio/7.0/toolchain/arm/arm-gnu-toolchain/bin/../lib/gcc/arm-none-eabi/6.3.1/thumb/v6-m/crti.o
                0x00009d34                _init
 .init          0x00009d38        0x8 c:/program files (x86)/atmel/studio/7.0/toolchain/arm/arm-gnu-toolchain/bin/../lib/gcc/arm-none-eabi/6.3.1/thumb/v6-m/crtn.o
                0x00009d40                . = ALIGN (0x4)
                0x00009d40                __preinit_array_start = .
 *(.preinit_array)
                0x00009d40                __preinit_array_end = .
                0x00009d40                . = ALIGN (0x4)
                0x00009d40                __init_array_start = .
 *(SORT(.init_array.*))
 *(.init_array)
 .init_array    0x00009d40        0x4 c:/program files (x86)/atmel/studio/7.0/toolchain/arm/arm-gnu-toolchain/bin/../lib/gcc/arm-none-eabi/6.3.1/thumb/v6-m/crtbegin.o
                0x00009d44                __init_array_end = .
                0x00009d44                . = ALIGN (0x4)
 *crtbegin.o(.ctors)
 *(EXCLUDE_FILE(*crtend.o) .ctors)
 *(SORT(.ctors.*))
 *crtend.o(.ctors)
                0x00009d44                . = ALIGN (0x4)
 *(.fini)
 .fini          0x00009d44        0x4 c:/program files (x86)/atmel/studio/7.0/toolchain/arm/arm-gnu-toolchain/bin/../lib/gcc/arm-none-eabi/6.3.1/thumb/v6-m/crti.o
                0x00009d44                _fini
 .fini          0x00009d48        0x8 c:/program files (x86)/atmel/studio/7.0/toolchain/arm/arm-gnu-toolchain/bin/../lib/gcc/arm-none-eabi/6.3.1/thumb/v6-m/crtn.o
                0x00009d50                . = ALIGN (0x4)
                0x00009d50                __fini_array_start = .
 *(.fini_array)
 .fini_array    0x00009d50        0x4 c:/program files (x86)/atmel/studio/7.0/toolchain/arm/arm-gnu-toolchain/bin/../lib/gcc/arm-none-eabi/6.3.1/thumb/v6-m/crtbegin.o
 *(SORT(.fini_array.*))
                0x00009d54                __fini_array_end = .
 *crtbegin.o(.dtors)
 *(EXCLUDE_FILE(*crtend.o) .dtors)
 *(SORT(.dtors.*))
 *crtend.o(.dtors)
                0x00009d54                . = ALIGN (0x4)
                0x00009d54                _efixed = .
                [!provide]                PROVIDE (__exidx_start, .)

.vfp11_veneer   0x00009d54        0x0
 .vfp11_veneer  0x00009d54        0x0 linker stubs

.v4_bx          0x00009d54        0x0
 .v4_bx         0x00009d54        0x0 linker stubs

.iplt           0x00009d54        0x0
 .iplt          0x00009d54        0x0 c:/program files (x86)/atmel/studio/7.0/toolchain/arm/arm-gnu-toolchain/bin/../lib/gcc/arm-none-eabi/6.3.1/thumb/v6-m/crtbegin.o

.ARM.exidx      0x00009d54        0x8
 *(.ARM.exidx* .gnu.linkonce.armexidx.*)
 .ARM.exidx     0x00009d54        0x8 c:/program files (x86)/atmel/studio/7.0/toolchain/arm/arm-gnu-toolchain/bin/../lib/gcc/arm-none-eabi/6.3.1/thumb/v6-m\libgcc.a(_udivmoddi4.o)
                [!provide]                PROVIDE (__exidx_end, .)

.eh_frame       0x00009d5c        0x0
 .eh_frame      0x00009d5c        0x0 c:/program files (x86)/atmel/studio/7.0/toolchain/arm/arm-gnu-toolchain/bin/../lib/gcc/arm-none-eabi/6.3.1/thumb/v6-m/crtbegin.o

.rel.dyn        0x00009d5c        0x0
 .rel.iplt      0x00009d5c        0x0 c:/program files (x86)/atmel/studio/7.0/toolchain/arm/arm-gnu-toolchain/bin/../lib/gcc/arm-none-eabi/6.3.1/thumb/v6-m/crtbegin.o

.jcr            0x00009d5c        0x0
 .jcr           0x00009d5c        0x0 c:/program files (x86)/atmel/studio/7.0/toolchain/arm/arm-gnu-toolchain/bin/../lib/gcc/arm-none-eabi/6.3.1/thumb/v6-m/crtbegin.o

.igot.plt       0x00009d5c        0x0
 .igot.plt      0x00009d5c        0x0 c:/program files (x86)/atmel/studio/7.0/toolchain/arm/arm-gnu-toolchain/bin/../lib/gcc/arm-none-eabi/6.3.1/thumb/v6-m/crtbegin.o
                0x00009d5c                . = ALIGN (0x4)
                0x00009d5c                _etext = .

.relocate       0x20000000      0x264 load address 0x00009d5c
                0x20000000                . = ALIGN (0x4)
                0x20000000                _srelocate = .
 *(.ramfunc .ramfunc.*)
 .ramfunc       0x20000000        0xc src/ASF/common2/services/delay/sam0/cycle_counter.o
                0x20000000                portable_delay_cycles
 *(.data .data.*)
 .data.test_bob
                0x2000000c        0x4 src/cmd.o
                0x2000000c                test_bob
 .data.mcp23017_data
                0x20000010       0x80 src/cmd.o
                0x20000010                mcp23017_data
 .data.duty_cycle.13697
                0x20000090        0x1 src/cmd.o
 .data.g_interrupt_enabled
                0x20000091        0x1 src/ASF/common/utils/interrupt/interrupt_sam_nvic.o
                0x20000091                g_interrupt_enabled
 *fill*         0x20000092        0x2 
 .data._impure_ptr
                0x20000094        0x4 c:/program files (x86)/atmel/studio/7.0/toolchain/arm/arm-gnu-toolchain/bin/../lib/gcc/arm-none-eabi/6.3.1/../../../../arm-none-eabi/lib/thumb/v6-m\libc_nano.a(lib_a-impure.o)
                0x20000094                _impure_ptr
 .data.impure_data
                0x20000098       0x60 c:/program files (x86)/atmel/studio/7.0/toolchain/arm/arm-gnu-toolchain/bin/../lib/gcc/arm-none-eabi/6.3.1/../../../../arm-none-eabi/lib/thumb/v6-m\libc_nano.a(lib_a-impure.o)
 .data.__global_locale
                0x200000f8      0x16c c:/program files (x86)/atmel/studio/7.0/toolchain/arm/arm-gnu-toolchain/bin/../lib/gcc/arm-none-eabi/6.3.1/../../../../arm-none-eabi/lib/thumb/v6-m\libc_nano.a(lib_a-locale.o)
                0x200000f8                __global_locale
                0x20000264                . = ALIGN (0x4)
                0x20000264                _erelocate = .

.bss            0x20000264      0x27c load address 0x00009fc0
                0x20000264                . = ALIGN (0x4)
                0x20000264                _sbss = .
                0x20000264                _szero = .
 *(.bss .bss.*)
 .bss           0x20000264       0x1c c:/program files (x86)/atmel/studio/7.0/toolchain/arm/arm-gnu-toolchain/bin/../lib/gcc/arm-none-eabi/6.3.1/thumb/v6-m/crtbegin.o
 .bss._sercom_config
                0x20000280        0x2 src/ASF/sam0/drivers/sercom/sercom.o
 *fill*         0x20000282        0x2 
 .bss.buff_count
                0x20000284        0x4 src/ble_uart.o
 .bss.state.13663
                0x20000288        0x1 src/cmd.o
 .bss.state.13681
                0x20000289        0x1 src/cmd.o
 *fill*         0x2000028a        0x2 
 .bss.cpu_irq_critical_section_counter
                0x2000028c        0x4 src/ASF/common/utils/interrupt/interrupt_sam_nvic.o
 .bss.cpu_irq_prev_interrupt_state
                0x20000290        0x1 src/ASF/common/utils/interrupt/interrupt_sam_nvic.o
 *fill*         0x20000291        0x3 
 .bss._system_clock_inst
                0x20000294       0x18 src/ASF/sam0/drivers/system/clock/clock_samd21_r21_da/clock.o
 .bss.heap.5296
                0x200002ac        0x4 src/ASF/sam0/utils/syscalls/gcc/syscalls.o
 .bss.__malloc_free_list
                0x200002b0        0x4 c:/program files (x86)/atmel/studio/7.0/toolchain/arm/arm-gnu-toolchain/bin/../lib/gcc/arm-none-eabi/6.3.1/../../../../arm-none-eabi/lib/thumb/v6-m\libc_nano.a(lib_a-nano-mallocr.o)
                0x200002b0                __malloc_free_list
 .bss.__malloc_sbrk_start
                0x200002b4        0x4 c:/program files (x86)/atmel/studio/7.0/toolchain/arm/arm-gnu-toolchain/bin/../lib/gcc/arm-none-eabi/6.3.1/../../../../arm-none-eabi/lib/thumb/v6-m\libc_nano.a(lib_a-nano-mallocr.o)
                0x200002b4                __malloc_sbrk_start
 *(COMMON)
 COMMON         0x200002b8        0x1 src/ASF/sam0/drivers/extint/extint_callback.o
                0x200002b8                _current_channel
 *fill*         0x200002b9        0x3 
 COMMON         0x200002bc       0x40 src/ASF/sam0/drivers/extint/extint_sam_d_r/extint.o
                0x200002bc                _extint_dev
 COMMON         0x200002fc        0x4 src/ASF/sam0/drivers/wdt/wdt_callback.o
                0x200002fc                wdt_early_warning_callback
 COMMON         0x20000300       0xcf src/ble_uart.o
                0x20000300                sound2
                0x20000301                water
                0x20000304                data_LED
                0x20000314                sound9
                0x20000315                blink_left
                0x20000316                horn1
                0x20000317                sound8
                0x20000318                valve_close
                0x20000319                sound3
                0x2000031a                valve_open
                0x2000031b                flashy1
                0x2000031c                party_thresholds
                0x2000032c                rx_buffer_array
                0x200003ac                led_bar
                0x200003ad                horn2
                0x200003ae                sound5
                0x200003af                flashy2
                0x200003b0                read_data
                0x200003c0                sound0
                0x200003c1                party
                0x200003c2                blink_all
                0x200003c3                sound7
                0x200003c4                master_test
                0x200003c5                blink_right
                0x200003c6                flash_all
                0x200003c7                port_update_ongoing
                0x200003c8                horn0
                0x200003c9                sound1
                0x200003ca                sound6
                0x200003cb                flashyfade
                0x200003cc                sound4
                0x200003cd                start
                0x200003ce                horn3
 *fill*         0x200003cf        0x1 
 COMMON         0x200003d0       0xac src/cmd.o
                0x200003d0                sounds_rx_buffer_array
                0x20000450                execute_order_66
                0x20000451                should_update
                0x20000454                pwm_bob
                0x20000458                seconds
                0x2000045c                tc_instance
                0x20000478                pwm_count
 COMMON         0x2000047c        0xc src/i2c.o
                0x2000047c                i2c_master_instance
 COMMON         0x20000488        0x8 src/msgeq7.o
                0x20000488                adc_instance
 COMMON         0x20000490       0x4c src/pwm.o
                0x20000490                buffer
                0x200004d0                values_bands
 COMMON         0x200004dc        0x4 c:/program files (x86)/atmel/studio/7.0/toolchain/arm/arm-gnu-toolchain/bin/../lib/gcc/arm-none-eabi/6.3.1/../../../../arm-none-eabi/lib/thumb/v6-m\libc_nano.a(lib_a-reent.o)
                0x200004dc                errno
                0x200004e0                . = ALIGN (0x4)
                0x200004e0                _ebss = .
                0x200004e0                _ezero = .

.stack          0x200004e0     0x2000 load address 0x0000a23c
                0x200004e0                . = ALIGN (0x8)
                0x200004e0                _sstack = .
                0x200024e0                . = (. + STACK_SIZE)
 *fill*         0x200004e0     0x2000 
                0x200024e0                . = ALIGN (0x8)
                0x200024e0                _estack = .
                0x200024e0                . = ALIGN (0x4)
                0x200024e0                _end = .
OUTPUT(ElectrifyEverything.elf elf32-littlearm)

.ARM.attributes
                0x00000000       0x28
 .ARM.attributes
                0x00000000       0x1e c:/program files (x86)/atmel/studio/7.0/toolchain/arm/arm-gnu-toolchain/bin/../lib/gcc/arm-none-eabi/6.3.1/thumb/v6-m/crti.o
 .ARM.attributes
                0x0000001e       0x2c c:/program files (x86)/atmel/studio/7.0/toolchain/arm/arm-gnu-toolchain/bin/../lib/gcc/arm-none-eabi/6.3.1/thumb/v6-m/crtbegin.o
 .ARM.attributes
                0x0000004a       0x32 src/wdt.o
 .ARM.attributes
                0x0000007c       0x32 src/ASF/common2/services/delay/sam0/cycle_counter.o
 .ARM.attributes
                0x000000ae       0x32 src/ASF/sam0/drivers/adc/adc_sam_d_r/adc.o
 .ARM.attributes
                0x000000e0       0x32 src/ASF/sam0/drivers/extint/extint_callback.o
 .ARM.attributes
                0x00000112       0x32 src/ASF/sam0/drivers/extint/extint_sam_d_r/extint.o
 .ARM.attributes
                0x00000144       0x32 src/ASF/sam0/drivers/port/port.o
 .ARM.attributes
                0x00000176       0x32 src/ASF/sam0/drivers/sercom/i2c/i2c_sam0/i2c_master.o
 .ARM.attributes
                0x000001a8       0x32 src/ASF/sam0/drivers/sercom/sercom.o
 .ARM.attributes
                0x000001da       0x32 src/ASF/sam0/drivers/wdt/wdt.o
 .ARM.attributes
                0x0000020c       0x32 src/ASF/sam0/drivers/wdt/wdt_callback.o
 .ARM.attributes
                0x0000023e       0x32 src/ble_uart.o
 .ARM.attributes
                0x00000270       0x32 src/cmd.o
 .ARM.attributes
                0x000002a2       0x32 src/i2c.o
 .ARM.attributes
                0x000002d4       0x32 src/mcp23017.o
 .ARM.attributes
                0x00000306       0x32 src/msgeq7.o
 .ARM.attributes
                0x00000338       0x32 src/pwm.o
 .ARM.attributes
                0x0000036a       0x32 src/sounds.o
 .ARM.attributes
                0x0000039c       0x32 src/uart.o
 .ARM.attributes
                0x000003ce       0x32 src/ASF/common2/boards/user_board/init.o
 .ARM.attributes
                0x00000400       0x32 src/ASF/common/utils/interrupt/interrupt_sam_nvic.o
 .ARM.attributes
                0x00000432       0x32 src/ASF/sam0/drivers/system/clock/clock_samd21_r21_da/clock.o
 .ARM.attributes
                0x00000464       0x32 src/ASF/sam0/drivers/system/clock/clock_samd21_r21_da/gclk.o
 .ARM.attributes
                0x00000496       0x32 src/ASF/sam0/drivers/system/pinmux/pinmux.o
 .ARM.attributes
                0x000004c8       0x32 src/ASF/sam0/drivers/system/system.o
 .ARM.attributes
                0x000004fa       0x32 src/ASF/sam0/utils/cmsis/samd21/source/gcc/startup_samd21.o
 .ARM.attributes
                0x0000052c       0x32 src/ASF/sam0/utils/syscalls/gcc/syscalls.o
 .ARM.attributes
                0x0000055e       0x32 src/main.o
 .ARM.attributes
                0x00000590       0x1e c:/program files (x86)/atmel/studio/7.0/toolchain/arm/arm-gnu-toolchain/bin/../lib/gcc/arm-none-eabi/6.3.1/thumb/v6-m\libgcc.a(_udivsi3.o)
 .ARM.attributes
                0x000005ae       0x1e c:/program files (x86)/atmel/studio/7.0/toolchain/arm/arm-gnu-toolchain/bin/../lib/gcc/arm-none-eabi/6.3.1/thumb/v6-m\libgcc.a(_divsi3.o)
 .ARM.attributes
                0x000005cc       0x1e c:/program files (x86)/atmel/studio/7.0/toolchain/arm/arm-gnu-toolchain/bin/../lib/gcc/arm-none-eabi/6.3.1/thumb/v6-m\libgcc.a(_dvmd_tls.o)
 .ARM.attributes
                0x000005ea       0x1e c:/program files (x86)/atmel/studio/7.0/toolchain/arm/arm-gnu-toolchain/bin/../lib/gcc/arm-none-eabi/6.3.1/thumb/v6-m\libgcc.a(_aeabi_uldivmod.o)
 .ARM.attributes
                0x00000608       0x2c c:/program files (x86)/atmel/studio/7.0/toolchain/arm/arm-gnu-toolchain/bin/../lib/gcc/arm-none-eabi/6.3.1/thumb/v6-m\libgcc.a(_muldi3.o)
 .ARM.attributes
                0x00000634       0x2c c:/program files (x86)/atmel/studio/7.0/toolchain/arm/arm-gnu-toolchain/bin/../lib/gcc/arm-none-eabi/6.3.1/thumb/v6-m\libgcc.a(_udivmoddi4.o)
 .ARM.attributes
                0x00000660       0x2c c:/program files (x86)/atmel/studio/7.0/toolchain/arm/arm-gnu-toolchain/bin/../lib/gcc/arm-none-eabi/6.3.1/thumb/v6-m\libgcc.a(adddf3.o)
 .ARM.attributes
                0x0000068c       0x2c c:/program files (x86)/atmel/studio/7.0/toolchain/arm/arm-gnu-toolchain/bin/../lib/gcc/arm-none-eabi/6.3.1/thumb/v6-m\libgcc.a(divdf3.o)
 .ARM.attributes
                0x000006b8       0x2c c:/program files (x86)/atmel/studio/7.0/toolchain/arm/arm-gnu-toolchain/bin/../lib/gcc/arm-none-eabi/6.3.1/thumb/v6-m\libgcc.a(muldf3.o)
 .ARM.attributes
                0x000006e4       0x2c c:/program files (x86)/atmel/studio/7.0/toolchain/arm/arm-gnu-toolchain/bin/../lib/gcc/arm-none-eabi/6.3.1/thumb/v6-m\libgcc.a(subdf3.o)
 .ARM.attributes
                0x00000710       0x2c c:/program files (x86)/atmel/studio/7.0/toolchain/arm/arm-gnu-toolchain/bin/../lib/gcc/arm-none-eabi/6.3.1/thumb/v6-m\libgcc.a(fixdfsi.o)
 .ARM.attributes
                0x0000073c       0x2c c:/program files (x86)/atmel/studio/7.0/toolchain/arm/arm-gnu-toolchain/bin/../lib/gcc/arm-none-eabi/6.3.1/thumb/v6-m\libgcc.a(floatunsidf.o)
 .ARM.attributes
                0x00000768       0x1e c:/program files (x86)/atmel/studio/7.0/toolchain/arm/arm-gnu-toolchain/bin/../lib/gcc/arm-none-eabi/6.3.1/thumb/v6-m\libgcc.a(_clzsi2.o)
 .ARM.attributes
                0x00000786       0x1e c:/program files (x86)/atmel/studio/7.0/toolchain/arm/arm-gnu-toolchain/bin/../lib/gcc/arm-none-eabi/6.3.1/thumb/v6-m\libgcc.a(_clzdi2.o)
 .ARM.attributes
                0x000007a4       0x2c c:/program files (x86)/atmel/studio/7.0/toolchain/arm/arm-gnu-toolchain/bin/../lib/gcc/arm-none-eabi/6.3.1/../../../../arm-none-eabi/lib/thumb/v6-m\libc_nano.a(lib_a-impure.o)
 .ARM.attributes
                0x000007d0       0x2c c:/program files (x86)/atmel/studio/7.0/toolchain/arm/arm-gnu-toolchain/bin/../lib/gcc/arm-none-eabi/6.3.1/../../../../arm-none-eabi/lib/thumb/v6-m\libc_nano.a(lib_a-init.o)
 .ARM.attributes
                0x000007fc       0x2c c:/program files (x86)/atmel/studio/7.0/toolchain/arm/arm-gnu-toolchain/bin/../lib/gcc/arm-none-eabi/6.3.1/../../../../arm-none-eabi/lib/thumb/v6-m\libc_nano.a(lib_a-memcpy-stub.o)
 .ARM.attributes
                0x00000828       0x2c c:/program files (x86)/atmel/studio/7.0/toolchain/arm/arm-gnu-toolchain/bin/../lib/gcc/arm-none-eabi/6.3.1/../../../../arm-none-eabi/lib/thumb/v6-m\libc_nano.a(lib_a-sprintf.o)
 .ARM.attributes
                0x00000854       0x2c c:/program files (x86)/atmel/studio/7.0/toolchain/arm/arm-gnu-toolchain/bin/../lib/gcc/arm-none-eabi/6.3.1/../../../../arm-none-eabi/lib/thumb/v6-m\libc_nano.a(lib_a-sscanf.o)
 .ARM.attributes
                0x00000880       0x2c c:/program files (x86)/atmel/studio/7.0/toolchain/arm/arm-gnu-toolchain/bin/../lib/gcc/arm-none-eabi/6.3.1/../../../../arm-none-eabi/lib/thumb/v6-m\libc_nano.a(lib_a-stdio.o)
 .ARM.attributes
                0x000008ac       0x1c c:/program files (x86)/atmel/studio/7.0/toolchain/arm/arm-gnu-toolchain/bin/../lib/gcc/arm-none-eabi/6.3.1/../../../../arm-none-eabi/lib/thumb/v6-m\libc_nano.a(lib_a-strlen.o)
 .ARM.attributes
                0x000008c8       0x2c c:/program files (x86)/atmel/studio/7.0/toolchain/arm/arm-gnu-toolchain/bin/../lib/gcc/arm-none-eabi/6.3.1/../../../../arm-none-eabi/lib/thumb/v6-m\libc_nano.a(lib_a-strncmp.o)
 .ARM.attributes
                0x000008f4       0x2c c:/program files (x86)/atmel/studio/7.0/toolchain/arm/arm-gnu-toolchain/bin/../lib/gcc/arm-none-eabi/6.3.1/../../../../arm-none-eabi/lib/thumb/v6-m\libc_nano.a(lib_a-nano-svfprintf.o)
 .ARM.attributes
                0x00000920       0x2c c:/program files (x86)/atmel/studio/7.0/toolchain/arm/arm-gnu-toolchain/bin/../lib/gcc/arm-none-eabi/6.3.1/../../../../arm-none-eabi/lib/thumb/v6-m\libc_nano.a(lib_a-nano-svfscanf.o)
 .ARM.attributes
                0x0000094c       0x2c c:/program files (x86)/atmel/studio/7.0/toolchain/arm/arm-gnu-toolchain/bin/../lib/gcc/arm-none-eabi/6.3.1/../../../../arm-none-eabi/lib/thumb/v6-m\libc_nano.a(lib_a-nano-vfprintf_i.o)
 .ARM.attributes
                0x00000978       0x2c c:/program files (x86)/atmel/studio/7.0/toolchain/arm/arm-gnu-toolchain/bin/../lib/gcc/arm-none-eabi/6.3.1/../../../../arm-none-eabi/lib/thumb/v6-m\libc_nano.a(lib_a-nano-vfscanf_i.o)
 .ARM.attributes
                0x000009a4       0x2c c:/program files (x86)/atmel/studio/7.0/toolchain/arm/arm-gnu-toolchain/bin/../lib/gcc/arm-none-eabi/6.3.1/../../../../arm-none-eabi/lib/thumb/v6-m\libc_nano.a(lib_a-reent.o)
 .ARM.attributes
                0x000009d0       0x2c c:/program files (x86)/atmel/studio/7.0/toolchain/arm/arm-gnu-toolchain/bin/../lib/gcc/arm-none-eabi/6.3.1/../../../../arm-none-eabi/lib/thumb/v6-m\libc_nano.a(lib_a-sccl.o)
 .ARM.attributes
                0x000009fc       0x2c c:/program files (x86)/atmel/studio/7.0/toolchain/arm/arm-gnu-toolchain/bin/../lib/gcc/arm-none-eabi/6.3.1/../../../../arm-none-eabi/lib/thumb/v6-m\libc_nano.a(lib_a-strtol.o)
 .ARM.attributes
                0x00000a28       0x2c c:/program files (x86)/atmel/studio/7.0/toolchain/arm/arm-gnu-toolchain/bin/../lib/gcc/arm-none-eabi/6.3.1/../../../../arm-none-eabi/lib/thumb/v6-m\libc_nano.a(lib_a-strtoul.o)
 .ARM.attributes
                0x00000a54       0x2c c:/program files (x86)/atmel/studio/7.0/toolchain/arm/arm-gnu-toolchain/bin/../lib/gcc/arm-none-eabi/6.3.1/../../../../arm-none-eabi/lib/thumb/v6-m\libc_nano.a(lib_a-ungetc.o)
 .ARM.attributes
                0x00000a80       0x2c c:/program files (x86)/atmel/studio/7.0/toolchain/arm/arm-gnu-toolchain/bin/../lib/gcc/arm-none-eabi/6.3.1/../../../../arm-none-eabi/lib/thumb/v6-m\libc_nano.a(lib_a-findfp.o)
 .ARM.attributes
                0x00000aac       0x2c c:/program files (x86)/atmel/studio/7.0/toolchain/arm/arm-gnu-toolchain/bin/../lib/gcc/arm-none-eabi/6.3.1/../../../../arm-none-eabi/lib/thumb/v6-m\libc_nano.a(lib_a-locale.o)
 .ARM.attributes
                0x00000ad8       0x2c c:/program files (x86)/atmel/studio/7.0/toolchain/arm/arm-gnu-toolchain/bin/../lib/gcc/arm-none-eabi/6.3.1/../../../../arm-none-eabi/lib/thumb/v6-m\libc_nano.a(lib_a-mbtowc_r.o)
 .ARM.attributes
                0x00000b04       0x2c c:/program files (x86)/atmel/studio/7.0/toolchain/arm/arm-gnu-toolchain/bin/../lib/gcc/arm-none-eabi/6.3.1/../../../../arm-none-eabi/lib/thumb/v6-m\libc_nano.a(lib_a-memchr-stub.o)
 .ARM.attributes
                0x00000b30       0x2c c:/program files (x86)/atmel/studio/7.0/toolchain/arm/arm-gnu-toolchain/bin/../lib/gcc/arm-none-eabi/6.3.1/../../../../arm-none-eabi/lib/thumb/v6-m\libc_nano.a(lib_a-memmove.o)
 .ARM.attributes
                0x00000b5c       0x2c c:/program files (x86)/atmel/studio/7.0/toolchain/arm/arm-gnu-toolchain/bin/../lib/gcc/arm-none-eabi/6.3.1/../../../../arm-none-eabi/lib/thumb/v6-m\libc_nano.a(lib_a-nano-freer.o)
 .ARM.attributes
                0x00000b88       0x2c c:/program files (x86)/atmel/studio/7.0/toolchain/arm/arm-gnu-toolchain/bin/../lib/gcc/arm-none-eabi/6.3.1/../../../../arm-none-eabi/lib/thumb/v6-m\libc_nano.a(lib_a-nano-mallocr.o)
 .ARM.attributes
                0x00000bb4       0x2c c:/program files (x86)/atmel/studio/7.0/toolchain/arm/arm-gnu-toolchain/bin/../lib/gcc/arm-none-eabi/6.3.1/../../../../arm-none-eabi/lib/thumb/v6-m\libc_nano.a(lib_a-nano-reallocr.o)
 .ARM.attributes
                0x00000be0       0x2c c:/program files (x86)/atmel/studio/7.0/toolchain/arm/arm-gnu-toolchain/bin/../lib/gcc/arm-none-eabi/6.3.1/../../../../arm-none-eabi/lib/thumb/v6-m\libc_nano.a(lib_a-sbrkr.o)
 .ARM.attributes
                0x00000c0c       0x2c c:/program files (x86)/atmel/studio/7.0/toolchain/arm/arm-gnu-toolchain/bin/../lib/gcc/arm-none-eabi/6.3.1/../../../../arm-none-eabi/lib/thumb/v6-m\libc_nano.a(lib_a-wctomb_r.o)
 .ARM.attributes
                0x00000c38       0x2c c:/program files (x86)/atmel/studio/7.0/toolchain/arm/arm-gnu-toolchain/bin/../lib/gcc/arm-none-eabi/6.3.1/../../../../arm-none-eabi/lib/thumb/v6-m\libc_nano.a(lib_a-ctype_.o)
 .ARM.attributes
                0x00000c64       0x2c c:/program files (x86)/atmel/studio/7.0/toolchain/arm/arm-gnu-toolchain/bin/../lib/gcc/arm-none-eabi/6.3.1/../../../../arm-none-eabi/lib/thumb/v6-m\libc_nano.a(lib_a-mlock.o)
 .ARM.attributes
                0x00000c90       0x2c c:/program files (x86)/atmel/studio/7.0/toolchain/arm/arm-gnu-toolchain/bin/../lib/gcc/arm-none-eabi/6.3.1/../../../../arm-none-eabi/lib/thumb/v6-m\libc_nano.a(lib_a-nano-msizer.o)
 .ARM.attributes
                0x00000cbc       0x1e c:/program files (x86)/atmel/studio/7.0/toolchain/arm/arm-gnu-toolchain/bin/../lib/gcc/arm-none-eabi/6.3.1/thumb/v6-m/crtn.o

.comment        0x00000000       0x59
 .comment       0x00000000       0x59 src/wdt.o
                                 0x5a (size before relaxing)
 .comment       0x00000059       0x5a src/ASF/common2/services/delay/sam0/cycle_counter.o
 .comment       0x00000059       0x5a src/ASF/sam0/drivers/adc/adc_sam_d_r/adc.o
 .comment       0x00000059       0x5a src/ASF/sam0/drivers/extint/extint_callback.o
 .comment       0x00000059       0x5a src/ASF/sam0/drivers/extint/extint_sam_d_r/extint.o
 .comment       0x00000059       0x5a src/ASF/sam0/drivers/port/port.o
 .comment       0x00000059       0x5a src/ASF/sam0/drivers/sercom/i2c/i2c_sam0/i2c_master.o
 .comment       0x00000059       0x5a src/ASF/sam0/drivers/sercom/sercom.o
 .comment       0x00000059       0x5a src/ASF/sam0/drivers/wdt/wdt.o
 .comment       0x00000059       0x5a src/ASF/sam0/drivers/wdt/wdt_callback.o
 .comment       0x00000059       0x5a src/ble_uart.o
 .comment       0x00000059       0x5a src/cmd.o
 .comment       0x00000059       0x5a src/i2c.o
 .comment       0x00000059       0x5a src/mcp23017.o
 .comment       0x00000059       0x5a src/msgeq7.o
 .comment       0x00000059       0x5a src/pwm.o
 .comment       0x00000059       0x5a src/sounds.o
 .comment       0x00000059       0x5a src/uart.o
 .comment       0x00000059       0x5a src/ASF/common2/boards/user_board/init.o
 .comment       0x00000059       0x5a src/ASF/common/utils/interrupt/interrupt_sam_nvic.o
 .comment       0x00000059       0x5a src/ASF/sam0/drivers/system/clock/clock_samd21_r21_da/clock.o
 .comment       0x00000059       0x5a src/ASF/sam0/drivers/system/clock/clock_samd21_r21_da/gclk.o
 .comment       0x00000059       0x5a src/ASF/sam0/drivers/system/pinmux/pinmux.o
 .comment       0x00000059       0x5a src/ASF/sam0/drivers/system/system.o
 .comment       0x00000059       0x5a src/ASF/sam0/utils/cmsis/samd21/source/gcc/startup_samd21.o
 .comment       0x00000059       0x5a src/ASF/sam0/utils/syscalls/gcc/syscalls.o
 .comment       0x00000059       0x5a src/main.o

.debug_info     0x00000000    0x4a95a
 .debug_info    0x00000000     0x2c6e src/wdt.o
 .debug_info    0x00002c6e      0xa65 src/ASF/common2/services/delay/sam0/cycle_counter.o
 .debug_info    0x000036d3     0x3946 src/ASF/sam0/drivers/adc/adc_sam_d_r/adc.o
 .debug_info    0x00007019     0x191d src/ASF/sam0/drivers/extint/extint_callback.o
 .debug_info    0x00008936     0x29d0 src/ASF/sam0/drivers/extint/extint_sam_d_r/extint.o
 .debug_info    0x0000b306     0x127c src/ASF/sam0/drivers/port/port.o
 .debug_info    0x0000c582     0x48db src/ASF/sam0/drivers/sercom/i2c/i2c_sam0/i2c_master.o
 .debug_info    0x00010e5d     0x2d9e src/ASF/sam0/drivers/sercom/sercom.o
 .debug_info    0x00013bfb     0x1a41 src/ASF/sam0/drivers/wdt/wdt.o
 .debug_info    0x0001563c     0x1286 src/ASF/sam0/drivers/wdt/wdt_callback.o
 .debug_info    0x000168c2     0x443b src/ble_uart.o
 .debug_info    0x0001acfd     0x4fac src/cmd.o
 .debug_info    0x0001fca9     0x31d5 src/i2c.o
 .debug_info    0x00022e7e     0x3898 src/mcp23017.o
 .debug_info    0x00026716     0x47f7 src/msgeq7.o
 .debug_info    0x0002af0d     0x4c61 src/pwm.o
 .debug_info    0x0002fb6e     0x3760 src/sounds.o
 .debug_info    0x000332ce     0x44cb src/uart.o
 .debug_info    0x00037799     0x2a87 src/ASF/common2/boards/user_board/init.o
 .debug_info    0x0003a220      0xb0c src/ASF/common/utils/interrupt/interrupt_sam_nvic.o
 .debug_info    0x0003ad2c     0x3792 src/ASF/sam0/drivers/system/clock/clock_samd21_r21_da/clock.o
 .debug_info    0x0003e4be     0x1d15 src/ASF/sam0/drivers/system/clock/clock_samd21_r21_da/gclk.o
 .debug_info    0x000401d3     0x13c0 src/ASF/sam0/drivers/system/pinmux/pinmux.o
 .debug_info    0x00041593      0xa74 src/ASF/sam0/drivers/system/system.o
 .debug_info    0x00042007     0x3ab8 src/ASF/sam0/utils/cmsis/samd21/source/gcc/startup_samd21.o
 .debug_info    0x00045abf      0xda1 src/ASF/sam0/utils/syscalls/gcc/syscalls.o
 .debug_info    0x00046860     0x40fa src/main.o

.debug_abbrev   0x00000000     0x523b
 .debug_abbrev  0x00000000      0x2e7 src/wdt.o
 .debug_abbrev  0x000002e7      0x1e7 src/ASF/common2/services/delay/sam0/cycle_counter.o
 .debug_abbrev  0x000004ce      0x371 src/ASF/sam0/drivers/adc/adc_sam_d_r/adc.o
 .debug_abbrev  0x0000083f      0x2ef src/ASF/sam0/drivers/extint/extint_callback.o
 .debug_abbrev  0x00000b2e      0x3a7 src/ASF/sam0/drivers/extint/extint_sam_d_r/extint.o
 .debug_abbrev  0x00000ed5      0x27b src/ASF/sam0/drivers/port/port.o
 .debug_abbrev  0x00001150      0x39b src/ASF/sam0/drivers/sercom/i2c/i2c_sam0/i2c_master.o
 .debug_abbrev  0x000014eb      0x31d src/ASF/sam0/drivers/sercom/sercom.o
 .debug_abbrev  0x00001808      0x2db src/ASF/sam0/drivers/wdt/wdt.o
 .debug_abbrev  0x00001ae3      0x2de src/ASF/sam0/drivers/wdt/wdt_callback.o
 .debug_abbrev  0x00001dc1      0x380 src/ble_uart.o
 .debug_abbrev  0x00002141      0x3a6 src/cmd.o
 .debug_abbrev  0x000024e7      0x33f src/i2c.o
 .debug_abbrev  0x00002826      0x38a src/mcp23017.o
 .debug_abbrev  0x00002bb0      0x391 src/msgeq7.o
 .debug_abbrev  0x00002f41      0x36d src/pwm.o
 .debug_abbrev  0x000032ae      0x34b src/sounds.o
 .debug_abbrev  0x000035f9      0x356 src/uart.o
 .debug_abbrev  0x0000394f      0x2a9 src/ASF/common2/boards/user_board/init.o
 .debug_abbrev  0x00003bf8      0x22e src/ASF/common/utils/interrupt/interrupt_sam_nvic.o
 .debug_abbrev  0x00003e26      0x3ab src/ASF/sam0/drivers/system/clock/clock_samd21_r21_da/clock.o
 .debug_abbrev  0x000041d1      0x35e src/ASF/sam0/drivers/system/clock/clock_samd21_r21_da/gclk.o
 .debug_abbrev  0x0000452f      0x2f1 src/ASF/sam0/drivers/system/pinmux/pinmux.o
 .debug_abbrev  0x00004820      0x1e1 src/ASF/sam0/drivers/system/system.o
 .debug_abbrev  0x00004a01      0x279 src/ASF/sam0/utils/cmsis/samd21/source/gcc/startup_samd21.o
 .debug_abbrev  0x00004c7a      0x22a src/ASF/sam0/utils/syscalls/gcc/syscalls.o
 .debug_abbrev  0x00004ea4      0x397 src/main.o

.debug_loc      0x00000000     0x3806
 .debug_loc     0x00000000      0x170 src/wdt.o
 .debug_loc     0x00000170       0x2c src/ASF/common2/services/delay/sam0/cycle_counter.o
 .debug_loc     0x0000019c      0x26a src/ASF/sam0/drivers/adc/adc_sam_d_r/adc.o
 .debug_loc     0x00000406      0x1e0 src/ASF/sam0/drivers/extint/extint_callback.o
 .debug_loc     0x000005e6      0x310 src/ASF/sam0/drivers/extint/extint_sam_d_r/extint.o
 .debug_loc     0x000008f6       0xa8 src/ASF/sam0/drivers/port/port.o
 .debug_loc     0x0000099e      0x536 src/ASF/sam0/drivers/sercom/i2c/i2c_sam0/i2c_master.o
 .debug_loc     0x00000ed4      0x18c src/ASF/sam0/drivers/sercom/sercom.o
 .debug_loc     0x00001060      0x118 src/ASF/sam0/drivers/wdt/wdt.o
 .debug_loc     0x00001178      0x17c src/ASF/sam0/drivers/wdt/wdt_callback.o
 .debug_loc     0x000012f4      0x2d4 src/ble_uart.o
 .debug_loc     0x000015c8      0x2fc src/cmd.o
 .debug_loc     0x000018c4      0x1fa src/i2c.o
 .debug_loc     0x00001abe      0x374 src/mcp23017.o
 .debug_loc     0x00001e32      0x3e6 src/msgeq7.o
 .debug_loc     0x00002218      0x218 src/pwm.o
 .debug_loc     0x00002430      0x310 src/sounds.o
 .debug_loc     0x00002740      0x252 src/uart.o
 .debug_loc     0x00002992       0xd4 src/ASF/common2/boards/user_board/init.o
 .debug_loc     0x00002a66       0x64 src/ASF/common/utils/interrupt/interrupt_sam_nvic.o
 .debug_loc     0x00002aca      0x476 src/ASF/sam0/drivers/system/clock/clock_samd21_r21_da/clock.o
 .debug_loc     0x00002f40      0x388 src/ASF/sam0/drivers/system/clock/clock_samd21_r21_da/gclk.o
 .debug_loc     0x000032c8      0x150 src/ASF/sam0/drivers/system/pinmux/pinmux.o
 .debug_loc     0x00003418       0x58 src/ASF/sam0/drivers/system/system.o
 .debug_loc     0x00003470       0x70 src/ASF/sam0/utils/cmsis/samd21/source/gcc/startup_samd21.o
 .debug_loc     0x000034e0      0x1ec src/ASF/sam0/utils/syscalls/gcc/syscalls.o
 .debug_loc     0x000036cc      0x13a src/main.o

.debug_aranges  0x00000000      0xac8
 .debug_aranges
                0x00000000       0x50 src/wdt.o
 .debug_aranges
                0x00000050       0x28 src/ASF/common2/services/delay/sam0/cycle_counter.o
 .debug_aranges
                0x00000078       0x70 src/ASF/sam0/drivers/adc/adc_sam_d_r/adc.o
 .debug_aranges
                0x000000e8       0x60 src/ASF/sam0/drivers/extint/extint_callback.o
 .debug_aranges
                0x00000148       0x88 src/ASF/sam0/drivers/extint/extint_sam_d_r/extint.o
 .debug_aranges
                0x000001d0       0x30 src/ASF/sam0/drivers/port/port.o
 .debug_aranges
                0x00000200       0xd8 src/ASF/sam0/drivers/sercom/i2c/i2c_sam0/i2c_master.o
 .debug_aranges
                0x000002d8       0x50 src/ASF/sam0/drivers/sercom/sercom.o
 .debug_aranges
                0x00000328       0x40 src/ASF/sam0/drivers/wdt/wdt.o
 .debug_aranges
                0x00000368       0x50 src/ASF/sam0/drivers/wdt/wdt_callback.o
 .debug_aranges
                0x000003b8       0x88 src/ble_uart.o
 .debug_aranges
                0x00000440       0x88 src/cmd.o
 .debug_aranges
                0x000004c8       0x60 src/i2c.o
 .debug_aranges
                0x00000528       0x98 src/mcp23017.o
 .debug_aranges
                0x000005c0       0xa8 src/msgeq7.o
 .debug_aranges
                0x00000668       0x68 src/pwm.o
 .debug_aranges
                0x000006d0       0x88 src/sounds.o
 .debug_aranges
                0x00000758       0x70 src/uart.o
 .debug_aranges
                0x000007c8       0x38 src/ASF/common2/boards/user_board/init.o
 .debug_aranges
                0x00000800       0x28 src/ASF/common/utils/interrupt/interrupt_sam_nvic.o
 .debug_aranges
                0x00000828       0xc0 src/ASF/sam0/drivers/system/clock/clock_samd21_r21_da/clock.o
 .debug_aranges
                0x000008e8       0xa0 src/ASF/sam0/drivers/system/clock/clock_samd21_r21_da/gclk.o
 .debug_aranges
                0x00000988       0x48 src/ASF/sam0/drivers/system/pinmux/pinmux.o
 .debug_aranges
                0x000009d0       0x28 src/ASF/sam0/drivers/system/system.o
 .debug_aranges
                0x000009f8       0x28 src/ASF/sam0/utils/cmsis/samd21/source/gcc/startup_samd21.o
 .debug_aranges
                0x00000a20       0x60 src/ASF/sam0/utils/syscalls/gcc/syscalls.o
 .debug_aranges
                0x00000a80       0x48 src/main.o

.debug_ranges   0x00000000      0x918
 .debug_ranges  0x00000000       0x40 src/wdt.o
 .debug_ranges  0x00000040       0x18 src/ASF/common2/services/delay/sam0/cycle_counter.o
 .debug_ranges  0x00000058       0x60 src/ASF/sam0/drivers/adc/adc_sam_d_r/adc.o
 .debug_ranges  0x000000b8       0x50 src/ASF/sam0/drivers/extint/extint_callback.o
 .debug_ranges  0x00000108       0x78 src/ASF/sam0/drivers/extint/extint_sam_d_r/extint.o
 .debug_ranges  0x00000180       0x20 src/ASF/sam0/drivers/port/port.o
 .debug_ranges  0x000001a0       0xc8 src/ASF/sam0/drivers/sercom/i2c/i2c_sam0/i2c_master.o
 .debug_ranges  0x00000268       0x40 src/ASF/sam0/drivers/sercom/sercom.o
 .debug_ranges  0x000002a8       0x30 src/ASF/sam0/drivers/wdt/wdt.o
 .debug_ranges  0x000002d8       0x40 src/ASF/sam0/drivers/wdt/wdt_callback.o
 .debug_ranges  0x00000318       0x78 src/ble_uart.o
 .debug_ranges  0x00000390       0x78 src/cmd.o
 .debug_ranges  0x00000408       0x50 src/i2c.o
 .debug_ranges  0x00000458       0x88 src/mcp23017.o
 .debug_ranges  0x000004e0       0x98 src/msgeq7.o
 .debug_ranges  0x00000578       0x58 src/pwm.o
 .debug_ranges  0x000005d0       0x78 src/sounds.o
 .debug_ranges  0x00000648       0x60 src/uart.o
 .debug_ranges  0x000006a8       0x28 src/ASF/common2/boards/user_board/init.o
 .debug_ranges  0x000006d0       0x18 src/ASF/common/utils/interrupt/interrupt_sam_nvic.o
 .debug_ranges  0x000006e8       0xb0 src/ASF/sam0/drivers/system/clock/clock_samd21_r21_da/clock.o
 .debug_ranges  0x00000798       0x90 src/ASF/sam0/drivers/system/clock/clock_samd21_r21_da/gclk.o
 .debug_ranges  0x00000828       0x38 src/ASF/sam0/drivers/system/pinmux/pinmux.o
 .debug_ranges  0x00000860       0x18 src/ASF/sam0/drivers/system/system.o
 .debug_ranges  0x00000878       0x18 src/ASF/sam0/utils/cmsis/samd21/source/gcc/startup_samd21.o
 .debug_ranges  0x00000890       0x50 src/ASF/sam0/utils/syscalls/gcc/syscalls.o
 .debug_ranges  0x000008e0       0x38 src/main.o

.debug_macro    0x00000000    0x1e4ad
 .debug_macro   0x00000000      0x6b0 src/wdt.o
 .debug_macro   0x000006b0      0x8d4 src/wdt.o
 .debug_macro   0x00000f84      0x16d src/wdt.o
 .debug_macro   0x000010f1      0x652 src/wdt.o
 .debug_macro   0x00001743       0x22 src/wdt.o
 .debug_macro   0x00001765       0x87 src/wdt.o
 .debug_macro   0x000017ec       0x51 src/wdt.o
 .debug_macro   0x0000183d       0xef src/wdt.o
 .debug_macro   0x0000192c       0x6a src/wdt.o
 .debug_macro   0x00001996      0x1df src/wdt.o
 .debug_macro   0x00001b75       0x10 src/wdt.o
 .debug_macro   0x00001b85       0x76 src/wdt.o
 .debug_macro   0x00001bfb       0x16 src/wdt.o
 .debug_macro   0x00001c11      0x6e5 src/wdt.o
 .debug_macro   0x000022f6      0xde2 src/wdt.o
 .debug_macro   0x000030d8       0x22 src/wdt.o
 .debug_macro   0x000030fa       0x40 src/wdt.o
 .debug_macro   0x0000313a       0x3a src/wdt.o
 .debug_macro   0x00003174       0x1f src/wdt.o
 .debug_macro   0x00003193      0x250 src/wdt.o
 .debug_macro   0x000033e3      0x682 src/wdt.o
 .debug_macro   0x00003a65      0x8bf src/wdt.o
 .debug_macro   0x00004324      0x235 src/wdt.o
 .debug_macro   0x00004559      0xd6a src/wdt.o
 .debug_macro   0x000052c3      0x4ce src/wdt.o
 .debug_macro   0x00005791      0x9f8 src/wdt.o
 .debug_macro   0x00006189      0x82b src/wdt.o
 .debug_macro   0x000069b4      0x45f src/wdt.o
 .debug_macro   0x00006e13       0x5e src/wdt.o
 .debug_macro   0x00006e71      0x906 src/wdt.o
 .debug_macro   0x00007777      0x225 src/wdt.o
 .debug_macro   0x0000799c      0x963 src/wdt.o
 .debug_macro   0x000082ff       0x5e src/wdt.o
 .debug_macro   0x0000835d      0x671 src/wdt.o
 .debug_macro   0x000089ce      0x3af src/wdt.o
 .debug_macro   0x00008d7d      0xc7f src/wdt.o
 .debug_macro   0x000099fc     0x1092 src/wdt.o
 .debug_macro   0x0000aa8e      0xc4a src/wdt.o
 .debug_macro   0x0000b6d8      0x6bf src/wdt.o
 .debug_macro   0x0000bd97     0x1bc9 src/wdt.o
 .debug_macro   0x0000d960     0x144a src/wdt.o
 .debug_macro   0x0000edaa      0x34e src/wdt.o
 .debug_macro   0x0000f0f8       0x7c src/wdt.o
 .debug_macro   0x0000f174       0xa0 src/wdt.o
 .debug_macro   0x0000f214       0x4c src/wdt.o
 .debug_macro   0x0000f260       0xca src/wdt.o
 .debug_macro   0x0000f32a       0x94 src/wdt.o
 .debug_macro   0x0000f3be       0x58 src/wdt.o
 .debug_macro   0x0000f416      0x387 src/wdt.o
 .debug_macro   0x0000f79d       0x82 src/wdt.o
 .debug_macro   0x0000f81f      0x197 src/wdt.o
 .debug_macro   0x0000f9b6       0xb8 src/wdt.o
 .debug_macro   0x0000fa6e       0xa0 src/wdt.o
 .debug_macro   0x0000fb0e       0xb8 src/wdt.o
 .debug_macro   0x0000fbc6       0x1c src/wdt.o
 .debug_macro   0x0000fbe2       0x1c src/wdt.o
 .debug_macro   0x0000fbfe       0x1c src/wdt.o
 .debug_macro   0x0000fc1a       0x82 src/wdt.o
 .debug_macro   0x0000fc9c      0x161 src/wdt.o
 .debug_macro   0x0000fdfd       0xdc src/wdt.o
 .debug_macro   0x0000fed9      0x12f src/wdt.o
 .debug_macro   0x00010008      0x12f src/wdt.o
 .debug_macro   0x00010137      0x12f src/wdt.o
 .debug_macro   0x00010266      0x12f src/wdt.o
 .debug_macro   0x00010395      0x12f src/wdt.o
 .debug_macro   0x000104c4      0x12f src/wdt.o
 .debug_macro   0x000105f3      0x124 src/wdt.o
 .debug_macro   0x00010717       0xe2 src/wdt.o
 .debug_macro   0x000107f9       0xe2 src/wdt.o
 .debug_macro   0x000108db       0xe2 src/wdt.o
 .debug_macro   0x000109bd      0x133 src/wdt.o
 .debug_macro   0x00010af0      0x106 src/wdt.o
 .debug_macro   0x00010bf6       0xfa src/wdt.o
 .debug_macro   0x00010cf0      0x40f src/wdt.o
 .debug_macro   0x000110ff       0x40 src/wdt.o
 .debug_macro   0x0001113f      0x361 src/wdt.o
 .debug_macro   0x000114a0     0x16ed src/wdt.o
 .debug_macro   0x00012b8d       0x6d src/wdt.o
 .debug_macro   0x00012bfa       0x58 src/wdt.o
 .debug_macro   0x00012c52       0x35 src/wdt.o
 .debug_macro   0x00012c87       0x9c src/wdt.o
 .debug_macro   0x00012d23       0x16 src/wdt.o
 .debug_macro   0x00012d39       0x35 src/wdt.o
 .debug_macro   0x00012d6e      0x353 src/wdt.o
 .debug_macro   0x000130c1       0x10 src/wdt.o
 .debug_macro   0x000130d1       0x58 src/wdt.o
 .debug_macro   0x00013129       0x1f src/wdt.o
 .debug_macro   0x00013148       0x43 src/wdt.o
 .debug_macro   0x0001318b       0x20 src/wdt.o
 .debug_macro   0x000131ab      0x187 src/wdt.o
 .debug_macro   0x00013332       0x10 src/wdt.o
 .debug_macro   0x00013342       0x1c src/wdt.o
 .debug_macro   0x0001335e       0x52 src/wdt.o
 .debug_macro   0x000133b0       0x40 src/wdt.o
 .debug_macro   0x000133f0       0x10 src/wdt.o
 .debug_macro   0x00013400       0x40 src/wdt.o
 .debug_macro   0x00013440       0xd7 src/wdt.o
 .debug_macro   0x00013517       0x16 src/wdt.o
 .debug_macro   0x0001352d      0x18b src/wdt.o
 .debug_macro   0x000136b8       0x16 src/wdt.o
 .debug_macro   0x000136ce       0x16 src/wdt.o
 .debug_macro   0x000136e4       0x29 src/wdt.o
 .debug_macro   0x0001370d       0x51 src/wdt.o
 .debug_macro   0x0001375e       0x3f src/wdt.o
 .debug_macro   0x0001379d      0x3d1 src/wdt.o
 .debug_macro   0x00013b6e       0x11 src/wdt.o
 .debug_macro   0x00013b7f       0x18 src/wdt.o
 .debug_macro   0x00013b97       0x19 src/wdt.o
 .debug_macro   0x00013bb0       0x34 src/wdt.o
 .debug_macro   0x00013be4       0x16 src/wdt.o
 .debug_macro   0x00013bfa       0x1f src/wdt.o
 .debug_macro   0x00013c19      0x2bf src/wdt.o
 .debug_macro   0x00013ed8       0x18 src/wdt.o
 .debug_macro   0x00013ef0       0x2e src/wdt.o
 .debug_macro   0x00013f1e       0xb2 src/wdt.o
 .debug_macro   0x00013fd0       0x10 src/wdt.o
 .debug_macro   0x00013fe0       0x2d src/wdt.o
 .debug_macro   0x0001400d       0x50 src/wdt.o
 .debug_macro   0x0001405d       0x6c src/wdt.o
 .debug_macro   0x000140c9      0x539 src/ASF/common2/services/delay/sam0/cycle_counter.o
 .debug_macro   0x00014602       0x2e src/ASF/common2/services/delay/sam0/cycle_counter.o
 .debug_macro   0x00014630      0x565 src/ASF/sam0/drivers/adc/adc_sam_d_r/adc.o
 .debug_macro   0x00014b95      0x523 src/ASF/sam0/drivers/extint/extint_callback.o
 .debug_macro   0x000150b8       0x19 src/ASF/sam0/drivers/extint/extint_callback.o
 .debug_macro   0x000150d1      0x57e src/ASF/sam0/drivers/extint/extint_sam_d_r/extint.o
 .debug_macro   0x0001564f       0x16 src/ASF/sam0/drivers/extint/extint_sam_d_r/extint.o
 .debug_macro   0x00015665      0x518 src/ASF/sam0/drivers/port/port.o
 .debug_macro   0x00015b7d       0x12 src/ASF/sam0/drivers/port/port.o
 .debug_macro   0x00015b8f      0x592 src/ASF/sam0/drivers/sercom/i2c/i2c_sam0/i2c_master.o
 .debug_macro   0x00016121       0x27 src/ASF/sam0/drivers/sercom/i2c/i2c_sam0/i2c_master.o
 .debug_macro   0x00016148      0x58c src/ASF/sam0/drivers/sercom/sercom.o
 .debug_macro   0x000166d4      0x55d src/ASF/sam0/drivers/wdt/wdt.o
 .debug_macro   0x00016c31      0x576 src/ASF/sam0/drivers/wdt/wdt_callback.o
 .debug_macro   0x000171a7      0x6de src/ble_uart.o
 .debug_macro   0x00017885       0x5e src/ble_uart.o
 .debug_macro   0x000178e3       0xca src/ble_uart.o
 .debug_macro   0x000179ad      0x37c src/ble_uart.o
 .debug_macro   0x00017d29      0x71f src/cmd.o
 .debug_macro   0x00018448       0x16 src/cmd.o
 .debug_macro   0x0001845e       0x64 src/cmd.o
 .debug_macro   0x000184c2       0x1c src/cmd.o
 .debug_macro   0x000184de       0xb8 src/cmd.o
 .debug_macro   0x00018596       0x46 src/cmd.o
 .debug_macro   0x000185dc      0x6c0 src/i2c.o
 .debug_macro   0x00018c9c      0x6c9 src/mcp23017.o
 .debug_macro   0x00019365       0xc4 src/mcp23017.o
 .debug_macro   0x00019429       0x10 src/mcp23017.o
 .debug_macro   0x00019439      0x6bf src/msgeq7.o
 .debug_macro   0x00019af8       0x16 src/msgeq7.o
 .debug_macro   0x00019b0e      0x707 src/pwm.o
 .debug_macro   0x0001a215       0x16 src/pwm.o
 .debug_macro   0x0001a22b       0x1c src/pwm.o
 .debug_macro   0x0001a247      0x6cf src/sounds.o
 .debug_macro   0x0001a916       0xb2 src/sounds.o
 .debug_macro   0x0001a9c8      0x6dd src/uart.o
 .debug_macro   0x0001b0a5      0x6b1 src/ASF/common2/boards/user_board/init.o
 .debug_macro   0x0001b756      0x4fe src/ASF/common/utils/interrupt/interrupt_sam_nvic.o
 .debug_macro   0x0001bc54      0x570 src/ASF/sam0/drivers/system/clock/clock_samd21_r21_da/clock.o
 .debug_macro   0x0001c1c4      0x29d src/ASF/sam0/drivers/system/clock/clock_samd21_r21_da/clock.o
 .debug_macro   0x0001c461      0x534 src/ASF/sam0/drivers/system/clock/clock_samd21_r21_da/gclk.o
 .debug_macro   0x0001c995      0x50e src/ASF/sam0/drivers/system/pinmux/pinmux.o
 .debug_macro   0x0001cea3       0x12 src/ASF/sam0/drivers/system/pinmux/pinmux.o
 .debug_macro   0x0001ceb5      0x542 src/ASF/sam0/drivers/system/system.o
 .debug_macro   0x0001d3f7      0x2e5 src/ASF/sam0/utils/cmsis/samd21/source/gcc/startup_samd21.o
 .debug_macro   0x0001d6dc       0x3a src/ASF/sam0/utils/cmsis/samd21/source/gcc/startup_samd21.o
 .debug_macro   0x0001d716      0x1d6 src/ASF/sam0/utils/syscalls/gcc/syscalls.o
 .debug_macro   0x0001d8ec       0x52 src/ASF/sam0/utils/syscalls/gcc/syscalls.o
 .debug_macro   0x0001d93e       0x8d src/ASF/sam0/utils/syscalls/gcc/syscalls.o
 .debug_macro   0x0001d9cb       0x57 src/ASF/sam0/utils/syscalls/gcc/syscalls.o
 .debug_macro   0x0001da22       0x97 src/ASF/sam0/utils/syscalls/gcc/syscalls.o
 .debug_macro   0x0001dab9       0xf6 src/ASF/sam0/utils/syscalls/gcc/syscalls.o
 .debug_macro   0x0001dbaf       0x4c src/ASF/sam0/utils/syscalls/gcc/syscalls.o
 .debug_macro   0x0001dbfb       0x16 src/ASF/sam0/utils/syscalls/gcc/syscalls.o
 .debug_macro   0x0001dc11       0x10 src/ASF/sam0/utils/syscalls/gcc/syscalls.o
 .debug_macro   0x0001dc21       0x10 src/ASF/sam0/utils/syscalls/gcc/syscalls.o
 .debug_macro   0x0001dc31       0x35 src/ASF/sam0/utils/syscalls/gcc/syscalls.o
 .debug_macro   0x0001dc66      0x122 src/ASF/sam0/utils/syscalls/gcc/syscalls.o
 .debug_macro   0x0001dd88      0x715 src/main.o
 .debug_macro   0x0001e49d       0x10 src/main.o

.debug_line     0x00000000    0x1508f
 .debug_line    0x00000000      0xe9b src/wdt.o
 .debug_line    0x00000e9b      0x973 src/ASF/common2/services/delay/sam0/cycle_counter.o
 .debug_line    0x0000180e      0xc93 src/ASF/sam0/drivers/adc/adc_sam_d_r/adc.o
 .debug_line    0x000024a1      0x9b9 src/ASF/sam0/drivers/extint/extint_callback.o
 .debug_line    0x00002e5a      0xd08 src/ASF/sam0/drivers/extint/extint_sam_d_r/extint.o
 .debug_line    0x00003b62      0x8f9 src/ASF/sam0/drivers/port/port.o
 .debug_line    0x0000445b      0xe33 src/ASF/sam0/drivers/sercom/i2c/i2c_sam0/i2c_master.o
 .debug_line    0x0000528e      0xc1c src/ASF/sam0/drivers/sercom/sercom.o
 .debug_line    0x00005eaa      0xab0 src/ASF/sam0/drivers/wdt/wdt.o
 .debug_line    0x0000695a      0xb33 src/ASF/sam0/drivers/wdt/wdt_callback.o
 .debug_line    0x0000748d      0xfe0 src/ble_uart.o
 .debug_line    0x0000846d     0x1208 src/cmd.o
 .debug_line    0x00009675      0xf18 src/i2c.o
 .debug_line    0x0000a58d      0xfdf src/mcp23017.o
 .debug_line    0x0000b56c     0x101c src/msgeq7.o
 .debug_line    0x0000c588      0xf63 src/pwm.o
 .debug_line    0x0000d4eb      0xf82 src/sounds.o
 .debug_line    0x0000e46d      0xf76 src/uart.o
 .debug_line    0x0000f3e3      0xe58 src/ASF/common2/boards/user_board/init.o
 .debug_line    0x0001023b      0x8c7 src/ASF/common/utils/interrupt/interrupt_sam_nvic.o
 .debug_line    0x00010b02      0xcaa src/ASF/sam0/drivers/system/clock/clock_samd21_r21_da/clock.o
 .debug_line    0x000117ac      0xb9a src/ASF/sam0/drivers/system/clock/clock_samd21_r21_da/gclk.o
 .debug_line    0x00012346      0x96b src/ASF/sam0/drivers/system/pinmux/pinmux.o
 .debug_line    0x00012cb1      0x9e2 src/ASF/sam0/drivers/system/system.o
 .debug_line    0x00013693      0x665 src/ASF/sam0/utils/cmsis/samd21/source/gcc/startup_samd21.o
 .debug_line    0x00013cf8      0x411 src/ASF/sam0/utils/syscalls/gcc/syscalls.o
 .debug_line    0x00014109      0xf86 src/main.o

.debug_str      0x00000000    0x8abc1
 .debug_str     0x00000000    0x810e7 src/wdt.o
                              0x81abf (size before relaxing)
 .debug_str     0x000810e7       0x42 src/ASF/common2/services/delay/sam0/cycle_counter.o
                              0x7f6dd (size before relaxing)
 .debug_str     0x00081129     0x1935 src/ASF/sam0/drivers/adc/adc_sam_d_r/adc.o
                              0x810f1 (size before relaxing)
 .debug_str     0x00082a5e      0x4c6 src/ASF/sam0/drivers/extint/extint_callback.o
                              0x7fc51 (size before relaxing)
 .debug_str     0x00082f24      0x5e4 src/ASF/sam0/drivers/extint/extint_sam_d_r/extint.o
                              0x80c26 (size before relaxing)
 .debug_str     0x00083508      0x26e src/ASF/sam0/drivers/port/port.o
                              0x7f83a (size before relaxing)
 .debug_str     0x00083776      0x8b6 src/ASF/sam0/drivers/sercom/i2c/i2c_sam0/i2c_master.o
                              0x8146a (size before relaxing)
 .debug_str     0x0008402c      0x353 src/ASF/sam0/drivers/sercom/sercom.o
                              0x80ac3 (size before relaxing)
 .debug_str     0x0008437f      0x118 src/ASF/sam0/drivers/wdt/wdt.o
                              0x7fdf5 (size before relaxing)